/Users/harshvardhan/Code/ece3140/final_project/project/CMSIS/core_cm0plus.h:733:22:__NVIC_EnableIRQ	16	static
/Users/harshvardhan/Code/ece3140/final_project/project/CMSIS/core_cm0plus.h:840:22:__NVIC_SetPriority	24	static
/Users/harshvardhan/Code/ece3140/final_project/project/drivers/fsl_clock.h:601:20:CLOCK_EnableClock	24	static
/Users/harshvardhan/Code/ece3140/final_project/project/drivers/fsl_gpio.h:161:20:GPIO_PinWrite	24	static
/Users/harshvardhan/Code/ece3140/final_project/project/drivers/fsl_port.h:268:20:PORT_SetPinConfig	32	static
../source/main.c:72:13:i2c_release_bus_delay	16	static
../source/main.c:81:6:BOARD_I2C_ReleaseBus	16	static
../source/main.c:132:10:I2C0_GetFreq	8	static
../source/main.c:137:6:BOARD_I2C_ConfigurePins	16	static
../source/main.c:165:13:I2C_ReadAccelWhoAmI	72	static
../source/main.c:267:13:I2C_WriteAccelReg	48	static
../source/main.c:300:13:I2C_ReadAccelRegs	64	static
../source/main.c:332:13:i2c_master_callback	24	static
../source/main.c:347:8:magnitude	24	static
../source/main.c:351:6:led_color	32	static
../source/main.c:369:6:direction	80	static
../source/main.c:422:6:timer	8	static
../source/main.c:431:6:PIT_IRQHandler	8	static
../source/main.c:441:6:I2C0_IRQHandler	8	static
../source/main.c:446:5:main	8	static
