/Users/harshvardhan/Code/ece3140/final_project/project/CMSIS/core_cm0plus.h:733:22:__NVIC_EnableIRQ	16	static
/Users/harshvardhan/Code/ece3140/final_project/project/CMSIS/core_cm0plus.h:840:22:__NVIC_SetPriority	24	static
/Users/harshvardhan/Code/ece3140/final_project/project/drivers/fsl_clock.h:601:20:CLOCK_EnableClock	24	static
/Users/harshvardhan/Code/ece3140/final_project/project/drivers/fsl_gpio.h:161:20:GPIO_PinWrite	24	static
/Users/harshvardhan/Code/ece3140/final_project/project/drivers/fsl_port.h:268:20:PORT_SetPinConfig	32	static
../source/nsn.c:74:13:i2c_release_bus_delay	16	static
../source/nsn.c:83:6:BOARD_I2C_ReleaseBus	16	static
../source/nsn.c:134:10:I2C0_GetFreq	8	static
../source/nsn.c:139:6:BOARD_I2C_ConfigurePins	16	static
../source/nsn.c:167:13:I2C_ReadAccelWhoAmI	72	static
../source/nsn.c:281:13:I2C_WriteAccelReg	48	static
../source/nsn.c:317:13:I2C_ReadAccelRegs	64	static
../source/nsn.c:352:13:i2c_master_callback	24	static
../source/nsn.c:367:8:magnitude	24	static
../source/nsn.c:371:6:led_color	32	static
../source/nsn.c:397:6:direction	80	static
../source/nsn.c:462:6:timer	8	static
../source/nsn.c:471:6:PIT_IRQHandler	8	static
../source/nsn.c:484:6:I2C0_IRQHandler	8	static
../source/nsn.c:489:5:main	8	static
