../drivers/fsl_clock.h:601:20:CLOCK_EnableClock	24	static
../drivers/fsl_i2c.h:434:24:I2C_SlaveGetStatusFlags	16	static
../drivers/fsl_i2c_cmsis.c:110:27:I2Cx_GetVersion	16	static
../drivers/fsl_i2c_cmsis.c:115:29:I2Cx_GetCapabilities	8	static
../drivers/fsl_i2c_cmsis.c:735:13:KSDK_I2C_SLAVE_InterruptCallback	32	static
../drivers/fsl_i2c_cmsis.c:760:13:KSDK_I2C_MASTER_InterruptCallback	32	static
../drivers/fsl_i2c_cmsis.c:793:16:I2C_InterruptInitialize	16	static
../drivers/fsl_i2c_cmsis.c:804:16:I2C_InterruptUninitialize	16	static
../drivers/fsl_i2c_cmsis.c:810:9:I2C_Master_InterruptTransmit	56	static
../drivers/fsl_i2c_cmsis.c:869:9:I2C_Master_InterruptReceive	56	static
../drivers/fsl_i2c_cmsis.c:928:9:I2C_Slave_InterruptTransmit	32	static
../drivers/fsl_i2c_cmsis.c:963:9:I2C_Slave_InterruptReceive	32	static
../drivers/fsl_i2c_cmsis.c:999:9:I2C_InterruptGetDataCount	24	static
../drivers/fsl_i2c_cmsis.c:1015:9:I2C_InterruptControl	40	static
../drivers/fsl_i2c_cmsis.c:1085:16:I2C_InterruptPowerControl	16	static
../drivers/fsl_i2c_cmsis.c:1134:16:I2C_InterruptGetStatus	32	static
../drivers/fsl_i2c_cmsis.c:1318:16:I2C0_InterruptInitialize	16	static
../drivers/fsl_i2c_cmsis.c:1324:16:I2C0_InterruptUninitialize	8	static
../drivers/fsl_i2c_cmsis.c:1330:16:I2C0_InterruptPowerControl	16	static
../drivers/fsl_i2c_cmsis.c:1335:9:I2C0_Master_InterruptTransmit	40	static
../drivers/fsl_i2c_cmsis.c:1340:9:I2C0_Master_InterruptReceive	40	static
../drivers/fsl_i2c_cmsis.c:1345:9:I2C0_Slave_InterruptTransmit	16	static
../drivers/fsl_i2c_cmsis.c:1350:9:I2C0_Slave_InterruptReceive	16	static
../drivers/fsl_i2c_cmsis.c:1355:9:I2C0_InterruptGetDataCount	8	static
../drivers/fsl_i2c_cmsis.c:1360:9:I2C0_InterruptControl	16	static
../drivers/fsl_i2c_cmsis.c:1365:16:I2C0_InterruptGetStatus	8	static
