Archive member included to satisfy reference by file (symbol)

/Applications/MCUXpressoIDE_11.9.1_2170/ide/plugins/com.nxp.mcuxpresso.tools.macosx_11.9.1.202402080819/tools/bin/../lib/gcc/arm-none-eabi/12.3.1/../../../../arm-none-eabi/lib/thumb/v6-m/nofp/libcr_semihost_nf.a(_cr__main.o)
                              ./startup/startup_mkl46z4.o (__main)
/Applications/MCUXpressoIDE_11.9.1_2170/ide/plugins/com.nxp.mcuxpresso.tools.macosx_11.9.1.202402080819/tools/bin/../lib/gcc/arm-none-eabi/12.3.1/../../../../arm-none-eabi/lib/thumb/v6-m/nofp/libcr_semihost_nf.a(_cr_assert.o)
                              ./utilities/fsl_debug_console.o (__assertion_failed)
/Applications/MCUXpressoIDE_11.9.1_2170/ide/plugins/com.nxp.mcuxpresso.tools.macosx_11.9.1.202402080819/tools/bin/../lib/gcc/arm-none-eabi/12.3.1/../../../../arm-none-eabi/lib/thumb/v6-m/nofp/libcr_semihost_nf.a(__ciob.o)
                              /Applications/MCUXpressoIDE_11.9.1_2170/ide/plugins/com.nxp.mcuxpresso.tools.macosx_11.9.1.202402080819/tools/bin/../lib/gcc/arm-none-eabi/12.3.1/../../../../arm-none-eabi/lib/thumb/v6-m/nofp/libcr_semihost_nf.a(_cr_assert.o) (__Ciob)
/Applications/MCUXpressoIDE_11.9.1_2170/ide/plugins/com.nxp.mcuxpresso.tools.macosx_11.9.1.202402080819/tools/bin/../lib/gcc/arm-none-eabi/12.3.1/../../../../arm-none-eabi/lib/thumb/v6-m/nofp/libcr_semihost_nf.a(__sys_appexit.o)
                              /Applications/MCUXpressoIDE_11.9.1_2170/ide/plugins/com.nxp.mcuxpresso.tools.macosx_11.9.1.202402080819/tools/bin/../lib/gcc/arm-none-eabi/12.3.1/../../../../arm-none-eabi/lib/thumb/v6-m/nofp/libcr_semihost_nf.a(_cr_assert.o) (__sys_appexit)
/Applications/MCUXpressoIDE_11.9.1_2170/ide/plugins/com.nxp.mcuxpresso.tools.macosx_11.9.1.202402080819/tools/bin/../lib/gcc/arm-none-eabi/12.3.1/../../../../arm-none-eabi/lib/thumb/v6-m/nofp/libcr_c.a(memcpy.o)
                              ./drivers/fsl_ftfx_cache.o (memcpy)
/Applications/MCUXpressoIDE_11.9.1_2170/ide/plugins/com.nxp.mcuxpresso.tools.macosx_11.9.1.202402080819/tools/bin/../lib/gcc/arm-none-eabi/12.3.1/../../../../arm-none-eabi/lib/thumb/v6-m/nofp/libcr_c.a(memset.o)
                              ./drivers/fsl_dma.o (memset)
/Applications/MCUXpressoIDE_11.9.1_2170/ide/plugins/com.nxp.mcuxpresso.tools.macosx_11.9.1.202402080819/tools/bin/../lib/gcc/arm-none-eabi/12.3.1/../../../../arm-none-eabi/lib/thumb/v6-m/nofp/libcr_c.a(_deferredlazyseek.o)
                              /Applications/MCUXpressoIDE_11.9.1_2170/ide/plugins/com.nxp.mcuxpresso.tools.macosx_11.9.1.202402080819/tools/bin/../lib/gcc/arm-none-eabi/12.3.1/../../../../arm-none-eabi/lib/thumb/v6-m/nofp/libcr_semihost_nf.a(_cr_assert.o) (__flsbuf)
/Applications/MCUXpressoIDE_11.9.1_2170/ide/plugins/com.nxp.mcuxpresso.tools.macosx_11.9.1.202402080819/tools/bin/../lib/gcc/arm-none-eabi/12.3.1/../../../../arm-none-eabi/lib/thumb/v6-m/nofp/libcr_c.a(_fflush.o)
                              /Applications/MCUXpressoIDE_11.9.1_2170/ide/plugins/com.nxp.mcuxpresso.tools.macosx_11.9.1.202402080819/tools/bin/../lib/gcc/arm-none-eabi/12.3.1/../../../../arm-none-eabi/lib/thumb/v6-m/nofp/libcr_c.a(_deferredlazyseek.o) (_fflush)
/Applications/MCUXpressoIDE_11.9.1_2170/ide/plugins/com.nxp.mcuxpresso.tools.macosx_11.9.1.202402080819/tools/bin/../lib/gcc/arm-none-eabi/12.3.1/../../../../arm-none-eabi/lib/thumb/v6-m/nofp/libcr_c.a(_writebuf.o)
                              /Applications/MCUXpressoIDE_11.9.1_2170/ide/plugins/com.nxp.mcuxpresso.tools.macosx_11.9.1.202402080819/tools/bin/../lib/gcc/arm-none-eabi/12.3.1/../../../../arm-none-eabi/lib/thumb/v6-m/nofp/libcr_c.a(_deferredlazyseek.o) (_Cwritebuf)
/Applications/MCUXpressoIDE_11.9.1_2170/ide/plugins/com.nxp.mcuxpresso.tools.macosx_11.9.1.202402080819/tools/bin/../lib/gcc/arm-none-eabi/12.3.1/../../../../arm-none-eabi/lib/thumb/v6-m/nofp/libcr_c.a(alloc.o)
                              ./drivers/fsl_common.o (malloc)
/Applications/MCUXpressoIDE_11.9.1_2170/ide/plugins/com.nxp.mcuxpresso.tools.macosx_11.9.1.202402080819/tools/bin/../lib/gcc/arm-none-eabi/12.3.1/../../../../arm-none-eabi/lib/thumb/v6-m/nofp/libcr_c.a(fputs.o)
                              /Applications/MCUXpressoIDE_11.9.1_2170/ide/plugins/com.nxp.mcuxpresso.tools.macosx_11.9.1.202402080819/tools/bin/../lib/gcc/arm-none-eabi/12.3.1/../../../../arm-none-eabi/lib/thumb/v6-m/nofp/libcr_semihost_nf.a(_cr_assert.o) (fputs)
/Applications/MCUXpressoIDE_11.9.1_2170/ide/plugins/com.nxp.mcuxpresso.tools.macosx_11.9.1.202402080819/tools/bin/../lib/gcc/arm-none-eabi/12.3.1/../../../../arm-none-eabi/lib/thumb/v6-m/nofp/libcr_c.a(fseek.o)
                              /Applications/MCUXpressoIDE_11.9.1_2170/ide/plugins/com.nxp.mcuxpresso.tools.macosx_11.9.1.202402080819/tools/bin/../lib/gcc/arm-none-eabi/12.3.1/../../../../arm-none-eabi/lib/thumb/v6-m/nofp/libcr_c.a(_deferredlazyseek.o) (fseek)
[...]
Memory Configuration

Name             Origin             Length             Attributes
PROGRAM_FLASH    0x00000000         0x00040000         xr
SRAM             0x1fffe000         0x00008000         xrw
*default*        0x00000000         0xffffffff

Linker script and memory map

LOAD ./utilities/fsl_assert.o
LOAD ./utilities/fsl_debug_console.o
LOAD ./utilities/fsl_io.o
LOAD ./utilities/fsl_log.o
LOAD ./utilities/fsl_str.o
LOAD ./startup/startup_mkl46z4.o
LOAD ./source/cmsis_i2c_read_accel_value_transfer.o
LOAD ./source/mtb.o
LOAD ./source/semihost_hardfault.o
LOAD ./drivers/fsl_clock.o
LOAD ./drivers/fsl_common.o
LOAD ./drivers/fsl_dma.o
LOAD ./drivers/fsl_dmamux.o
LOAD ./drivers/fsl_ftfx_cache.o
LOAD ./drivers/fsl_ftfx_controller.o
LOAD ./drivers/fsl_ftfx_flash.o
LOAD ./drivers/fsl_ftfx_flexnvm.o
LOAD ./drivers/fsl_gpio.o
LOAD ./drivers/fsl_i2c.o
LOAD ./drivers/fsl_i2c_cmsis.o
LOAD ./drivers/fsl_i2c_dma.o
LOAD ./drivers/fsl_lpsci.o
LOAD ./drivers/fsl_smc.o
LOAD ./drivers/fsl_uart.o
LOAD ./board/src/board.o
LOAD ./board/src/clock_config.o
LOAD ./board/pin_mux.o
LOAD ./CMSIS/system_MKL46Z4.o
START GROUP
LOAD /Applications/MCUXpressoIDE_11.9.1_2170/ide/plugins/com.nxp.mcuxpresso.tools.macosx_11.9.1.202402080819/tools/bin/../lib/gcc/arm-none-eabi/12.3.1/../../../../arm-none-eabi/lib/thumb/v6-m/nofp/libcr_semihost_nf.a
LOAD /Applications/MCUXpressoIDE_11.9.1_2170/ide/plugins/com.nxp.mcuxpresso.tools.macosx_11.9.1.202402080819/tools/bin/../lib/gcc/arm-none-eabi/12.3.1/../../../../arm-none-eabi/lib/thumb/v6-m/nofp/libcr_c.a
LOAD /Applications/MCUXpressoIDE_11.9.1_2170/ide/plugins/com.nxp.mcuxpresso.tools.macosx_11.9.1.202402080819/tools/bin/../lib/gcc/arm-none-eabi/12.3.1/thumb/v6-m/nofp/libcr_eabihelpers.a
LOAD /Applications/MCUXpressoIDE_11.9.1_2170/ide/plugins/com.nxp.mcuxpresso.tools.macosx_11.9.1.202402080819/tools/bin/../lib/gcc/arm-none-eabi/12.3.1/thumb/v6-m/nofp/libgcc.a
END GROUP
                0x00000000                        __base_PROGRAM_FLASH = 0x0
                0x00000000                        __base_Flash = 0x0
                0x00040000                        __top_PROGRAM_FLASH = 0x40000
                0x00040000                        __top_Flash = 0x40000
                0x1fffe000                        __base_SRAM = 0x1fffe000
                0x1fffe000                        __base_RAM = 0x1fffe000
                0x20006000                        __top_SRAM = 0x20006000
                0x20006000                        __top_RAM = 0x20006000

.text           0x00000000     0x67e0
 FILL mask 0xff
                0x00000000                        __vectors_start__ = ABSOLUTE (.)
 *(SORT_BY_ALIGNMENT(.isr_vector))
 .isr_vector    0x00000000       0xc0 ./startup/startup_mkl46z4.o
                0x00000000                __Vectors
                0x00000000                g_pfnVectors
                0x000000c0                        . = ALIGN (0x4)
                0x000000c0                        __section_table_start = .
                0x000000c0                        __data_section_table = .
                0x000000c0        0x4 LONG 0x67e0 LOADADDR (.data)
                0x000000c4        0x4 LONG 0x1fffe080 ADDR (.data)
                0x000000c8        0x4 LONG 0x1c SIZEOF (.data)
                0x000000cc                        __data_section_table_end = .
                0x000000cc                        __bss_section_table = .
                0x000000cc        0x4 LONG 0x1fffe09c ADDR (.bss)
                0x000000d0        0x4 LONG 0x134 SIZEOF (.bss)
                0x000000d4                        __bss_section_table_end = .
                0x000000d4                        __section_table_end = .
 *(SORT_BY_ALIGNMENT(.after_vectors*))
 .after_vectors.reset
                0x000000d4       0x4c ./startup/startup_mkl46z4.o
                0x000000d4                ResetISR
 .after_vectors.init_data
                0x00000120       0x12 ./startup/startup_mkl46z4.o
                0x00000120                data_init
 .after_vectors.init_bss
                0x00000132       0x10 ./startup/startup_mkl46z4.o
                0x00000132                bss_init
 .after_vectors
                0x00000142      0x10c ./startup/startup_mkl46z4.o
                0x00000142                NMI_Handler
                0x00000146                SVC_Handler
                0x00000148                PendSV_Handler
                0x0000014a                SysTick_Handler
                0x0000014c                PORTC_PORTD_DriverIRQHandler
                0x0000014c                CMP0_DriverIRQHandler
                0x0000014c                ADC0_DriverIRQHandler
                0x0000014c                I2S0_DriverIRQHandler
                0x0000014c                SPI0_DriverIRQHandler
                0x0000014c                TPM2_DriverIRQHandler
                0x0000014c                DAC0_DriverIRQHandler
                0x0000014c                PIT_DriverIRQHandler
                0x0000014c                SPI1_DriverIRQHandler
                0x0000014c                LPTMR0_DriverIRQHandler
                0x0000014c                LVD_LVW_DriverIRQHandler
                0x0000014c                LCD_DriverIRQHandler
                0x0000014c                RTC_DriverIRQHandler
                0x0000014c                TSI0_DriverIRQHandler
                0x0000014c                RTC_Seconds_DriverIRQHandler
                0x0000014c                TPM1_DriverIRQHandler
                0x0000014c                PORTA_DriverIRQHandler
                0x0000014c                LLWU_DriverIRQHandler
                0x0000014c                MCG_DriverIRQHandler
                0x0000014c                Reserved20_DriverIRQHandler
                0x0000014c                TPM0_DriverIRQHandler
                0x0000014c                FTFA_DriverIRQHandler
                0x0000014c                IntDefaultHandler
                0x0000014c                USB0_DriverIRQHandler
                0x0000014e                DMA0_IRQHandler
                0x00000156                DMA1_IRQHandler
                0x0000015e                DMA2_IRQHandler
                0x00000166                DMA3_IRQHandler
                0x0000016e                Reserved20_IRQHandler
                0x00000176                FTFA_IRQHandler
                0x0000017e                LVD_LVW_IRQHandler
                0x00000186                LLWU_IRQHandler
                0x0000018e                I2C0_IRQHandler
                0x00000196                I2C1_IRQHandler
                0x0000019e                SPI0_IRQHandler
                0x000001a6                SPI1_IRQHandler
                0x000001ae                UART0_IRQHandler
                0x000001b6                UART1_IRQHandler
                0x000001be                UART2_IRQHandler
                0x000001c6                ADC0_IRQHandler
                0x000001ce                CMP0_IRQHandler
                0x000001d6                TPM0_IRQHandler
                0x000001de                TPM1_IRQHandler
                0x000001e6                TPM2_IRQHandler
                0x000001ee                RTC_IRQHandler
                0x000001f6                RTC_Seconds_IRQHandler
                0x000001fe                PIT_IRQHandler
                0x00000206                I2S0_IRQHandler
                0x0000020e                USB0_IRQHandler
                0x00000216                DAC0_IRQHandler
                0x0000021e                TSI0_IRQHandler
                0x00000226                MCG_IRQHandler
                0x0000022e                LPTMR0_IRQHandler
                0x00000236                LCD_IRQHandler
                0x0000023e                PORTA_IRQHandler
                0x00000246                PORTC_PORTD_IRQHandler
                0x00000400                        . = 0x400
 *fill*         0x0000024e      0x1b2 ff
                0x00000400                        PROVIDE (__FLASH_CONFIG_START__ = .)
 *(SORT_BY_ALIGNMENT(.FlashConfig))
 .FlashConfig   0x00000400       0x10 ./startup/startup_mkl46z4.o
                0x00000400                Flash_Config
                0x00000410                        PROVIDE (__FLASH_CONFIG_END__ = .)
                0x00000001                        ASSERT (! ((__FLASH_CONFIG_START__ == __FLASH_CONFIG_END__)), Linker Flash Config Support Enabled, but no .FlashConfig section provided within application)
 *(SORT_BY_ALIGNMENT(.text*))
 .text.DbgConsole_Init
                0x00000410       0x40 ./utilities/fsl_debug_console.o
                0x00000410                DbgConsole_Init
 .text.IO_Init  0x00000450       0xc8 ./utilities/fsl_io.o
                0x00000450                IO_Init
 .text.CLOCK_EnableClock
                0x00000518       0x34 ./source/cmsis_i2c_read_accel_value_transfer.o
 .text.PORT_SetPinConfig
                0x0000054c       0x38 ./source/cmsis_i2c_read_accel_value_transfer.o
 .text.BOARD_I2C_ReleaseBus
                0x00000584      0x124 ./source/cmsis_i2c_read_accel_value_transfer.o
                0x00000584                BOARD_I2C_ReleaseBus
 .text.I2C_MasterSignalEvent_t
                0x000006a8       0x30 ./source/cmsis_i2c_read_accel_value_transfer.o
                0x000006a8                I2C_MasterSignalEvent_t
 .text.I2C_ReadAccelWhoAmI
                0x000006d8      0x1d0 ./source/cmsis_i2c_read_accel_value_transfer.o
 .text.I2C_WriteAccelReg
                0x000008a8       0x94 ./source/cmsis_i2c_read_accel_value_transfer.o
 .text.I2C_ReadAccelRegs
                0x0000093c       0xbc ./source/cmsis_i2c_read_accel_value_transfer.o
 .text.main     0x000009f8      0x26c ./source/cmsis_i2c_read_accel_value_transfer.o
                0x000009f8                main
 .text.HardFault_Handler
                0x00000c64       0x38 ./source/semihost_hardfault.o
                0x00000c64                HardFault_Handler
 .text.CLOCK_SetEr32kClock
                0x00000c9c       0x34 ./drivers/fsl_clock.o
 .text.CLOCK_SetPllFllSelClock
                0x00000cd0       0x38 ./drivers/fsl_clock.o
 .text.CLOCK_GetMcgExtClkFreq
                0x00000d08       0x28 ./drivers/fsl_clock.o
 .text.CLOCK_GetFllExtRefClkFreq
                0x00000d30       0xa8 ./drivers/fsl_clock.o
 .text.CLOCK_GetInternalRefClkSelectFreq
                0x00000dd8       0x40 ./drivers/fsl_clock.o
 .text.CLOCK_GetFllRefClkFreq
                0x00000e18       0x2c ./drivers/fsl_clock.o
 .text.CLOCK_GetOscRangeFromFreq
                0x00000e44       0x4c ./drivers/fsl_clock.o
 .text.CLOCK_GetOsc0ErClkFreq
                0x00000e90       0x3c ./drivers/fsl_clock.o
                0x00000e90                CLOCK_GetOsc0ErClkFreq
 .text.CLOCK_GetEr32kClkFreq
                0x00000ecc       0x78 ./drivers/fsl_clock.o
                0x00000ecc                CLOCK_GetEr32kClkFreq
 .text.CLOCK_GetPllFllSelClkFreq
                0x00000f44       0x4c ./drivers/fsl_clock.o
                0x00000f44                CLOCK_GetPllFllSelClkFreq
 .text.CLOCK_GetFreq
                0x00000f90       0xe0 ./drivers/fsl_clock.o
                0x00000f90                CLOCK_GetFreq
 .text.CLOCK_SetSimConfig
                0x00001070       0x38 ./drivers/fsl_clock.o
                0x00001070                CLOCK_SetSimConfig
 .text.CLOCK_GetOutClkFreq
                0x000010a8       0x78 ./drivers/fsl_clock.o
                0x000010a8                CLOCK_GetOutClkFreq
 .text.CLOCK_GetFllFreq
                0x00001120       0x84 ./drivers/fsl_clock.o
                0x00001120                CLOCK_GetFllFreq
 .text.CLOCK_GetInternalRefClkFreq
                0x000011a4       0x28 ./drivers/fsl_clock.o
                0x000011a4                CLOCK_GetInternalRefClkFreq
 .text.CLOCK_GetPll0Freq
                0x000011cc       0x70 ./drivers/fsl_clock.o
                0x000011cc                CLOCK_GetPll0Freq
 .text.CLOCK_SetInternalRefClkConfig
                0x0000123c      0x124 ./drivers/fsl_clock.o
                0x0000123c                CLOCK_SetInternalRefClkConfig
 .text.CLOCK_EnablePll0
                0x00001360       0x94 ./drivers/fsl_clock.o
                0x00001360                CLOCK_EnablePll0
 .text.CLOCK_InitOsc0
                0x000013f4       0x94 ./drivers/fsl_clock.o
                0x000013f4                CLOCK_InitOsc0
 .text.CLOCK_SetPbeMode
                0x00001488       0xb0 ./drivers/fsl_clock.o
                0x00001488                CLOCK_SetPbeMode
 .text.CLOCK_BootToPeeMode
                0x00001538       0x70 ./drivers/fsl_clock.o
                0x00001538                CLOCK_BootToPeeMode
 .text.DMA_ClearChannelStatusFlags
                0x000015a8       0x54 ./drivers/fsl_dma.o
 .text.DMA_HandleIRQ
                0x000015fc       0x4c ./drivers/fsl_dma.o
                0x000015fc                DMA_HandleIRQ
 .text.DMA0_DriverIRQHandler
                0x00001648       0x18 ./drivers/fsl_dma.o
                0x00001648                DMA0_DriverIRQHandler
 .text.DMA1_DriverIRQHandler
                0x00001660       0x18 ./drivers/fsl_dma.o
                0x00001660                DMA1_DriverIRQHandler
 .text.DMA2_DriverIRQHandler
                0x00001678       0x18 ./drivers/fsl_dma.o
                0x00001678                DMA2_DriverIRQHandler
 .text.DMA3_DriverIRQHandler
                0x00001690       0x18 ./drivers/fsl_dma.o
                0x00001690                DMA3_DriverIRQHandler
 .text.GPIO_PinInit
                0x000016a8       0x64 ./drivers/fsl_gpio.o
                0x000016a8                GPIO_PinInit
 .text.__NVIC_EnableIRQ
                0x0000170c       0x34 ./drivers/fsl_i2c.o
 .text.CLOCK_DisableClock
                0x00001740       0x38 ./drivers/fsl_i2c.o
 .text.I2C_GetInstance
                0x00001778       0x4c ./drivers/fsl_i2c.o
                0x00001778                I2C_GetInstance
 .text.I2C_InitTransferStateMachine
                0x000017c4       0xe8 ./drivers/fsl_i2c.o
 .text.I2C_CheckAndClearError
                0x000018ac       0x40 ./drivers/fsl_i2c.o
 .text.I2C_MasterTransferRunStateMachine
                0x000018ec      0x26c ./drivers/fsl_i2c.o
 .text.I2C_TransferCommonIRQHandler
                0x00001b58       0x58 ./drivers/fsl_i2c.o
 .text.I2C_MasterDeinit
                0x00001bb0       0x34 ./drivers/fsl_i2c.o
                0x00001bb0                I2C_MasterDeinit
 .text.I2C_MasterSetBaudRate
                0x00001be4       0xf0 ./drivers/fsl_i2c.o
                0x00001be4                I2C_MasterSetBaudRate
 .text.I2C_MasterStart
                0x00001cd4       0x74 ./drivers/fsl_i2c.o
                0x00001cd4                I2C_MasterStart
 .text.I2C_MasterRepeatedStart
                0x00001d48       0xbc ./drivers/fsl_i2c.o
                0x00001d48                I2C_MasterRepeatedStart
 .text.I2C_MasterTransferCreateHandle
                0x00001e04       0x7c ./drivers/fsl_i2c.o
                0x00001e04                I2C_MasterTransferCreateHandle
 .text.I2C_MasterTransferNonBlocking
                0x00001e80       0x70 ./drivers/fsl_i2c.o
                0x00001e80                I2C_MasterTransferNonBlocking
 .text.I2C_MasterTransferAbort
                0x00001ef0       0xd4 ./drivers/fsl_i2c.o
                0x00001ef0                I2C_MasterTransferAbort
 .text.I2C_MasterTransferHandleIRQ
                0x00001fc4       0xbc ./drivers/fsl_i2c.o
                0x00001fc4                I2C_MasterTransferHandleIRQ
 .text.I2C_SlaveTransferCreateHandle
                0x00002080       0x7c ./drivers/fsl_i2c.o
                0x00002080                I2C_SlaveTransferCreateHandle
 .text.I2C_SlaveTransferNonBlocking
                0x000020fc       0x7c ./drivers/fsl_i2c.o
                0x000020fc                I2C_SlaveTransferNonBlocking
 .text.I2C_SlaveTransferAbort
                0x00002178       0x4c ./drivers/fsl_i2c.o
                0x00002178                I2C_SlaveTransferAbort
 .text.I2C_SlaveTransferHandleIRQ
                0x000021c4      0x354 ./drivers/fsl_i2c.o
                0x000021c4                I2C_SlaveTransferHandleIRQ
 .text.I2C0_DriverIRQHandler
                0x00002518       0x20 ./drivers/fsl_i2c.o
                0x00002518                I2C0_DriverIRQHandler
 .text.I2C1_DriverIRQHandler
                0x00002538       0x20 ./drivers/fsl_i2c.o
                0x00002538                I2C1_DriverIRQHandler
 .text.CLOCK_EnableClock
                0x00002558       0x34 ./drivers/fsl_i2c_cmsis.o
 .text.I2Cx_GetVersion
                0x0000258c       0x34 ./drivers/fsl_i2c_cmsis.o
 .text.KSDK_I2C_MASTER_InterruptCallback
                0x000025c0       0x64 ./drivers/fsl_i2c_cmsis.o
 .text.I2C_Master_InterruptTransmit
                0x00002624      0x108 ./drivers/fsl_i2c_cmsis.o
                0x00002624                I2C_Master_InterruptTransmit
 .text.I2C_Master_InterruptReceive
                0x0000272c      0x108 ./drivers/fsl_i2c_cmsis.o
                0x0000272c                I2C_Master_InterruptReceive
 .text.I2C_Slave_InterruptTransmit
                0x00002834       0x88 ./drivers/fsl_i2c_cmsis.o
                0x00002834                I2C_Slave_InterruptTransmit
 .text.I2C_Slave_InterruptReceive
                0x000028bc       0x94 ./drivers/fsl_i2c_cmsis.o
                0x000028bc                I2C_Slave_InterruptReceive
 .text.I2C_InterruptControl
                0x00002950      0x154 ./drivers/fsl_i2c_cmsis.o
                0x00002950                I2C_InterruptControl
 .text.I2C_InterruptPowerControl
                0x00002aa4       0xbc ./drivers/fsl_i2c_cmsis.o
 .text.I2C0_InterruptInitialize
                0x00002b60       0x28 ./drivers/fsl_i2c_cmsis.o
 .text.I2C0_InterruptUninitialize
                0x00002b88       0x1c ./drivers/fsl_i2c_cmsis.o
 .text.I2C0_InterruptPowerControl
                0x00002ba4       0x28 ./drivers/fsl_i2c_cmsis.o
 .text.I2C0_Master_InterruptTransmit
                0x00002bcc       0x34 ./drivers/fsl_i2c_cmsis.o
                0x00002bcc                I2C0_Master_InterruptTransmit
 .text.I2C0_Master_InterruptReceive
                0x00002c00       0x34 ./drivers/fsl_i2c_cmsis.o
                0x00002c00                I2C0_Master_InterruptReceive
 .text.I2C0_Slave_InterruptTransmit
                0x00002c34       0x24 ./drivers/fsl_i2c_cmsis.o
                0x00002c34                I2C0_Slave_InterruptTransmit
 .text.I2C0_Slave_InterruptReceive
                0x00002c58       0x24 ./drivers/fsl_i2c_cmsis.o
                0x00002c58                I2C0_Slave_InterruptReceive
 .text.I2C0_InterruptGetDataCount
                0x00002c7c       0x18 ./drivers/fsl_i2c_cmsis.o
                0x00002c7c                I2C0_InterruptGetDataCount
 .text.I2C0_InterruptControl
                0x00002c94       0x24 ./drivers/fsl_i2c_cmsis.o
                0x00002c94                I2C0_InterruptControl
 .text.I2C0_InterruptGetStatus
                0x00002cb8       0x18 ./drivers/fsl_i2c_cmsis.o
                0x00002cb8                I2C0_InterruptGetStatus
 .text.CLOCK_EnableClock
                0x00002cd0       0x34 ./drivers/fsl_lpsci.o
 .text.LPSCI_GetInstance
                0x00002d04       0x48 ./drivers/fsl_lpsci.o
                0x00002d04                LPSCI_GetInstance
 .text.LPSCI_Init
                0x00002d4c      0x270 ./drivers/fsl_lpsci.o
                0x00002d4c                LPSCI_Init
 .text.LPSCI_GetDefaultConfig
                0x00002fbc       0x48 ./drivers/fsl_lpsci.o
                0x00002fbc                LPSCI_GetDefaultConfig
 .text.UART0_DriverIRQHandler
                0x00003004       0x24 ./drivers/fsl_lpsci.o
                0x00003004                UART0_DriverIRQHandler
 .text.CLOCK_EnableClock
                0x00003028       0x34 ./drivers/fsl_uart.o
 .text.UART_GetInstance
                0x0000305c       0x54 ./drivers/fsl_uart.o
                0x0000305c                UART_GetInstance
 .text.UART_Init
                0x000030b0      0x1f8 ./drivers/fsl_uart.o
                0x000030b0                UART_Init
 .text.UART_GetDefaultConfig
                0x000032a8       0x48 ./drivers/fsl_uart.o
                0x000032a8                UART_GetDefaultConfig
 .text.UART1_DriverIRQHandler
                0x000032f0       0x24 ./drivers/fsl_uart.o
                0x000032f0                UART1_DriverIRQHandler
 .text.UART2_DriverIRQHandler
                0x00003314       0x24 ./drivers/fsl_uart.o
                0x00003314                UART2_DriverIRQHandler
 .text.CLOCK_SetLpsci0Clock
                0x00003338       0x38 ./board/src/board.o
 .text.BOARD_InitDebugConsole
                0x00003370       0x30 ./board/src/board.o
                0x00003370                BOARD_InitDebugConsole
 .text.CLOCK_SetSimSafeDivs
                0x000033a0       0x20 ./board/src/clock_config.o
 .text.CLOCK_SetXtal0Freq
                0x000033c0       0x1c ./board/src/clock_config.o
 .text.CLOCK_CONFIG_SetFllExtRefDiv
                0x000033dc       0x3c ./board/src/clock_config.o
 .text.BOARD_BootClockRUN
                0x00003418       0x64 ./board/src/clock_config.o
                0x00003418                BOARD_BootClockRUN
 .text.CLOCK_EnableClock
                0x0000347c       0x34 ./board/pin_mux.o
 .text.PORT_SetPinConfig
                0x000034b0       0x38 ./board/pin_mux.o
 .text.PORT_SetPinMux
                0x000034e8       0x40 ./board/pin_mux.o
 .text.BOARD_InitPins
                0x00003528       0x4c ./board/pin_mux.o
                0x00003528                BOARD_InitPins
 .text.I2C0_InitPins
                0x00003574       0x8c ./board/pin_mux.o
                0x00003574                I2C0_InitPins
 .text.I2C0_DeinitPins
                0x00003600       0x34 ./board/pin_mux.o
                0x00003600                I2C0_DeinitPins
 .text.SystemInit
                0x00003634       0x1c ./CMSIS/system_MKL46Z4.o
                0x00003634                SystemInit
 .text.__assertion_failed
                0x00003650       0x50 /Applications/MCUXpressoIDE_11.9.1_2170/ide/plugins/com.nxp.mcuxpresso.tools.macosx_11.9.1.202402080819/tools/bin/../lib/gcc/arm-none-eabi/12.3.1/../../../../arm-none-eabi/lib/thumb/v6-m/nofp/libcr_semihost_nf.a(_cr_assert.o)
                0x00003650                __assertion_failed
 .text.__sys_appexit
                0x000036a0        0xc /Applications/MCUXpressoIDE_11.9.1_2170/ide/plugins/com.nxp.mcuxpresso.tools.macosx_11.9.1.202402080819/tools/bin/../lib/gcc/arm-none-eabi/12.3.1/../../../../arm-none-eabi/lib/thumb/v6-m/nofp/libcr_semihost_nf.a(__sys_appexit.o)
                0x000036a0                __exit
                0x000036a0                __sys_appexit
 .text._deferredlazyseek
                0x000036ac       0x40 /Applications/MCUXpressoIDE_11.9.1_2170/ide/plugins/com.nxp.mcuxpresso.tools.macosx_11.9.1.202402080819/tools/bin/../lib/gcc/arm-none-eabi/12.3.1/../../../../arm-none-eabi/lib/thumb/v6-m/nofp/libcr_c.a(_deferredlazyseek.o)
                0x000036ac                _deferredlazyseek
 .text.__flsbuf
                0x000036ec      0x150 /Applications/MCUXpressoIDE_11.9.1_2170/ide/plugins/com.nxp.mcuxpresso.tools.macosx_11.9.1.202402080819/tools/bin/../lib/gcc/arm-none-eabi/12.3.1/../../../../arm-none-eabi/lib/thumb/v6-m/nofp/libcr_c.a(_deferredlazyseek.o)
                0x000036ec                __flsbuf
 .text._fflush  0x0000383c       0x5c /Applications/MCUXpressoIDE_11.9.1_2170/ide/plugins/com.nxp.mcuxpresso.tools.macosx_11.9.1.202402080819/tools/bin/../lib/gcc/arm-none-eabi/12.3.1/../../../../arm-none-eabi/lib/thumb/v6-m/nofp/libcr_c.a(_fflush.o)
                0x0000383c                _fflush
 .text._Cwritebuf
                0x00003898       0x68 /Applications/MCUXpressoIDE_11.9.1_2170/ide/plugins/com.nxp.mcuxpresso.tools.macosx_11.9.1.202402080819/tools/bin/../lib/gcc/arm-none-eabi/12.3.1/../../../../arm-none-eabi/lib/thumb/v6-m/nofp/libcr_c.a(_writebuf.o)
                0x00003898                _Cwritebuf
 .text.malloc   0x00003900       0xdc /Applications/MCUXpressoIDE_11.9.1_2170/ide/plugins/com.nxp.mcuxpresso.tools.macosx_11.9.1.202402080819/tools/bin/../lib/gcc/arm-none-eabi/12.3.1/../../../../arm-none-eabi/lib/thumb/v6-m/nofp/libcr_c.a(alloc.o)
                0x00003900                malloc
 .text._Csys_alloc
                0x000039dc       0x20 /Applications/MCUXpressoIDE_11.9.1_2170/ide/plugins/com.nxp.mcuxpresso.tools.macosx_11.9.1.202402080819/tools/bin/../lib/gcc/arm-none-eabi/12.3.1/../../../../arm-none-eabi/lib/thumb/v6-m/nofp/libcr_c.a(alloc.o)
                0x000039dc                _Csys_alloc
 .text.fseek    0x000039fc       0xec /Applications/MCUXpressoIDE_11.9.1_2170/ide/plugins/com.nxp.mcuxpresso.tools.macosx_11.9.1.202402080819/tools/bin/../lib/gcc/arm-none-eabi/12.3.1/../../../../arm-none-eabi/lib/thumb/v6-m/nofp/libcr_c.a(fseek.o)
                0x000039fc                fseek
 .text.ftell    0x00003ae8       0x4c /Applications/MCUXpressoIDE_11.9.1_2170/ide/plugins/com.nxp.mcuxpresso.tools.macosx_11.9.1.202402080819/tools/bin/../lib/gcc/arm-none-eabi/12.3.1/../../../../arm-none-eabi/lib/thumb/v6-m/nofp/libcr_c.a(ftell.o)
                0x00003ae8                ftell
 .text._initio  0x00003b34       0x7c /Applications/MCUXpressoIDE_11.9.1_2170/ide/plugins/com.nxp.mcuxpresso.tools.macosx_11.9.1.202402080819/tools/bin/../lib/gcc/arm-none-eabi/12.3.1/../../../../arm-none-eabi/lib/thumb/v6-m/nofp/libcr_c.a(initio.o)
                0x00003b34                _initio
 .text.__vfprintf
                0x00003bb0      0xd88 /Applications/MCUXpressoIDE_11.9.1_2170/ide/plugins/com.nxp.mcuxpresso.tools.macosx_11.9.1.202402080819/tools/bin/../lib/gcc/arm-none-eabi/12.3.1/../../../../arm-none-eabi/lib/thumb/v6-m/nofp/libcr_c.a(printf.o)
                0x00003bb0                __vfprintf
 .text._vsnprintf
                0x00004938       0x70 /Applications/MCUXpressoIDE_11.9.1_2170/ide/plugins/com.nxp.mcuxpresso.tools.macosx_11.9.1.202402080819/tools/bin/../lib/gcc/arm-none-eabi/12.3.1/../../../../arm-none-eabi/lib/thumb/v6-m/nofp/libcr_c.a(printf.o)
                0x00004938                _vsnprintf
 .text._printf  0x000049a8       0x50 /Applications/MCUXpressoIDE_11.9.1_2170/ide/plugins/com.nxp.mcuxpresso.tools.macosx_11.9.1.202402080819/tools/bin/../lib/gcc/arm-none-eabi/12.3.1/../../../../arm-none-eabi/lib/thumb/v6-m/nofp/libcr_c.a(printf.o)
                0x000049a8                _printf
 .text.setvbuf  0x000049f8       0x4c /Applications/MCUXpressoIDE_11.9.1_2170/ide/plugins/com.nxp.mcuxpresso.tools.macosx_11.9.1.202402080819/tools/bin/../lib/gcc/arm-none-eabi/12.3.1/../../../../arm-none-eabi/lib/thumb/v6-m/nofp/libcr_c.a(setvbuf.o)
                0x000049f8                setvbuf
 .text.sqrt     0x00004a44      0x130 /Applications/MCUXpressoIDE_11.9.1_2170/ide/plugins/com.nxp.mcuxpresso.tools.macosx_11.9.1.202402080819/tools/bin/../lib/gcc/arm-none-eabi/12.3.1/../../../../arm-none-eabi/lib/thumb/v6-m/nofp/libcr_c.a(sqrt.o)
                0x00004a44                sqrt
 .text.strlen   0x00004b74       0x5c /Applications/MCUXpressoIDE_11.9.1_2170/ide/plugins/com.nxp.mcuxpresso.tools.macosx_11.9.1.202402080819/tools/bin/../lib/gcc/arm-none-eabi/12.3.1/../../../../arm-none-eabi/lib/thumb/v6-m/nofp/libcr_c.a(strlen.o)
                0x00004b74                strlen
 .text._sbrk    0x00004bd0       0x44 /Applications/MCUXpressoIDE_11.9.1_2170/ide/plugins/com.nxp.mcuxpresso.tools.macosx_11.9.1.202402080819/tools/bin/../lib/gcc/arm-none-eabi/12.3.1/../../../../arm-none-eabi/lib/thumb/v6-m/nofp/libcr_c.a(_cr_sbrk.o)
                0x00004bd0                _sbrk
 .text._fdopen  0x00004c14       0x74 /Applications/MCUXpressoIDE_11.9.1_2170/ide/plugins/com.nxp.mcuxpresso.tools.macosx_11.9.1.202402080819/tools/bin/../lib/gcc/arm-none-eabi/12.3.1/../../../../arm-none-eabi/lib/thumb/v6-m/nofp/libcr_c.a(_fdopen.o)
                0x00004c14                _fdopen
 .text.fclose   0x00004c88       0x5c /Applications/MCUXpressoIDE_11.9.1_2170/ide/plugins/com.nxp.mcuxpresso.tools.macosx_11.9.1.202402080819/tools/bin/../lib/gcc/arm-none-eabi/12.3.1/../../../../arm-none-eabi/lib/thumb/v6-m/nofp/libcr_c.a(fclose.o)
                0x00004c88                fclose
 .text.fflush   0x00004ce4       0x40 /Applications/MCUXpressoIDE_11.9.1_2170/ide/plugins/com.nxp.mcuxpresso.tools.macosx_11.9.1.202402080819/tools/bin/../lib/gcc/arm-none-eabi/12.3.1/../../../../arm-none-eabi/lib/thumb/v6-m/nofp/libcr_c.a(fflush.o)
                0x00004ce4                fflush
 .text.__check_heap_overflow
                0x00004d24       0x18 /Applications/MCUXpressoIDE_11.9.1_2170/ide/plugins/com.nxp.mcuxpresso.tools.macosx_11.9.1.202402080819/tools/bin/../lib/gcc/arm-none-eabi/12.3.1/../../../../arm-none-eabi/lib/thumb/v6-m/nofp/libcr_c.a(_cr_check_heap.o)
                0x00004d24                __check_heap_overflow
 .text._do_fflush
                0x00004d3c       0x48 /Applications/MCUXpressoIDE_11.9.1_2170/ide/plugins/com.nxp.mcuxpresso.tools.macosx_11.9.1.202402080819/tools/bin/../lib/gcc/arm-none-eabi/12.3.1/../../../../arm-none-eabi/lib/thumb/v6-m/nofp/libcr_c.a(_do_fflush.o)
                0x00004d3c                _do_fflush
 .text.__aeabi_dmul
                0x00004d84      0x194 /Applications/MCUXpressoIDE_11.9.1_2170/ide/plugins/com.nxp.mcuxpresso.tools.macosx_11.9.1.202402080819/tools/bin/../lib/gcc/arm-none-eabi/12.3.1/thumb/v6-m/nofp/libcr_eabihelpers.a(double.o)
                0x00004d84                __aeabi_dmul
 .text.__aeabi_ddiv
                0x00004f18      0x164 /Applications/MCUXpressoIDE_11.9.1_2170/ide/plugins/com.nxp.mcuxpresso.tools.macosx_11.9.1.202402080819/tools/bin/../lib/gcc/arm-none-eabi/12.3.1/thumb/v6-m/nofp/libcr_eabihelpers.a(double.o)
                0x00004f18                __aeabi_ddiv
 .text.__aeabi_dsub
                0x0000507c      0x1d4 /Applications/MCUXpressoIDE_11.9.1_2170/ide/plugins/com.nxp.mcuxpresso.tools.macosx_11.9.1.202402080819/tools/bin/../lib/gcc/arm-none-eabi/12.3.1/thumb/v6-m/nofp/libcr_eabihelpers.a(double.o)
                0x0000507c                __aeabi_dsub
 .text.__aeabi_dadd
                0x00005250      0x150 /Applications/MCUXpressoIDE_11.9.1_2170/ide/plugins/com.nxp.mcuxpresso.tools.macosx_11.9.1.202402080819/tools/bin/../lib/gcc/arm-none-eabi/12.3.1/thumb/v6-m/nofp/libcr_eabihelpers.a(double.o)
                0x00005250                __aeabi_dadd
 .text.__aeabi_d2f
                0x000053a0       0x64 /Applications/MCUXpressoIDE_11.9.1_2170/ide/plugins/com.nxp.mcuxpresso.tools.macosx_11.9.1.202402080819/tools/bin/../lib/gcc/arm-none-eabi/12.3.1/thumb/v6-m/nofp/libcr_eabihelpers.a(double.o)
                0x000053a0                __aeabi_d2f
 .text.__aeabi_dcmplt
                0x00005404       0x74 /Applications/MCUXpressoIDE_11.9.1_2170/ide/plugins/com.nxp.mcuxpresso.tools.macosx_11.9.1.202402080819/tools/bin/../lib/gcc/arm-none-eabi/12.3.1/thumb/v6-m/nofp/libcr_eabihelpers.a(double.o)
                0x00005404                __aeabi_dcmplt
 .text.__aeabi_dcmple
                0x00005478       0x70 /Applications/MCUXpressoIDE_11.9.1_2170/ide/plugins/com.nxp.mcuxpresso.tools.macosx_11.9.1.202402080819/tools/bin/../lib/gcc/arm-none-eabi/12.3.1/thumb/v6-m/nofp/libcr_eabihelpers.a(double.o)
                0x00005478                __aeabi_dcmple
 .text.__aeabi_fsub
                0x000054e8      0x12c /Applications/MCUXpressoIDE_11.9.1_2170/ide/plugins/com.nxp.mcuxpresso.tools.macosx_11.9.1.202402080819/tools/bin/../lib/gcc/arm-none-eabi/12.3.1/thumb/v6-m/nofp/libcr_eabihelpers.a(float.o)
                0x000054e8                __aeabi_fsub
 .text.__aeabi_fadd
                0x00005614       0xac /Applications/MCUXpressoIDE_11.9.1_2170/ide/plugins/com.nxp.mcuxpresso.tools.macosx_11.9.1.202402080819/tools/bin/../lib/gcc/arm-none-eabi/12.3.1/thumb/v6-m/nofp/libcr_eabihelpers.a(float.o)
                0x00005614                __aeabi_fadd
 .text.__aeabi_f2d
                0x000056c0       0x40 /Applications/MCUXpressoIDE_11.9.1_2170/ide/plugins/com.nxp.mcuxpresso.tools.macosx_11.9.1.202402080819/tools/bin/../lib/gcc/arm-none-eabi/12.3.1/thumb/v6-m/nofp/libcr_eabihelpers.a(float.o)
                0x000056c0                __aeabi_f2d
 .text.UART_EnableTx
                0x00005700       0x40 ./utilities/fsl_io.o
 .text.UART_EnableRx
                0x00005740       0x40 ./utilities/fsl_io.o
 .text.LPSCI_EnableTx
                0x00005780       0x40 ./utilities/fsl_io.o
 .text.LPSCI_EnableRx
                0x000057c0       0x40 ./utilities/fsl_io.o
 .text.LOG_Init
                0x00005800       0x3a ./utilities/fsl_log.o
                0x00005800                LOG_Init
 .text.GPIO_PinWrite
                0x0000583a       0x34 ./source/cmsis_i2c_read_accel_value_transfer.o
 .text.i2c_release_bus_delay
                0x0000586e       0x28 ./source/cmsis_i2c_read_accel_value_transfer.o
 .text.I2C0_GetFreq
                0x00005896       0x12 ./source/cmsis_i2c_read_accel_value_transfer.o
                0x00005896                I2C0_GetFreq
 .text.OSC_SetExtRefClkConfig
                0x000058a8       0x3e ./drivers/fsl_clock.o
 .text.OSC_SetCapLoad
                0x000058e6       0x42 ./drivers/fsl_clock.o
 .text.CLOCK_GetPll0RefFreq
                0x00005928       0x10 ./drivers/fsl_clock.o
 .text.CLOCK_GetFixedFreqClkFreq
                0x00005938       0x30 ./drivers/fsl_clock.o
                0x00005938                CLOCK_GetFixedFreqClkFreq
 .text.CLOCK_SetExternalRefClkConfig
                0x00005968       0x16 ./drivers/fsl_clock.o
                0x00005968                CLOCK_SetExternalRefClkConfig
 .text.GPIO_PinWrite
                0x0000597e       0x34 ./drivers/fsl_gpio.o
 .text.GPIO_WritePinOutput
                0x000059b2       0x24 ./drivers/fsl_gpio.o
 .text.EnableIRQ
                0x000059d6       0x30 ./drivers/fsl_i2c.o
 .text.I2C_Enable
                0x00005a06       0x42 ./drivers/fsl_i2c.o
 .text.I2C_SlaveGetStatusFlags
                0x00005a48       0x1a ./drivers/fsl_i2c.o
 .text.I2C_MasterClearStatusFlags
                0x00005a62       0x56 ./drivers/fsl_i2c.o
 .text.I2C_SlaveClearStatusFlags
                0x00005ab8       0x1e ./drivers/fsl_i2c.o
 .text.I2C_EnableInterrupts
                0x00005ad6       0x5c ./drivers/fsl_i2c.o
                0x00005ad6                I2C_EnableInterrupts
 .text.I2C_DisableInterrupts
                0x00005b32       0x42 ./drivers/fsl_i2c.o
                0x00005b32                I2C_DisableInterrupts
 .text.I2C_MasterStop
                0x00005b74       0x36 ./drivers/fsl_i2c.o
                0x00005b74                I2C_MasterStop
 .text.I2C_MasterGetStatusFlags
                0x00005baa       0x4a ./drivers/fsl_i2c.o
                0x00005baa                I2C_MasterGetStatusFlags
 .text.I2C_SlaveGetStatusFlags
                0x00005bf4       0x1a ./drivers/fsl_i2c_cmsis.o
 .text.I2Cx_GetCapabilities
                0x00005c0e        0xc ./drivers/fsl_i2c_cmsis.o
 .text.KSDK_I2C_SLAVE_InterruptCallback
                0x00005c1a       0x42 ./drivers/fsl_i2c_cmsis.o
 .text.I2C_InterruptInitialize
                0x00005c5c       0x2c ./drivers/fsl_i2c_cmsis.o
 .text.I2C_InterruptUninitialize
                0x00005c88       0x18 ./drivers/fsl_i2c_cmsis.o
 .text.I2C_InterruptGetDataCount
                0x00005ca0       0x2a ./drivers/fsl_i2c_cmsis.o
                0x00005ca0                I2C_InterruptGetDataCount
 .text.I2C_InterruptGetStatus
                0x00005cca       0xc2 ./drivers/fsl_i2c_cmsis.o
                0x00005cca                I2C_InterruptGetStatus
 .text.SystemInitHook
                0x00005d8c        0xa ./CMSIS/system_MKL46Z4.o
                0x00005d8c                SystemInitHook
 .text.__main   0x00005d96        0xc /Applications/MCUXpressoIDE_11.9.1_2170/ide/plugins/com.nxp.mcuxpresso.tools.macosx_11.9.1.202402080819/tools/bin/../lib/gcc/arm-none-eabi/12.3.1/../../../../arm-none-eabi/lib/thumb/v6-m/nofp/libcr_semihost_nf.a(_cr__main.o)
                0x00005d96                __main
                0x00005d96                __CR_SEMIHOST
 .text.memset   0x00005da2        0x8 /Applications/MCUXpressoIDE_11.9.1_2170/ide/plugins/com.nxp.mcuxpresso.tools.macosx_11.9.1.202402080819/tools/bin/../lib/gcc/arm-none-eabi/12.3.1/../../../../arm-none-eabi/lib/thumb/v6-m/nofp/libcr_c.a(memset.o)
                0x00005da2                memset
 .text.free     0x00005daa       0x2c /Applications/MCUXpressoIDE_11.9.1_2170/ide/plugins/com.nxp.mcuxpresso.tools.macosx_11.9.1.202402080819/tools/bin/../lib/gcc/arm-none-eabi/12.3.1/../../../../arm-none-eabi/lib/thumb/v6-m/nofp/libcr_c.a(alloc.o)
                0x00005daa                free
 .text.fputs    0x00005dd6       0x2e /Applications/MCUXpressoIDE_11.9.1_2170/ide/plugins/com.nxp.mcuxpresso.tools.macosx_11.9.1.202402080819/tools/bin/../lib/gcc/arm-none-eabi/12.3.1/../../../../arm-none-eabi/lib/thumb/v6-m/nofp/libcr_c.a(fputs.o)
                0x00005dd6                fputs
 .text.no_fp_display
                0x00005e04        0x4 /Applications/MCUXpressoIDE_11.9.1_2170/ide/plugins/com.nxp.mcuxpresso.tools.macosx_11.9.1.202402080819/tools/bin/../lib/gcc/arm-none-eabi/12.3.1/../../../../arm-none-eabi/lib/thumb/v6-m/nofp/libcr_c.a(printf.o)
 .text.remove   0x00005e08       0x12 /Applications/MCUXpressoIDE_11.9.1_2170/ide/plugins/com.nxp.mcuxpresso.tools.macosx_11.9.1.202402080819/tools/bin/../lib/gcc/arm-none-eabi/12.3.1/../../../../arm-none-eabi/lib/thumb/v6-m/nofp/libcr_c.a(remove.o)
                0x00005e08                remove
 .text.__aeabi_division_idivmod
                0x00005e1a       0x78 /Applications/MCUXpressoIDE_11.9.1_2170/ide/plugins/com.nxp.mcuxpresso.tools.macosx_11.9.1.202402080819/tools/bin/../lib/gcc/arm-none-eabi/12.3.1/thumb/v6-m/nofp/libcr_eabihelpers.a(division_32.o)
                0x00005e1a                __aeabi_idiv
                0x00005e1a                __aeabi_idivmod
                0x00005e20                __aeabi_uidiv
                0x00005e20                __aeabi_uidivmod
 .text.__aeabi_division_idiv0
                0x00005e92        0x2 /Applications/MCUXpressoIDE_11.9.1_2170/ide/plugins/com.nxp.mcuxpresso.tools.macosx_11.9.1.202402080819/tools/bin/../lib/gcc/arm-none-eabi/12.3.1/thumb/v6-m/nofp/libcr_eabihelpers.a(division_idiv0.o)
                0x00005e92                __aeabi_idiv0
 .text.__bhs_ui2f
                0x00005e94       0x60 /Applications/MCUXpressoIDE_11.9.1_2170/ide/plugins/com.nxp.mcuxpresso.tools.macosx_11.9.1.202402080819/tools/bin/../lib/gcc/arm-none-eabi/12.3.1/thumb/v6-m/nofp/libcr_eabihelpers.a(float.o)
                0x00005e94                __bhs_ui2f
 .text.__aeabi_i2f
                0x00005ef4       0x18 /Applications/MCUXpressoIDE_11.9.1_2170/ide/plugins/com.nxp.mcuxpresso.tools.macosx_11.9.1.202402080819/tools/bin/../lib/gcc/arm-none-eabi/12.3.1/thumb/v6-m/nofp/libcr_eabihelpers.a(float.o)
                0x00005ef4                __aeabi_i2f
 .text.__aeabi_llong_lmul
                0x00005f0c       0x2e /Applications/MCUXpressoIDE_11.9.1_2170/ide/plugins/com.nxp.mcuxpresso.tools.macosx_11.9.1.202402080819/tools/bin/../lib/gcc/arm-none-eabi/12.3.1/thumb/v6-m/nofp/libcr_eabihelpers.a(llong.o)
                0x00005f0c                __aeabi_lmul
 .text.__aeabi_memset_lowlevel
                0x00005f3a       0x2a /Applications/MCUXpressoIDE_11.9.1_2170/ide/plugins/com.nxp.mcuxpresso.tools.macosx_11.9.1.202402080819/tools/bin/../lib/gcc/arm-none-eabi/12.3.1/thumb/v6-m/nofp/libcr_eabihelpers.a(memcpy.o)
                0x00005f3a                __aeabi_lowlevel_memset
 .text.__gnu_thumb1_case_uqi
                0x00005f64       0x10 /Applications/MCUXpressoIDE_11.9.1_2170/ide/plugins/com.nxp.mcuxpresso.tools.macosx_11.9.1.202402080819/tools/bin/../lib/gcc/arm-none-eabi/12.3.1/thumb/v6-m/nofp/libcr_eabihelpers.a(thumb1_switch_helpers.o)
                0x00005f64                __gnu_thumb1_case_uqi
 .text.__gnu_thumb1_case_shi
                0x00005f74       0x10 /Applications/MCUXpressoIDE_11.9.1_2170/ide/plugins/com.nxp.mcuxpresso.tools.macosx_11.9.1.202402080819/tools/bin/../lib/gcc/arm-none-eabi/12.3.1/thumb/v6-m/nofp/libcr_eabihelpers.a(thumb1_switch_helpers.o)
                0x00005f74                __gnu_thumb1_case_shi
 .text.__gnu_thumb1_case_uhi
                0x00005f84       0x10 /Applications/MCUXpressoIDE_11.9.1_2170/ide/plugins/com.nxp.mcuxpresso.tools.macosx_11.9.1.202402080819/tools/bin/../lib/gcc/arm-none-eabi/12.3.1/thumb/v6-m/nofp/libcr_eabihelpers.a(thumb1_switch_helpers.o)
                0x00005f84                __gnu_thumb1_case_uhi
 .text.__sys_close
                0x00005f94        0xc /Applications/MCUXpressoIDE_11.9.1_2170/ide/plugins/com.nxp.mcuxpresso.tools.macosx_11.9.1.202402080819/tools/bin/../lib/gcc/arm-none-eabi/12.3.1/../../../../arm-none-eabi/lib/thumb/v6-m/nofp/libcr_semihost_nf.a(__sys_close.o)
                0x00005f94                __sys_close
 .text.__sys_flen
                0x00005fa0        0xc /Applications/MCUXpressoIDE_11.9.1_2170/ide/plugins/com.nxp.mcuxpresso.tools.macosx_11.9.1.202402080819/tools/bin/../lib/gcc/arm-none-eabi/12.3.1/../../../../arm-none-eabi/lib/thumb/v6-m/nofp/libcr_semihost_nf.a(__sys_flen.o)
                0x00005fa0                __sys_flen
 .text.__sys_istty
                0x00005fac        0xc /Applications/MCUXpressoIDE_11.9.1_2170/ide/plugins/com.nxp.mcuxpresso.tools.macosx_11.9.1.202402080819/tools/bin/../lib/gcc/arm-none-eabi/12.3.1/../../../../arm-none-eabi/lib/thumb/v6-m/nofp/libcr_semihost_nf.a(__sys_istty.o)
                0x00005fac                __sys_istty
 .text.__sys_remove
                0x00005fb8        0xc /Applications/MCUXpressoIDE_11.9.1_2170/ide/plugins/com.nxp.mcuxpresso.tools.macosx_11.9.1.202402080819/tools/bin/../lib/gcc/arm-none-eabi/12.3.1/../../../../arm-none-eabi/lib/thumb/v6-m/nofp/libcr_semihost_nf.a(__sys_remove.o)
                0x00005fb8                __sys_remove
 .text.__sys_seek
                0x00005fc4        0xc /Applications/MCUXpressoIDE_11.9.1_2170/ide/plugins/com.nxp.mcuxpresso.tools.macosx_11.9.1.202402080819/tools/bin/../lib/gcc/arm-none-eabi/12.3.1/../../../../arm-none-eabi/lib/thumb/v6-m/nofp/libcr_semihost_nf.a(__sys_seek.o)
                0x00005fc4                __sys_seek
 .text.__sys_tmpnam
                0x00005fd0        0xc /Applications/MCUXpressoIDE_11.9.1_2170/ide/plugins/com.nxp.mcuxpresso.tools.macosx_11.9.1.202402080819/tools/bin/../lib/gcc/arm-none-eabi/12.3.1/../../../../arm-none-eabi/lib/thumb/v6-m/nofp/libcr_semihost_nf.a(__sys_tmpnam.o)
                0x00005fd0                __sys_tmpnam
 .text.__sys_write
                0x00005fdc        0xc /Applications/MCUXpressoIDE_11.9.1_2170/ide/plugins/com.nxp.mcuxpresso.tools.macosx_11.9.1.202402080819/tools/bin/../lib/gcc/arm-none-eabi/12.3.1/../../../../arm-none-eabi/lib/thumb/v6-m/nofp/libcr_semihost_nf.a(__sys_write.o)
                0x00005fdc                __sys_write
 *(SORT_BY_ALIGNMENT(.rodata) SORT_BY_ALIGNMENT(.rodata.*) SORT_BY_ALIGNMENT(.constdata) SORT_BY_ALIGNMENT(.constdata.*))
 .rodata.DbgConsole_Init.str1.4
                0x00005fe8       0x43 ./utilities/fsl_debug_console.o
 *fill*         0x0000602b        0x1 ff
 .rodata.IO_Init.str1.4
                0x0000602c       0x1a ./utilities/fsl_io.o
 *fill*         0x00006046        0x2 ff
 .rodata.PORT_SetPinConfig.str1.4
                0x00006048       0x6f ./source/cmsis_i2c_read_accel_value_transfer.o
 *fill*         0x000060b7        0x1 ff
 .rodata.g_accel_address
                0x000060b8        0x4 ./source/cmsis_i2c_read_accel_value_transfer.o
                0x000060b8                g_accel_address
 .rodata.I2C_ReadAccelWhoAmI.str1.4
                0x000060bc      0x140 ./source/cmsis_i2c_read_accel_value_transfer.o
 .rodata.main.str1.4
                0x000061fc       0xad ./source/cmsis_i2c_read_accel_value_transfer.o
 *fill*         0x000062a9        0x3 ff
 .rodata.CLOCK_GetMcgExtClkFreq.str1.4
                0x000062ac       0x1e ./drivers/fsl_clock.o
 *fill*         0x000062ca        0x2 ff
 .rodata.CLOCK_GetOsc0ErClkFreq.str1.4
                0x000062cc       0x1e ./drivers/fsl_clock.o
 *fill*         0x000062ea        0x2 ff
 .rodata.CLOCK_GetEr32kClkFreq.str1.4
                0x000062ec       0x1f ./drivers/fsl_clock.o
 *fill*         0x0000630b        0x1 ff
 .rodata.CLOCK_GetFreq
                0x0000630c       0x34 ./drivers/fsl_clock.o
 .rodata.CLOCK_GetPll0Freq.str1.4
                0x00006340       0x1d ./drivers/fsl_clock.o
 *fill*         0x0000635d        0x3 ff
 .rodata.CLOCK_EnablePll0.str1.4
                0x00006360       0x19 ./drivers/fsl_clock.o
 *fill*         0x00006379        0x3 ff
 .rodata.CLOCK_SetPbeMode.str1.4
                0x0000637c       0x1a ./drivers/fsl_clock.o
 *fill*         0x00006396        0x2 ff
 .rodata.CLOCK_BootToPeeMode.str1.4
                0x00006398       0x1a ./drivers/fsl_clock.o
 *fill*         0x000063b2        0x2 ff
 .rodata.fllFactorTable.1
                0x000063b4       0x10 ./drivers/fsl_clock.o
 .rodata.DMA_ClearChannelStatusFlags.str1.4
                0x000063c4       0x3c ./drivers/fsl_dma.o
 .rodata.DMA_HandleIRQ.str1.4
                0x00006400       0x1f ./drivers/fsl_dma.o
 *fill*         0x0000641f        0x1 ff
 .rodata.GPIO_PinInit.str1.4
                0x00006420       0x18 ./drivers/fsl_gpio.o
 .rodata.s_i2cBases
                0x00006438        0x8 ./drivers/fsl_i2c.o
                0x00006438                s_i2cBases
 .rodata.s_i2cDividerTable
                0x00006440       0x80 ./drivers/fsl_i2c.o
 .rodata.s_i2cIrqs
                0x000064c0        0x2 ./drivers/fsl_i2c.o
 *fill*         0x000064c2        0x2 ff
 .rodata.s_i2cClocks
                0x000064c4        0x8 ./drivers/fsl_i2c.o
 .rodata.I2C_GetInstance.str1.4
                0x000064cc       0x32 ./drivers/fsl_i2c.o
 *fill*         0x000064fe        0x2 ff
 .rodata.I2C_MasterTransferCreateHandle.str1.4
                0x00006500       0x18 ./drivers/fsl_i2c.o
 .rodata.I2C_MasterTransferNonBlocking.str1.4
                0x00006518       0x2e ./drivers/fsl_i2c.o
 *fill*         0x00006546        0x2 ff
 .rodata.I2C_MasterTransferAbort.str1.4
                0x00006548       0x18 ./drivers/fsl_i2c.o
 .rodata.I2C_MasterTransferHandleIRQ.str1.4
                0x00006560       0x1b ./drivers/fsl_i2c.o
 *fill*         0x0000657b        0x1 ff
 .rodata.I2C_SlaveTransferCreateHandle.str1.4
                0x0000657c       0x18 ./drivers/fsl_i2c.o
 .rodata.I2C_SlaveTransferNonBlocking.str1.4
                0x00006594       0x18 ./drivers/fsl_i2c.o
 .rodata.I2C_SlaveTransferAbort.str1.4
                0x000065ac       0x18 ./drivers/fsl_i2c.o
 .rodata.I2C_SlaveTransferHandleIRQ.str1.4
                0x000065c4       0x1b ./drivers/fsl_i2c.o
 *fill*         0x000065df        0x1 ff
 .rodata.s_i2cDriverVersion
                0x000065e0        0x4 ./drivers/fsl_i2c_cmsis.o
 .rodata.s_i2cClocks
                0x000065e4        0x8 ./drivers/fsl_i2c_cmsis.o
 .rodata.I2C0_Resource
                0x000065ec        0x8 ./drivers/fsl_i2c_cmsis.o
                0x000065ec                I2C0_Resource
 .rodata.Driver_I2C0
                0x000065f4       0x30 ./drivers/fsl_i2c_cmsis.o
                0x000065f4                Driver_I2C0
 .rodata.LPSCI_GetInstance.str1.4
                0x00006624       0x36 ./drivers/fsl_lpsci.o
 *fill*         0x0000665a        0x2 ff
 .rodata.LPSCI_Init.str1.4
                0x0000665c       0x43 ./drivers/fsl_lpsci.o
 *fill*         0x0000669f        0x1 ff
 .rodata.LPSCI_GetDefaultConfig.str1.4
                0x000066a0       0x19 ./drivers/fsl_lpsci.o
 *fill*         0x000066b9        0x3 ff
 .rodata.s_uartBases
                0x000066bc        0xc ./drivers/fsl_uart.o
 .rodata.s_uartClock
                0x000066c8        0xc ./drivers/fsl_uart.o
 .rodata.UART_GetInstance.str1.4
                0x000066d4       0x2b ./drivers/fsl_uart.o
 *fill*         0x000066ff        0x1 ff
 .rodata.UART_Init.str1.4
                0x00006700       0x3e ./drivers/fsl_uart.o
 *fill*         0x0000673e        0x2 ff
 .rodata.UART_GetDefaultConfig.str1.4
                0x00006740       0x18 ./drivers/fsl_uart.o
 .rodata.mcgConfig_BOARD_BootClockRUN
                0x00006758        0xa ./board/src/clock_config.o
                0x00006758                mcgConfig_BOARD_BootClockRUN
 *fill*         0x00006762        0x2 ff
 .rodata.simConfig_BOARD_BootClockRUN
                0x00006764        0x8 ./board/src/clock_config.o
                0x00006764                simConfig_BOARD_BootClockRUN
 .rodata.oscConfig_BOARD_BootClockRUN
                0x0000676c        0x8 ./board/src/clock_config.o
                0x0000676c                oscConfig_BOARD_BootClockRUN
 .rodata.PORT_SetPinConfig.str1.4
                0x00006774       0x6f ./board/pin_mux.o
 .rodata.__num_Ciob_streams
                0x00006774        0x4 /Applications/MCUXpressoIDE_11.9.1_2170/ide/plugins/com.nxp.mcuxpresso.tools.macosx_11.9.1.202402080819/tools/bin/../lib/gcc/arm-none-eabi/12.3.1/../../../../arm-none-eabi/lib/thumb/v6-m/nofp/libcr_semihost_nf.a(__ciob.o)
                0x00006774                __num_Ciob_streams
 .rodata.__assertion_failed.str1.1
                0x00006778       0x15 /Applications/MCUXpressoIDE_11.9.1_2170/ide/plugins/com.nxp.mcuxpresso.tools.macosx_11.9.1.202402080819/tools/bin/../lib/gcc/arm-none-eabi/12.3.1/../../../../arm-none-eabi/lib/thumb/v6-m/nofp/libcr_semihost_nf.a(_cr_assert.o)
 .rodata._Csys_alloc.str1.1
                0x0000678d       0x18 /Applications/MCUXpressoIDE_11.9.1_2170/ide/plugins/com.nxp.mcuxpresso.tools.macosx_11.9.1.202402080819/tools/bin/../lib/gcc/arm-none-eabi/12.3.1/../../../../arm-none-eabi/lib/thumb/v6-m/nofp/libcr_c.a(alloc.o)
 .rodata._initio.str1.1
                0x000067a5        0x4 /Applications/MCUXpressoIDE_11.9.1_2170/ide/plugins/com.nxp.mcuxpresso.tools.macosx_11.9.1.202402080819/tools/bin/../lib/gcc/arm-none-eabi/12.3.1/../../../../arm-none-eabi/lib/thumb/v6-m/nofp/libcr_c.a(initio.o)
 .rodata.__vfprintf.str1.1
                0x000067a9       0x35 /Applications/MCUXpressoIDE_11.9.1_2170/ide/plugins/com.nxp.mcuxpresso.tools.macosx_11.9.1.202402080819/tools/bin/../lib/gcc/arm-none-eabi/12.3.1/../../../../arm-none-eabi/lib/thumb/v6-m/nofp/libcr_c.a(printf.o)
                                 0x38 (size before relaxing)
                0x000067e4                        . = ALIGN (0x4)
 *fill*         0x000067de        0x2 ff

.glue_7         0x000067e0        0x0
 .glue_7        0x000067e0        0x0 linker stubs

.glue_7t        0x000067e0        0x0
 .glue_7t       0x000067e0        0x0 linker stubs

.vfp11_veneer   0x000067e0        0x0
 .vfp11_veneer  0x000067e0        0x0 linker stubs

.v4_bx          0x000067e0        0x0
 .v4_bx         0x000067e0        0x0 linker stubs

.iplt           0x000067e0        0x0
 .iplt          0x000067e0        0x0 ./utilities/fsl_debug_console.o

.rel.dyn        0x000067e0        0x0
 .rel.iplt      0x000067e0        0x0 ./utilities/fsl_debug_console.o

.ARM.extab
 *(SORT_BY_ALIGNMENT(.ARM.extab*) SORT_BY_ALIGNMENT(.gnu.linkonce.armextab.*))

.ARM.exidx      0x000067e0        0x0
                0x000067e0                        __exidx_start = .
 *(SORT_BY_ALIGNMENT(.ARM.exidx*) SORT_BY_ALIGNMENT(.gnu.linkonce.armexidx.*))
                0x000067e0                        __exidx_end = .
                0x000067e0                        _etext = .

.m_usb_data
 *(SORT_BY_ALIGNMENT(m_usb_bdt))

.mtb_buffer_default
                0x1fffe000       0x80
 *(SORT_BY_ALIGNMENT(.mtb*))
 .mtb.$RAM1     0x1fffe000       0x80 ./source/mtb.o
                0x1fffe000                __mtb_buffer__

.uninit_RESERVED
                0x1fffe080        0x0
                0x1fffe080                        _start_uninit_RESERVED = .
 *(SORT_BY_ALIGNMENT(.bss.$RESERVED*))
                0x1fffe080                        . = ALIGN (0x4)
                0x1fffe080                        _end_uninit_RESERVED = .

.data           0x1fffe080       0x1c load address 0x000067e0
 FILL mask 0xff
                0x1fffe080                        _data = .
                [!provide]                        PROVIDE (__start_data_RAM = .)
                [!provide]                        PROVIDE (__start_data_SRAM = .)
 *(SORT_BY_ALIGNMENT(vtable))
 *(SORT_BY_ALIGNMENT(.ramfunc*))
 *(SORT_BY_ALIGNMENT(CodeQuickAccess))
 *(SORT_BY_ALIGNMENT(DataQuickAccess))
 *(SORT_BY_ALIGNMENT(RamFunction))
 *(SORT_BY_ALIGNMENT(.data*))
 .data.s_slowIrcFreq
                0x1fffe080        0x4 ./drivers/fsl_clock.o
 .data.s_fastIrcFreq
                0x1fffe084        0x4 ./drivers/fsl_clock.o
 .data.I2C0_InterruptDriverState
                0x1fffe088       0x10 ./drivers/fsl_i2c_cmsis.o
                0x1fffe088                I2C0_InterruptDriverState
 .data.SystemCoreClock
                0x1fffe098        0x4 ./CMSIS/system_MKL46Z4.o
                0x1fffe098                SystemCoreClock
                0x1fffe09c                        . = ALIGN (0x4)
                0x1fffe09c                        _edata = .
                [!provide]                        PROVIDE (__end_data_RAM = .)
                [!provide]                        PROVIDE (__end_data_SRAM = .)

.igot.plt       0x1fffe09c        0x0 load address 0x000067fc
 .igot.plt      0x1fffe09c        0x0 ./utilities/fsl_debug_console.o

.bss            0x1fffe09c      0x134
                0x1fffe09c                        _bss = .
                [!provide]                        PROVIDE (__start_bss_RAM = .)
                [!provide]                        PROVIDE (__start_bss_SRAM = .)
 *(SORT_BY_ALIGNMENT(.bss*))
 .bss.s_debugConsoleIO
                0x1fffe09c        0x8 ./utilities/fsl_io.o
 .bss.g_xtal0Freq
                0x1fffe0a4        0x4 ./drivers/fsl_clock.o
                0x1fffe0a4                g_xtal0Freq
 .bss.g_xtal32Freq
                0x1fffe0a8        0x4 ./drivers/fsl_clock.o
                0x1fffe0a8                g_xtal32Freq
 .bss.s_DMAHandle
                0x1fffe0ac       0x10 ./drivers/fsl_dma.o
 .bss.s_i2cHandle
                0x1fffe0bc        0x8 ./drivers/fsl_i2c.o
 .bss.s_i2cMasterIsr
                0x1fffe0c4        0x4 ./drivers/fsl_i2c.o
 .bss.s_i2cSlaveIsr
                0x1fffe0c8        0x4 ./drivers/fsl_i2c.o
 .bss.I2C0_handle
                0x1fffe0cc       0x28 ./drivers/fsl_i2c_cmsis.o
                0x1fffe0cc                I2C0_handle
 .bss.s_lpsciHandle
                0x1fffe0f4        0x4 ./drivers/fsl_lpsci.o
 .bss.s_lpsciIsr
                0x1fffe0f8        0x4 ./drivers/fsl_lpsci.o
 .bss.s_uartHandle
                0x1fffe0fc        0xc ./drivers/fsl_uart.o
 .bss.s_uartIsr
                0x1fffe108        0x4 ./drivers/fsl_uart.o
 .bss.__Ciob    0x1fffe10c       0xb4 /Applications/MCUXpressoIDE_11.9.1_2170/ide/plugins/com.nxp.mcuxpresso.tools.macosx_11.9.1.202402080819/tools/bin/../lib/gcc/arm-none-eabi/12.3.1/../../../../arm-none-eabi/lib/thumb/v6-m/nofp/libcr_semihost_nf.a(__ciob.o)
                0x1fffe10c                __Ciob
 .bss.__end_of_heap
                0x1fffe1c0        0x4 /Applications/MCUXpressoIDE_11.9.1_2170/ide/plugins/com.nxp.mcuxpresso.tools.macosx_11.9.1.202402080819/tools/bin/../lib/gcc/arm-none-eabi/12.3.1/../../../../arm-none-eabi/lib/thumb/v6-m/nofp/libcr_c.a(__init_alloc.o)
                0x1fffe1c0                __end_of_heap
 .bss.__heaps   0x1fffe1c4        0x4 /Applications/MCUXpressoIDE_11.9.1_2170/ide/plugins/com.nxp.mcuxpresso.tools.macosx_11.9.1.202402080819/tools/bin/../lib/gcc/arm-none-eabi/12.3.1/../../../../arm-none-eabi/lib/thumb/v6-m/nofp/libcr_c.a(__init_alloc.o)
                0x1fffe1c4                __heaps
 .bss.errno     0x1fffe1c8        0x4 /Applications/MCUXpressoIDE_11.9.1_2170/ide/plugins/com.nxp.mcuxpresso.tools.macosx_11.9.1.202402080819/tools/bin/../lib/gcc/arm-none-eabi/12.3.1/../../../../arm-none-eabi/lib/thumb/v6-m/nofp/libcr_c.a(errno.o)
                0x1fffe1c8                errno
 .bss.g_accel_addr_found
                0x1fffe1cc        0x1 ./source/cmsis_i2c_read_accel_value_transfer.o
                0x1fffe1cc                g_accel_addr_found
 .bss.completionFlag
                0x1fffe1cd        0x1 ./source/cmsis_i2c_read_accel_value_transfer.o
                0x1fffe1cd                completionFlag
 .bss.nakFlag   0x1fffe1ce        0x1 ./source/cmsis_i2c_read_accel_value_transfer.o
                0x1fffe1ce                nakFlag
 *(SORT_BY_ALIGNMENT(COMMON))
                0x1fffe1d0                        . = ALIGN (0x4)
 *fill*         0x1fffe1cf        0x1 
                0x1fffe1d0                        _ebss = .
                [!provide]                        PROVIDE (__end_bss_RAM = .)
                [!provide]                        PROVIDE (__end_bss_SRAM = .)
                [!provide]                        PROVIDE (end = .)

.noinit         0x1fffe1d0        0x0
                0x1fffe1d0                        _noinit = .
                [!provide]                        PROVIDE (__start_noinit_RAM = .)
                [!provide]                        PROVIDE (__start_noinit_SRAM = .)
 *(SORT_BY_ALIGNMENT(.noinit*))
                0x1fffe1d0                        . = ALIGN (0x4)
                0x1fffe1d0                        _end_noinit = .
                [!provide]                        PROVIDE (__end_noinit_RAM = .)
                [!provide]                        PROVIDE (__end_noinit_SRAM = .)
                0x00000800                        _HeapSize = 0x800

.heap           0x1fffe1d0      0x800
                0x1fffe1d0                        _pvHeapStart = .
                0x1fffe9d0                        . = (. + _HeapSize)
 *fill*         0x1fffe1d0      0x800 
                0x1fffe9d0                        . = ALIGN (0x4)
                0x1fffe9d0                        _pvHeapLimit = .
                0x00000800                        _StackSize = 0x800

.heap2stackfill
                0x1fffe9d0      0x800
                0x1ffff1d0                        . = (. + _StackSize)
 *fill*         0x1fffe9d0      0x800 

.stack          0x20005800        0x0
                0x20005800                        _vStackBase = .
                0x20005800                        . = ALIGN (0x4)
                0x20006000                        _vStackTop = (. + _StackSize)
                0x00000000                        _image_start = LOADADDR (.text)
                0x000067fc                        _image_end = (LOADADDR (.data) + SIZEOF (.data))
                0x000067fc                        _image_size = (_image_end - _image_start)
OUTPUT(frdmkl46z_cmsis_i2c_read_accel_value_transfer.axf elf32-littlearm)
LOAD linker stubs

.debug_info     0x00000000    0x148cc
 .debug_info    0x00000000      0x1b7 ./utilities/fsl_debug_console.o
 .debug_info    0x000001b7      0xa45 ./utilities/fsl_io.o
 .debug_info    0x00000bfc      0x36f ./utilities/fsl_log.o
 .debug_info    0x00000f6b      0x687 ./startup/startup_mkl46z4.o
 .debug_info    0x000015f2      0xe04 ./source/cmsis_i2c_read_accel_value_transfer.o
 .debug_info    0x000023f6       0x4f ./source/mtb.o
 .debug_info    0x00002445       0x38 ./source/semihost_hardfault.o
 .debug_info    0x0000247d     0x1aa6 ./drivers/fsl_clock.o
 .debug_info    0x00003f23      0xf9c ./drivers/fsl_dma.o
 .debug_info    0x00004ebf      0x7f7 ./drivers/fsl_gpio.o
 .debug_info    0x000056b6     0x1af5 ./drivers/fsl_i2c.o
 .debug_info    0x000071ab     0x147c ./drivers/fsl_i2c_cmsis.o
 .debug_info    0x00008627     0x14e7 ./drivers/fsl_lpsci.o
 .debug_info    0x00009b0e     0x1488 ./drivers/fsl_uart.o
 .debug_info    0x0000af96      0x3e1 ./board/src/board.o
 .debug_info    0x0000b377      0xbd7 ./board/src/clock_config.o
 .debug_info    0x0000bf4e      0x704 ./board/pin_mux.o
 .debug_info    0x0000c652      0x40a ./CMSIS/system_MKL46Z4.o
 .debug_info    0x0000ca5c       0x85 /Applications/MCUXpressoIDE_11.9.1_2170/ide/plugins/com.nxp.mcuxpresso.tools.macosx_11.9.1.202402080819/tools/bin/../lib/gcc/arm-none-eabi/12.3.1/../../../../arm-none-eabi/lib/thumb/v6-m/nofp/libcr_semihost_nf.a(_cr__main.o)
 .debug_info    0x0000cae1      0x240 /Applications/MCUXpressoIDE_11.9.1_2170/ide/plugins/com.nxp.mcuxpresso.tools.macosx_11.9.1.202402080819/tools/bin/../lib/gcc/arm-none-eabi/12.3.1/../../../../arm-none-eabi/lib/thumb/v6-m/nofp/libcr_semihost_nf.a(_cr_assert.o)
 .debug_info    0x0000cd21      0x18b /Applications/MCUXpressoIDE_11.9.1_2170/ide/plugins/com.nxp.mcuxpresso.tools.macosx_11.9.1.202402080819/tools/bin/../lib/gcc/arm-none-eabi/12.3.1/../../../../arm-none-eabi/lib/thumb/v6-m/nofp/libcr_semihost_nf.a(__ciob.o)
 .debug_info    0x0000ceac       0xe3 /Applications/MCUXpressoIDE_11.9.1_2170/ide/plugins/com.nxp.mcuxpresso.tools.macosx_11.9.1.202402080819/tools/bin/../lib/gcc/arm-none-eabi/12.3.1/../../../../arm-none-eabi/lib/thumb/v6-m/nofp/libcr_c.a(memset.o)
 .debug_info    0x0000cf8f      0x35d /Applications/MCUXpressoIDE_11.9.1_2170/ide/plugins/com.nxp.mcuxpresso.tools.macosx_11.9.1.202402080819/tools/bin/../lib/gcc/arm-none-eabi/12.3.1/../../../../arm-none-eabi/lib/thumb/v6-m/nofp/libcr_c.a(_deferredlazyseek.o)
 .debug_info    0x0000d2ec      0x1e3 /Applications/MCUXpressoIDE_11.9.1_2170/ide/plugins/com.nxp.mcuxpresso.tools.macosx_11.9.1.202402080819/tools/bin/../lib/gcc/arm-none-eabi/12.3.1/../../../../arm-none-eabi/lib/thumb/v6-m/nofp/libcr_c.a(_fflush.o)
 .debug_info    0x0000d4cf      0x283 /Applications/MCUXpressoIDE_11.9.1_2170/ide/plugins/com.nxp.mcuxpresso.tools.macosx_11.9.1.202402080819/tools/bin/../lib/gcc/arm-none-eabi/12.3.1/../../../../arm-none-eabi/lib/thumb/v6-m/nofp/libcr_c.a(_writebuf.o)
 .debug_info    0x0000d752      0x50c /Applications/MCUXpressoIDE_11.9.1_2170/ide/plugins/com.nxp.mcuxpresso.tools.macosx_11.9.1.202402080819/tools/bin/../lib/gcc/arm-none-eabi/12.3.1/../../../../arm-none-eabi/lib/thumb/v6-m/nofp/libcr_c.a(alloc.o)
 .debug_info    0x0000dc5e      0x1e0 /Applications/MCUXpressoIDE_11.9.1_2170/ide/plugins/com.nxp.mcuxpresso.tools.macosx_11.9.1.202402080819/tools/bin/../lib/gcc/arm-none-eabi/12.3.1/../../../../arm-none-eabi/lib/thumb/v6-m/nofp/libcr_c.a(fputs.o)
 .debug_info    0x0000de3e      0x278 /Applications/MCUXpressoIDE_11.9.1_2170/ide/plugins/com.nxp.mcuxpresso.tools.macosx_11.9.1.202402080819/tools/bin/../lib/gcc/arm-none-eabi/12.3.1/../../../../arm-none-eabi/lib/thumb/v6-m/nofp/libcr_c.a(fseek.o)
 .debug_info    0x0000e0b6      0x190 /Applications/MCUXpressoIDE_11.9.1_2170/ide/plugins/com.nxp.mcuxpresso.tools.macosx_11.9.1.202402080819/tools/bin/../lib/gcc/arm-none-eabi/12.3.1/../../../../arm-none-eabi/lib/thumb/v6-m/nofp/libcr_c.a(ftell.o)
 .debug_info    0x0000e246      0x353 /Applications/MCUXpressoIDE_11.9.1_2170/ide/plugins/com.nxp.mcuxpresso.tools.macosx_11.9.1.202402080819/tools/bin/../lib/gcc/arm-none-eabi/12.3.1/../../../../arm-none-eabi/lib/thumb/v6-m/nofp/libcr_c.a(initio.o)
 .debug_info    0x0000e599     0x12b0 /Applications/MCUXpressoIDE_11.9.1_2170/ide/plugins/com.nxp.mcuxpresso.tools.macosx_11.9.1.202402080819/tools/bin/../lib/gcc/arm-none-eabi/12.3.1/../../../../arm-none-eabi/lib/thumb/v6-m/nofp/libcr_c.a(printf.o)
 .debug_info    0x0000f849      0x1f6 /Applications/MCUXpressoIDE_11.9.1_2170/ide/plugins/com.nxp.mcuxpresso.tools.macosx_11.9.1.202402080819/tools/bin/../lib/gcc/arm-none-eabi/12.3.1/../../../../arm-none-eabi/lib/thumb/v6-m/nofp/libcr_c.a(setvbuf.o)
 .debug_info    0x0000fa3f      0x1f3 /Applications/MCUXpressoIDE_11.9.1_2170/ide/plugins/com.nxp.mcuxpresso.tools.macosx_11.9.1.202402080819/tools/bin/../lib/gcc/arm-none-eabi/12.3.1/../../../../arm-none-eabi/lib/thumb/v6-m/nofp/libcr_c.a(sqrt.o)
 .debug_info    0x0000fc32       0xd6 /Applications/MCUXpressoIDE_11.9.1_2170/ide/plugins/com.nxp.mcuxpresso.tools.macosx_11.9.1.202402080819/tools/bin/../lib/gcc/arm-none-eabi/12.3.1/../../../../arm-none-eabi/lib/thumb/v6-m/nofp/libcr_c.a(strlen.o)
 .debug_info    0x0000fd08       0xd4 /Applications/MCUXpressoIDE_11.9.1_2170/ide/plugins/com.nxp.mcuxpresso.tools.macosx_11.9.1.202402080819/tools/bin/../lib/gcc/arm-none-eabi/12.3.1/../../../../arm-none-eabi/lib/thumb/v6-m/nofp/libcr_c.a(__init_alloc.o)
 .debug_info    0x0000fddc      0x100 /Applications/MCUXpressoIDE_11.9.1_2170/ide/plugins/com.nxp.mcuxpresso.tools.macosx_11.9.1.202402080819/tools/bin/../lib/gcc/arm-none-eabi/12.3.1/../../../../arm-none-eabi/lib/thumb/v6-m/nofp/libcr_c.a(_cr_sbrk.o)
 .debug_info    0x0000fedc      0x244 /Applications/MCUXpressoIDE_11.9.1_2170/ide/plugins/com.nxp.mcuxpresso.tools.macosx_11.9.1.202402080819/tools/bin/../lib/gcc/arm-none-eabi/12.3.1/../../../../arm-none-eabi/lib/thumb/v6-m/nofp/libcr_c.a(_fdopen.o)
 .debug_info    0x00010120       0x44 /Applications/MCUXpressoIDE_11.9.1_2170/ide/plugins/com.nxp.mcuxpresso.tools.macosx_11.9.1.202402080819/tools/bin/../lib/gcc/arm-none-eabi/12.3.1/../../../../arm-none-eabi/lib/thumb/v6-m/nofp/libcr_c.a(errno.o)
 .debug_info    0x00010164      0x31e /Applications/MCUXpressoIDE_11.9.1_2170/ide/plugins/com.nxp.mcuxpresso.tools.macosx_11.9.1.202402080819/tools/bin/../lib/gcc/arm-none-eabi/12.3.1/../../../../arm-none-eabi/lib/thumb/v6-m/nofp/libcr_c.a(fclose.o)
 .debug_info    0x00010482      0x203 /Applications/MCUXpressoIDE_11.9.1_2170/ide/plugins/com.nxp.mcuxpresso.tools.macosx_11.9.1.202402080819/tools/bin/../lib/gcc/arm-none-eabi/12.3.1/../../../../arm-none-eabi/lib/thumb/v6-m/nofp/libcr_c.a(fflush.o)
 .debug_info    0x00010685      0x1c9 /Applications/MCUXpressoIDE_11.9.1_2170/ide/plugins/com.nxp.mcuxpresso.tools.macosx_11.9.1.202402080819/tools/bin/../lib/gcc/arm-none-eabi/12.3.1/../../../../arm-none-eabi/lib/thumb/v6-m/nofp/libcr_c.a(remove.o)
 .debug_info    0x0001084e       0x71 /Applications/MCUXpressoIDE_11.9.1_2170/ide/plugins/com.nxp.mcuxpresso.tools.macosx_11.9.1.202402080819/tools/bin/../lib/gcc/arm-none-eabi/12.3.1/../../../../arm-none-eabi/lib/thumb/v6-m/nofp/libcr_c.a(_cr_check_heap.o)
 .debug_info    0x000108bf      0x23a /Applications/MCUXpressoIDE_11.9.1_2170/ide/plugins/com.nxp.mcuxpresso.tools.macosx_11.9.1.202402080819/tools/bin/../lib/gcc/arm-none-eabi/12.3.1/../../../../arm-none-eabi/lib/thumb/v6-m/nofp/libcr_c.a(_do_fflush.o)
 .debug_info    0x00010af9     0x229a /Applications/MCUXpressoIDE_11.9.1_2170/ide/plugins/com.nxp.mcuxpresso.tools.macosx_11.9.1.202402080819/tools/bin/../lib/gcc/arm-none-eabi/12.3.1/thumb/v6-m/nofp/libcr_eabihelpers.a(double.o)
 .debug_info    0x00012d93     0x1b39 /Applications/MCUXpressoIDE_11.9.1_2170/ide/plugins/com.nxp.mcuxpresso.tools.macosx_11.9.1.202402080819/tools/bin/../lib/gcc/arm-none-eabi/12.3.1/thumb/v6-m/nofp/libcr_eabihelpers.a(float.o)

.debug_abbrev   0x00000000     0x4935
 .debug_abbrev  0x00000000      0x107 ./utilities/fsl_debug_console.o
 .debug_abbrev  0x00000107      0x233 ./utilities/fsl_io.o
 .debug_abbrev  0x0000033a      0x1b9 ./utilities/fsl_log.o
 .debug_abbrev  0x000004f3      0x177 ./startup/startup_mkl46z4.o
 .debug_abbrev  0x0000066a      0x383 ./source/cmsis_i2c_read_accel_value_transfer.o
 .debug_abbrev  0x000009ed       0x43 ./source/mtb.o
 .debug_abbrev  0x00000a30       0x2e ./source/semihost_hardfault.o
 .debug_abbrev  0x00000a5e      0x367 ./drivers/fsl_clock.o
 .debug_abbrev  0x00000dc5      0x2e8 ./drivers/fsl_dma.o
 .debug_abbrev  0x000010ad      0x212 ./drivers/fsl_gpio.o
 .debug_abbrev  0x000012bf      0x3a2 ./drivers/fsl_i2c.o
 .debug_abbrev  0x00001661      0x378 ./drivers/fsl_i2c_cmsis.o
 .debug_abbrev  0x000019d9      0x31f ./drivers/fsl_lpsci.o
 .debug_abbrev  0x00001cf8      0x31f ./drivers/fsl_uart.o
 .debug_abbrev  0x00002017      0x14b ./board/src/board.o
 .debug_abbrev  0x00002162      0x231 ./board/src/clock_config.o
 .debug_abbrev  0x00002393      0x22b ./board/pin_mux.o
 .debug_abbrev  0x000025be      0x145 ./CMSIS/system_MKL46Z4.o
 .debug_abbrev  0x00002703       0x62 /Applications/MCUXpressoIDE_11.9.1_2170/ide/plugins/com.nxp.mcuxpresso.tools.macosx_11.9.1.202402080819/tools/bin/../lib/gcc/arm-none-eabi/12.3.1/../../../../arm-none-eabi/lib/thumb/v6-m/nofp/libcr_semihost_nf.a(_cr__main.o)
 .debug_abbrev  0x00002765      0x12c /Applications/MCUXpressoIDE_11.9.1_2170/ide/plugins/com.nxp.mcuxpresso.tools.macosx_11.9.1.202402080819/tools/bin/../lib/gcc/arm-none-eabi/12.3.1/../../../../arm-none-eabi/lib/thumb/v6-m/nofp/libcr_semihost_nf.a(_cr_assert.o)
 .debug_abbrev  0x00002891       0xb5 /Applications/MCUXpressoIDE_11.9.1_2170/ide/plugins/com.nxp.mcuxpresso.tools.macosx_11.9.1.202402080819/tools/bin/../lib/gcc/arm-none-eabi/12.3.1/../../../../arm-none-eabi/lib/thumb/v6-m/nofp/libcr_semihost_nf.a(__ciob.o)
 .debug_abbrev  0x00002946       0xa5 /Applications/MCUXpressoIDE_11.9.1_2170/ide/plugins/com.nxp.mcuxpresso.tools.macosx_11.9.1.202402080819/tools/bin/../lib/gcc/arm-none-eabi/12.3.1/../../../../arm-none-eabi/lib/thumb/v6-m/nofp/libcr_c.a(memset.o)
 .debug_abbrev  0x000029eb      0x147 /Applications/MCUXpressoIDE_11.9.1_2170/ide/plugins/com.nxp.mcuxpresso.tools.macosx_11.9.1.202402080819/tools/bin/../lib/gcc/arm-none-eabi/12.3.1/../../../../arm-none-eabi/lib/thumb/v6-m/nofp/libcr_c.a(_deferredlazyseek.o)
 .debug_abbrev  0x00002b32       0xf1 /Applications/MCUXpressoIDE_11.9.1_2170/ide/plugins/com.nxp.mcuxpresso.tools.macosx_11.9.1.202402080819/tools/bin/../lib/gcc/arm-none-eabi/12.3.1/../../../../arm-none-eabi/lib/thumb/v6-m/nofp/libcr_c.a(_fflush.o)
 .debug_abbrev  0x00002c23      0x126 /Applications/MCUXpressoIDE_11.9.1_2170/ide/plugins/com.nxp.mcuxpresso.tools.macosx_11.9.1.202402080819/tools/bin/../lib/gcc/arm-none-eabi/12.3.1/../../../../arm-none-eabi/lib/thumb/v6-m/nofp/libcr_c.a(_writebuf.o)
 .debug_abbrev  0x00002d49      0x27b /Applications/MCUXpressoIDE_11.9.1_2170/ide/plugins/com.nxp.mcuxpresso.tools.macosx_11.9.1.202402080819/tools/bin/../lib/gcc/arm-none-eabi/12.3.1/../../../../arm-none-eabi/lib/thumb/v6-m/nofp/libcr_c.a(alloc.o)
 .debug_abbrev  0x00002fc4      0x10c /Applications/MCUXpressoIDE_11.9.1_2170/ide/plugins/com.nxp.mcuxpresso.tools.macosx_11.9.1.202402080819/tools/bin/../lib/gcc/arm-none-eabi/12.3.1/../../../../arm-none-eabi/lib/thumb/v6-m/nofp/libcr_c.a(fputs.o)
 .debug_abbrev  0x000030d0      0x11b /Applications/MCUXpressoIDE_11.9.1_2170/ide/plugins/com.nxp.mcuxpresso.tools.macosx_11.9.1.202402080819/tools/bin/../lib/gcc/arm-none-eabi/12.3.1/../../../../arm-none-eabi/lib/thumb/v6-m/nofp/libcr_c.a(fseek.o)
 .debug_abbrev  0x000031eb       0xc2 /Applications/MCUXpressoIDE_11.9.1_2170/ide/plugins/com.nxp.mcuxpresso.tools.macosx_11.9.1.202402080819/tools/bin/../lib/gcc/arm-none-eabi/12.3.1/../../../../arm-none-eabi/lib/thumb/v6-m/nofp/libcr_c.a(ftell.o)
 .debug_abbrev  0x000032ad      0x14b /Applications/MCUXpressoIDE_11.9.1_2170/ide/plugins/com.nxp.mcuxpresso.tools.macosx_11.9.1.202402080819/tools/bin/../lib/gcc/arm-none-eabi/12.3.1/../../../../arm-none-eabi/lib/thumb/v6-m/nofp/libcr_c.a(initio.o)
 .debug_abbrev  0x000033f8      0x3af /Applications/MCUXpressoIDE_11.9.1_2170/ide/plugins/com.nxp.mcuxpresso.tools.macosx_11.9.1.202402080819/tools/bin/../lib/gcc/arm-none-eabi/12.3.1/../../../../arm-none-eabi/lib/thumb/v6-m/nofp/libcr_c.a(printf.o)
 .debug_abbrev  0x000037a7       0xe1 /Applications/MCUXpressoIDE_11.9.1_2170/ide/plugins/com.nxp.mcuxpresso.tools.macosx_11.9.1.202402080819/tools/bin/../lib/gcc/arm-none-eabi/12.3.1/../../../../arm-none-eabi/lib/thumb/v6-m/nofp/libcr_c.a(setvbuf.o)
 .debug_abbrev  0x00003888      0x11e /Applications/MCUXpressoIDE_11.9.1_2170/ide/plugins/com.nxp.mcuxpresso.tools.macosx_11.9.1.202402080819/tools/bin/../lib/gcc/arm-none-eabi/12.3.1/../../../../arm-none-eabi/lib/thumb/v6-m/nofp/libcr_c.a(sqrt.o)
 .debug_abbrev  0x000039a6       0xa5 /Applications/MCUXpressoIDE_11.9.1_2170/ide/plugins/com.nxp.mcuxpresso.tools.macosx_11.9.1.202402080819/tools/bin/../lib/gcc/arm-none-eabi/12.3.1/../../../../arm-none-eabi/lib/thumb/v6-m/nofp/libcr_c.a(strlen.o)
 .debug_abbrev  0x00003a4b       0xaf /Applications/MCUXpressoIDE_11.9.1_2170/ide/plugins/com.nxp.mcuxpresso.tools.macosx_11.9.1.202402080819/tools/bin/../lib/gcc/arm-none-eabi/12.3.1/../../../../arm-none-eabi/lib/thumb/v6-m/nofp/libcr_c.a(__init_alloc.o)
 .debug_abbrev  0x00003afa       0xd3 /Applications/MCUXpressoIDE_11.9.1_2170/ide/plugins/com.nxp.mcuxpresso.tools.macosx_11.9.1.202402080819/tools/bin/../lib/gcc/arm-none-eabi/12.3.1/../../../../arm-none-eabi/lib/thumb/v6-m/nofp/libcr_c.a(_cr_sbrk.o)
 .debug_abbrev  0x00003bcd      0x119 /Applications/MCUXpressoIDE_11.9.1_2170/ide/plugins/com.nxp.mcuxpresso.tools.macosx_11.9.1.202402080819/tools/bin/../lib/gcc/arm-none-eabi/12.3.1/../../../../arm-none-eabi/lib/thumb/v6-m/nofp/libcr_c.a(_fdopen.o)
 .debug_abbrev  0x00003ce6       0x44 /Applications/MCUXpressoIDE_11.9.1_2170/ide/plugins/com.nxp.mcuxpresso.tools.macosx_11.9.1.202402080819/tools/bin/../lib/gcc/arm-none-eabi/12.3.1/../../../../arm-none-eabi/lib/thumb/v6-m/nofp/libcr_c.a(errno.o)
 .debug_abbrev  0x00003d2a      0x158 /Applications/MCUXpressoIDE_11.9.1_2170/ide/plugins/com.nxp.mcuxpresso.tools.macosx_11.9.1.202402080819/tools/bin/../lib/gcc/arm-none-eabi/12.3.1/../../../../arm-none-eabi/lib/thumb/v6-m/nofp/libcr_c.a(fclose.o)
 .debug_abbrev  0x00003e82      0x122 /Applications/MCUXpressoIDE_11.9.1_2170/ide/plugins/com.nxp.mcuxpresso.tools.macosx_11.9.1.202402080819/tools/bin/../lib/gcc/arm-none-eabi/12.3.1/../../../../arm-none-eabi/lib/thumb/v6-m/nofp/libcr_c.a(fflush.o)
 .debug_abbrev  0x00003fa4       0xed /Applications/MCUXpressoIDE_11.9.1_2170/ide/plugins/com.nxp.mcuxpresso.tools.macosx_11.9.1.202402080819/tools/bin/../lib/gcc/arm-none-eabi/12.3.1/../../../../arm-none-eabi/lib/thumb/v6-m/nofp/libcr_c.a(remove.o)
 .debug_abbrev  0x00004091       0x6b /Applications/MCUXpressoIDE_11.9.1_2170/ide/plugins/com.nxp.mcuxpresso.tools.macosx_11.9.1.202402080819/tools/bin/../lib/gcc/arm-none-eabi/12.3.1/../../../../arm-none-eabi/lib/thumb/v6-m/nofp/libcr_c.a(_cr_check_heap.o)
 .debug_abbrev  0x000040fc      0x12c /Applications/MCUXpressoIDE_11.9.1_2170/ide/plugins/com.nxp.mcuxpresso.tools.macosx_11.9.1.202402080819/tools/bin/../lib/gcc/arm-none-eabi/12.3.1/../../../../arm-none-eabi/lib/thumb/v6-m/nofp/libcr_c.a(_do_fflush.o)
 .debug_abbrev  0x00004228      0x391 /Applications/MCUXpressoIDE_11.9.1_2170/ide/plugins/com.nxp.mcuxpresso.tools.macosx_11.9.1.202402080819/tools/bin/../lib/gcc/arm-none-eabi/12.3.1/thumb/v6-m/nofp/libcr_eabihelpers.a(double.o)
 .debug_abbrev  0x000045b9      0x37c /Applications/MCUXpressoIDE_11.9.1_2170/ide/plugins/com.nxp.mcuxpresso.tools.macosx_11.9.1.202402080819/tools/bin/../lib/gcc/arm-none-eabi/12.3.1/thumb/v6-m/nofp/libcr_eabihelpers.a(float.o)

.debug_aranges  0x00000000     0x10f8
 .debug_aranges
                0x00000000       0x30 ./utilities/fsl_debug_console.o
 .debug_aranges
                0x00000030       0x58 ./utilities/fsl_io.o
 .debug_aranges
                0x00000088       0x58 ./utilities/fsl_log.o
 .debug_aranges
                0x000000e0      0x160 ./startup/startup_mkl46z4.o
 .debug_aranges
                0x00000240       0x70 ./source/cmsis_i2c_read_accel_value_transfer.o
 .debug_aranges
                0x000002b0       0x18 ./source/mtb.o
 .debug_aranges
                0x000002c8       0x20 ./source/semihost_hardfault.o
 .debug_aranges
                0x000002e8      0x1d8 ./drivers/fsl_clock.o
 .debug_aranges
                0x000004c0       0xd0 ./drivers/fsl_dma.o
 .debug_aranges
                0x00000590       0x78 ./drivers/fsl_gpio.o
 .debug_aranges
                0x00000608      0x178 ./drivers/fsl_i2c.o
 .debug_aranges
                0x00000780       0xe8 ./drivers/fsl_i2c_cmsis.o
 .debug_aranges
                0x00000868      0x118 ./drivers/fsl_lpsci.o
 .debug_aranges
                0x00000980      0x130 ./drivers/fsl_uart.o
 .debug_aranges
                0x00000ab0       0x28 ./board/src/board.o
 .debug_aranges
                0x00000ad8       0x50 ./board/src/clock_config.o
 .debug_aranges
                0x00000b28       0x48 ./board/pin_mux.o
 .debug_aranges
                0x00000b70       0x30 ./CMSIS/system_MKL46Z4.o
 .debug_aranges
                0x00000ba0       0x20 /Applications/MCUXpressoIDE_11.9.1_2170/ide/plugins/com.nxp.mcuxpresso.tools.macosx_11.9.1.202402080819/tools/bin/../lib/gcc/arm-none-eabi/12.3.1/../../../../arm-none-eabi/lib/thumb/v6-m/nofp/libcr_semihost_nf.a(_cr__main.o)
 .debug_aranges
                0x00000bc0       0x20 /Applications/MCUXpressoIDE_11.9.1_2170/ide/plugins/com.nxp.mcuxpresso.tools.macosx_11.9.1.202402080819/tools/bin/../lib/gcc/arm-none-eabi/12.3.1/../../../../arm-none-eabi/lib/thumb/v6-m/nofp/libcr_semihost_nf.a(_cr_assert.o)
 .debug_aranges
                0x00000be0       0x18 /Applications/MCUXpressoIDE_11.9.1_2170/ide/plugins/com.nxp.mcuxpresso.tools.macosx_11.9.1.202402080819/tools/bin/../lib/gcc/arm-none-eabi/12.3.1/../../../../arm-none-eabi/lib/thumb/v6-m/nofp/libcr_semihost_nf.a(__ciob.o)
 .debug_aranges
                0x00000bf8       0x20 /Applications/MCUXpressoIDE_11.9.1_2170/ide/plugins/com.nxp.mcuxpresso.tools.macosx_11.9.1.202402080819/tools/bin/../lib/gcc/arm-none-eabi/12.3.1/../../../../arm-none-eabi/lib/thumb/v6-m/nofp/libcr_c.a(memset.o)
 .debug_aranges
                0x00000c18       0x28 /Applications/MCUXpressoIDE_11.9.1_2170/ide/plugins/com.nxp.mcuxpresso.tools.macosx_11.9.1.202402080819/tools/bin/../lib/gcc/arm-none-eabi/12.3.1/../../../../arm-none-eabi/lib/thumb/v6-m/nofp/libcr_c.a(_deferredlazyseek.o)
 .debug_aranges
                0x00000c40       0x20 /Applications/MCUXpressoIDE_11.9.1_2170/ide/plugins/com.nxp.mcuxpresso.tools.macosx_11.9.1.202402080819/tools/bin/../lib/gcc/arm-none-eabi/12.3.1/../../../../arm-none-eabi/lib/thumb/v6-m/nofp/libcr_c.a(_fflush.o)
 .debug_aranges
                0x00000c60       0x20 /Applications/MCUXpressoIDE_11.9.1_2170/ide/plugins/com.nxp.mcuxpresso.tools.macosx_11.9.1.202402080819/tools/bin/../lib/gcc/arm-none-eabi/12.3.1/../../../../arm-none-eabi/lib/thumb/v6-m/nofp/libcr_c.a(_writebuf.o)
 .debug_aranges
                0x00000c80       0x40 /Applications/MCUXpressoIDE_11.9.1_2170/ide/plugins/com.nxp.mcuxpresso.tools.macosx_11.9.1.202402080819/tools/bin/../lib/gcc/arm-none-eabi/12.3.1/../../../../arm-none-eabi/lib/thumb/v6-m/nofp/libcr_c.a(alloc.o)
 .debug_aranges
                0x00000cc0       0x20 /Applications/MCUXpressoIDE_11.9.1_2170/ide/plugins/com.nxp.mcuxpresso.tools.macosx_11.9.1.202402080819/tools/bin/../lib/gcc/arm-none-eabi/12.3.1/../../../../arm-none-eabi/lib/thumb/v6-m/nofp/libcr_c.a(fputs.o)
 .debug_aranges
                0x00000ce0       0x20 /Applications/MCUXpressoIDE_11.9.1_2170/ide/plugins/com.nxp.mcuxpresso.tools.macosx_11.9.1.202402080819/tools/bin/../lib/gcc/arm-none-eabi/12.3.1/../../../../arm-none-eabi/lib/thumb/v6-m/nofp/libcr_c.a(fseek.o)
 .debug_aranges
                0x00000d00       0x20 /Applications/MCUXpressoIDE_11.9.1_2170/ide/plugins/com.nxp.mcuxpresso.tools.macosx_11.9.1.202402080819/tools/bin/../lib/gcc/arm-none-eabi/12.3.1/../../../../arm-none-eabi/lib/thumb/v6-m/nofp/libcr_c.a(ftell.o)
 .debug_aranges
                0x00000d20       0x28 /Applications/MCUXpressoIDE_11.9.1_2170/ide/plugins/com.nxp.mcuxpresso.tools.macosx_11.9.1.202402080819/tools/bin/../lib/gcc/arm-none-eabi/12.3.1/../../../../arm-none-eabi/lib/thumb/v6-m/nofp/libcr_c.a(initio.o)
 .debug_aranges
                0x00000d48       0x70 /Applications/MCUXpressoIDE_11.9.1_2170/ide/plugins/com.nxp.mcuxpresso.tools.macosx_11.9.1.202402080819/tools/bin/../lib/gcc/arm-none-eabi/12.3.1/../../../../arm-none-eabi/lib/thumb/v6-m/nofp/libcr_c.a(printf.o)
 .debug_aranges
                0x00000db8       0x20 /Applications/MCUXpressoIDE_11.9.1_2170/ide/plugins/com.nxp.mcuxpresso.tools.macosx_11.9.1.202402080819/tools/bin/../lib/gcc/arm-none-eabi/12.3.1/../../../../arm-none-eabi/lib/thumb/v6-m/nofp/libcr_c.a(setvbuf.o)
 .debug_aranges
                0x00000dd8       0x20 /Applications/MCUXpressoIDE_11.9.1_2170/ide/plugins/com.nxp.mcuxpresso.tools.macosx_11.9.1.202402080819/tools/bin/../lib/gcc/arm-none-eabi/12.3.1/../../../../arm-none-eabi/lib/thumb/v6-m/nofp/libcr_c.a(sqrt.o)
 .debug_aranges
                0x00000df8       0x20 /Applications/MCUXpressoIDE_11.9.1_2170/ide/plugins/com.nxp.mcuxpresso.tools.macosx_11.9.1.202402080819/tools/bin/../lib/gcc/arm-none-eabi/12.3.1/../../../../arm-none-eabi/lib/thumb/v6-m/nofp/libcr_c.a(strlen.o)
 .debug_aranges
                0x00000e18       0x20 /Applications/MCUXpressoIDE_11.9.1_2170/ide/plugins/com.nxp.mcuxpresso.tools.macosx_11.9.1.202402080819/tools/bin/../lib/gcc/arm-none-eabi/12.3.1/../../../../arm-none-eabi/lib/thumb/v6-m/nofp/libcr_c.a(__init_alloc.o)
 .debug_aranges
                0x00000e38       0x20 /Applications/MCUXpressoIDE_11.9.1_2170/ide/plugins/com.nxp.mcuxpresso.tools.macosx_11.9.1.202402080819/tools/bin/../lib/gcc/arm-none-eabi/12.3.1/../../../../arm-none-eabi/lib/thumb/v6-m/nofp/libcr_c.a(_cr_sbrk.o)
 .debug_aranges
                0x00000e58       0x20 /Applications/MCUXpressoIDE_11.9.1_2170/ide/plugins/com.nxp.mcuxpresso.tools.macosx_11.9.1.202402080819/tools/bin/../lib/gcc/arm-none-eabi/12.3.1/../../../../arm-none-eabi/lib/thumb/v6-m/nofp/libcr_c.a(_fdopen.o)
 .debug_aranges
                0x00000e78       0x18 /Applications/MCUXpressoIDE_11.9.1_2170/ide/plugins/com.nxp.mcuxpresso.tools.macosx_11.9.1.202402080819/tools/bin/../lib/gcc/arm-none-eabi/12.3.1/../../../../arm-none-eabi/lib/thumb/v6-m/nofp/libcr_c.a(errno.o)
 .debug_aranges
                0x00000e90       0x20 /Applications/MCUXpressoIDE_11.9.1_2170/ide/plugins/com.nxp.mcuxpresso.tools.macosx_11.9.1.202402080819/tools/bin/../lib/gcc/arm-none-eabi/12.3.1/../../../../arm-none-eabi/lib/thumb/v6-m/nofp/libcr_c.a(fclose.o)
 .debug_aranges
                0x00000eb0       0x20 /Applications/MCUXpressoIDE_11.9.1_2170/ide/plugins/com.nxp.mcuxpresso.tools.macosx_11.9.1.202402080819/tools/bin/../lib/gcc/arm-none-eabi/12.3.1/../../../../arm-none-eabi/lib/thumb/v6-m/nofp/libcr_c.a(fflush.o)
 .debug_aranges
                0x00000ed0       0x28 /Applications/MCUXpressoIDE_11.9.1_2170/ide/plugins/com.nxp.mcuxpresso.tools.macosx_11.9.1.202402080819/tools/bin/../lib/gcc/arm-none-eabi/12.3.1/../../../../arm-none-eabi/lib/thumb/v6-m/nofp/libcr_c.a(remove.o)
 .debug_aranges
                0x00000ef8       0x20 /Applications/MCUXpressoIDE_11.9.1_2170/ide/plugins/com.nxp.mcuxpresso.tools.macosx_11.9.1.202402080819/tools/bin/../lib/gcc/arm-none-eabi/12.3.1/../../../../arm-none-eabi/lib/thumb/v6-m/nofp/libcr_c.a(_cr_check_heap.o)
 .debug_aranges
                0x00000f18       0x20 /Applications/MCUXpressoIDE_11.9.1_2170/ide/plugins/com.nxp.mcuxpresso.tools.macosx_11.9.1.202402080819/tools/bin/../lib/gcc/arm-none-eabi/12.3.1/../../../../arm-none-eabi/lib/thumb/v6-m/nofp/libcr_c.a(_do_fflush.o)
 .debug_aranges
                0x00000f38       0xe0 /Applications/MCUXpressoIDE_11.9.1_2170/ide/plugins/com.nxp.mcuxpresso.tools.macosx_11.9.1.202402080819/tools/bin/../lib/gcc/arm-none-eabi/12.3.1/thumb/v6-m/nofp/libcr_eabihelpers.a(double.o)
 .debug_aranges
                0x00001018       0xe0 /Applications/MCUXpressoIDE_11.9.1_2170/ide/plugins/com.nxp.mcuxpresso.tools.macosx_11.9.1.202402080819/tools/bin/../lib/gcc/arm-none-eabi/12.3.1/thumb/v6-m/nofp/libcr_eabihelpers.a(float.o)

.debug_ranges   0x00000000     0x14f8
 .debug_ranges  0x00000000       0x20 ./utilities/fsl_debug_console.o
 .debug_ranges  0x00000020       0x48 ./utilities/fsl_io.o
 .debug_ranges  0x00000068       0x48 ./utilities/fsl_log.o
 .debug_ranges  0x000000b0      0x150 ./startup/startup_mkl46z4.o
 .debug_ranges  0x00000200       0x60 ./source/cmsis_i2c_read_accel_value_transfer.o
 .debug_ranges  0x00000260       0x10 ./source/semihost_hardfault.o
 .debug_ranges  0x00000270      0x1c8 ./drivers/fsl_clock.o
 .debug_ranges  0x00000438       0xc0 ./drivers/fsl_dma.o
 .debug_ranges  0x000004f8       0x68 ./drivers/fsl_gpio.o
 .debug_ranges  0x00000560      0x168 ./drivers/fsl_i2c.o
 .debug_ranges  0x000006c8       0xd8 ./drivers/fsl_i2c_cmsis.o
 .debug_ranges  0x000007a0      0x108 ./drivers/fsl_lpsci.o
 .debug_ranges  0x000008a8      0x120 ./drivers/fsl_uart.o
 .debug_ranges  0x000009c8       0x18 ./board/src/board.o
 .debug_ranges  0x000009e0       0x40 ./board/src/clock_config.o
 .debug_ranges  0x00000a20       0x38 ./board/pin_mux.o
 .debug_ranges  0x00000a58       0x20 ./CMSIS/system_MKL46Z4.o
 .debug_ranges  0x00000a78       0x10 /Applications/MCUXpressoIDE_11.9.1_2170/ide/plugins/com.nxp.mcuxpresso.tools.macosx_11.9.1.202402080819/tools/bin/../lib/gcc/arm-none-eabi/12.3.1/../../../../arm-none-eabi/lib/thumb/v6-m/nofp/libcr_semihost_nf.a(_cr__main.o)
 .debug_ranges  0x00000a88       0x10 /Applications/MCUXpressoIDE_11.9.1_2170/ide/plugins/com.nxp.mcuxpresso.tools.macosx_11.9.1.202402080819/tools/bin/../lib/gcc/arm-none-eabi/12.3.1/../../../../arm-none-eabi/lib/thumb/v6-m/nofp/libcr_semihost_nf.a(_cr_assert.o)
 .debug_ranges  0x00000a98       0x10 /Applications/MCUXpressoIDE_11.9.1_2170/ide/plugins/com.nxp.mcuxpresso.tools.macosx_11.9.1.202402080819/tools/bin/../lib/gcc/arm-none-eabi/12.3.1/../../../../arm-none-eabi/lib/thumb/v6-m/nofp/libcr_c.a(memset.o)
 .debug_ranges  0x00000aa8       0x50 /Applications/MCUXpressoIDE_11.9.1_2170/ide/plugins/com.nxp.mcuxpresso.tools.macosx_11.9.1.202402080819/tools/bin/../lib/gcc/arm-none-eabi/12.3.1/../../../../arm-none-eabi/lib/thumb/v6-m/nofp/libcr_c.a(_deferredlazyseek.o)
 .debug_ranges  0x00000af8       0x10 /Applications/MCUXpressoIDE_11.9.1_2170/ide/plugins/com.nxp.mcuxpresso.tools.macosx_11.9.1.202402080819/tools/bin/../lib/gcc/arm-none-eabi/12.3.1/../../../../arm-none-eabi/lib/thumb/v6-m/nofp/libcr_c.a(_fflush.o)
 .debug_ranges  0x00000b08       0x10 /Applications/MCUXpressoIDE_11.9.1_2170/ide/plugins/com.nxp.mcuxpresso.tools.macosx_11.9.1.202402080819/tools/bin/../lib/gcc/arm-none-eabi/12.3.1/../../../../arm-none-eabi/lib/thumb/v6-m/nofp/libcr_c.a(_writebuf.o)
 .debug_ranges  0x00000b18       0x50 /Applications/MCUXpressoIDE_11.9.1_2170/ide/plugins/com.nxp.mcuxpresso.tools.macosx_11.9.1.202402080819/tools/bin/../lib/gcc/arm-none-eabi/12.3.1/../../../../arm-none-eabi/lib/thumb/v6-m/nofp/libcr_c.a(alloc.o)
 .debug_ranges  0x00000b68       0x10 /Applications/MCUXpressoIDE_11.9.1_2170/ide/plugins/com.nxp.mcuxpresso.tools.macosx_11.9.1.202402080819/tools/bin/../lib/gcc/arm-none-eabi/12.3.1/../../../../arm-none-eabi/lib/thumb/v6-m/nofp/libcr_c.a(fputs.o)
 .debug_ranges  0x00000b78       0x10 /Applications/MCUXpressoIDE_11.9.1_2170/ide/plugins/com.nxp.mcuxpresso.tools.macosx_11.9.1.202402080819/tools/bin/../lib/gcc/arm-none-eabi/12.3.1/../../../../arm-none-eabi/lib/thumb/v6-m/nofp/libcr_c.a(fseek.o)
 .debug_ranges  0x00000b88       0x10 /Applications/MCUXpressoIDE_11.9.1_2170/ide/plugins/com.nxp.mcuxpresso.tools.macosx_11.9.1.202402080819/tools/bin/../lib/gcc/arm-none-eabi/12.3.1/../../../../arm-none-eabi/lib/thumb/v6-m/nofp/libcr_c.a(ftell.o)
 .debug_ranges  0x00000b98       0x38 /Applications/MCUXpressoIDE_11.9.1_2170/ide/plugins/com.nxp.mcuxpresso.tools.macosx_11.9.1.202402080819/tools/bin/../lib/gcc/arm-none-eabi/12.3.1/../../../../arm-none-eabi/lib/thumb/v6-m/nofp/libcr_c.a(initio.o)
 .debug_ranges  0x00000bd0      0x2b8 /Applications/MCUXpressoIDE_11.9.1_2170/ide/plugins/com.nxp.mcuxpresso.tools.macosx_11.9.1.202402080819/tools/bin/../lib/gcc/arm-none-eabi/12.3.1/../../../../arm-none-eabi/lib/thumb/v6-m/nofp/libcr_c.a(printf.o)
 .debug_ranges  0x00000e88       0x10 /Applications/MCUXpressoIDE_11.9.1_2170/ide/plugins/com.nxp.mcuxpresso.tools.macosx_11.9.1.202402080819/tools/bin/../lib/gcc/arm-none-eabi/12.3.1/../../../../arm-none-eabi/lib/thumb/v6-m/nofp/libcr_c.a(setvbuf.o)
 .debug_ranges  0x00000e98       0x28 /Applications/MCUXpressoIDE_11.9.1_2170/ide/plugins/com.nxp.mcuxpresso.tools.macosx_11.9.1.202402080819/tools/bin/../lib/gcc/arm-none-eabi/12.3.1/../../../../arm-none-eabi/lib/thumb/v6-m/nofp/libcr_c.a(sqrt.o)
 .debug_ranges  0x00000ec0       0x28 /Applications/MCUXpressoIDE_11.9.1_2170/ide/plugins/com.nxp.mcuxpresso.tools.macosx_11.9.1.202402080819/tools/bin/../lib/gcc/arm-none-eabi/12.3.1/../../../../arm-none-eabi/lib/thumb/v6-m/nofp/libcr_c.a(strlen.o)
 .debug_ranges  0x00000ee8       0x10 /Applications/MCUXpressoIDE_11.9.1_2170/ide/plugins/com.nxp.mcuxpresso.tools.macosx_11.9.1.202402080819/tools/bin/../lib/gcc/arm-none-eabi/12.3.1/../../../../arm-none-eabi/lib/thumb/v6-m/nofp/libcr_c.a(__init_alloc.o)
 .debug_ranges  0x00000ef8       0x10 /Applications/MCUXpressoIDE_11.9.1_2170/ide/plugins/com.nxp.mcuxpresso.tools.macosx_11.9.1.202402080819/tools/bin/../lib/gcc/arm-none-eabi/12.3.1/../../../../arm-none-eabi/lib/thumb/v6-m/nofp/libcr_c.a(_cr_sbrk.o)
 .debug_ranges  0x00000f08       0x10 /Applications/MCUXpressoIDE_11.9.1_2170/ide/plugins/com.nxp.mcuxpresso.tools.macosx_11.9.1.202402080819/tools/bin/../lib/gcc/arm-none-eabi/12.3.1/../../../../arm-none-eabi/lib/thumb/v6-m/nofp/libcr_c.a(_fdopen.o)
 .debug_ranges  0x00000f18       0x10 /Applications/MCUXpressoIDE_11.9.1_2170/ide/plugins/com.nxp.mcuxpresso.tools.macosx_11.9.1.202402080819/tools/bin/../lib/gcc/arm-none-eabi/12.3.1/../../../../arm-none-eabi/lib/thumb/v6-m/nofp/libcr_c.a(fclose.o)
 .debug_ranges  0x00000f28       0x28 /Applications/MCUXpressoIDE_11.9.1_2170/ide/plugins/com.nxp.mcuxpresso.tools.macosx_11.9.1.202402080819/tools/bin/../lib/gcc/arm-none-eabi/12.3.1/../../../../arm-none-eabi/lib/thumb/v6-m/nofp/libcr_c.a(fflush.o)
 .debug_ranges  0x00000f50       0x18 /Applications/MCUXpressoIDE_11.9.1_2170/ide/plugins/com.nxp.mcuxpresso.tools.macosx_11.9.1.202402080819/tools/bin/../lib/gcc/arm-none-eabi/12.3.1/../../../../arm-none-eabi/lib/thumb/v6-m/nofp/libcr_c.a(remove.o)
 .debug_ranges  0x00000f68       0x10 /Applications/MCUXpressoIDE_11.9.1_2170/ide/plugins/com.nxp.mcuxpresso.tools.macosx_11.9.1.202402080819/tools/bin/../lib/gcc/arm-none-eabi/12.3.1/../../../../arm-none-eabi/lib/thumb/v6-m/nofp/libcr_c.a(_cr_check_heap.o)
 .debug_ranges  0x00000f78       0x28 /Applications/MCUXpressoIDE_11.9.1_2170/ide/plugins/com.nxp.mcuxpresso.tools.macosx_11.9.1.202402080819/tools/bin/../lib/gcc/arm-none-eabi/12.3.1/../../../../arm-none-eabi/lib/thumb/v6-m/nofp/libcr_c.a(_do_fflush.o)
 .debug_ranges  0x00000fa0      0x2d8 /Applications/MCUXpressoIDE_11.9.1_2170/ide/plugins/com.nxp.mcuxpresso.tools.macosx_11.9.1.202402080819/tools/bin/../lib/gcc/arm-none-eabi/12.3.1/thumb/v6-m/nofp/libcr_eabihelpers.a(double.o)
 .debug_ranges  0x00001278      0x280 /Applications/MCUXpressoIDE_11.9.1_2170/ide/plugins/com.nxp.mcuxpresso.tools.macosx_11.9.1.202402080819/tools/bin/../lib/gcc/arm-none-eabi/12.3.1/thumb/v6-m/nofp/libcr_eabihelpers.a(float.o)

.debug_line     0x00000000     0xd3eb
 .debug_line    0x00000000      0x19f ./utilities/fsl_debug_console.o
 .debug_line    0x0000019f      0x470 ./utilities/fsl_io.o
 .debug_line    0x0000060f      0x349 ./utilities/fsl_log.o
 .debug_line    0x00000958      0x310 ./startup/startup_mkl46z4.o
 .debug_line    0x00000c68      0x805 ./source/cmsis_i2c_read_accel_value_transfer.o
 .debug_line    0x0000146d       0x30 ./source/mtb.o
 .debug_line    0x0000149d       0x59 ./source/semihost_hardfault.o
 .debug_line    0x000014f6     0x11d1 ./drivers/fsl_clock.o
 .debug_line    0x000026c7      0x6cd ./drivers/fsl_dma.o
 .debug_line    0x00002d94      0x365 ./drivers/fsl_gpio.o
 .debug_line    0x000030f9     0x1347 ./drivers/fsl_i2c.o
 .debug_line    0x00004440      0x84b ./drivers/fsl_i2c_cmsis.o
 .debug_line    0x00004c8b      0xd20 ./drivers/fsl_lpsci.o
 .debug_line    0x000059ab      0xd15 ./drivers/fsl_uart.o
 .debug_line    0x000066c0      0x24e ./board/src/board.o
 .debug_line    0x0000690e      0x2cb ./board/src/clock_config.o
 .debug_line    0x00006bd9      0x28e ./board/pin_mux.o
 .debug_line    0x00006e67      0x230 ./CMSIS/system_MKL46Z4.o
 .debug_line    0x00007097       0xcd /Applications/MCUXpressoIDE_11.9.1_2170/ide/plugins/com.nxp.mcuxpresso.tools.macosx_11.9.1.202402080819/tools/bin/../lib/gcc/arm-none-eabi/12.3.1/../../../../arm-none-eabi/lib/thumb/v6-m/nofp/libcr_semihost_nf.a(_cr__main.o)
 .debug_line    0x00007164      0x12a /Applications/MCUXpressoIDE_11.9.1_2170/ide/plugins/com.nxp.mcuxpresso.tools.macosx_11.9.1.202402080819/tools/bin/../lib/gcc/arm-none-eabi/12.3.1/../../../../arm-none-eabi/lib/thumb/v6-m/nofp/libcr_semihost_nf.a(_cr_assert.o)
 .debug_line    0x0000728e       0xf2 /Applications/MCUXpressoIDE_11.9.1_2170/ide/plugins/com.nxp.mcuxpresso.tools.macosx_11.9.1.202402080819/tools/bin/../lib/gcc/arm-none-eabi/12.3.1/../../../../arm-none-eabi/lib/thumb/v6-m/nofp/libcr_semihost_nf.a(__ciob.o)
 .debug_line    0x00007380       0x82 /Applications/MCUXpressoIDE_11.9.1_2170/ide/plugins/com.nxp.mcuxpresso.tools.macosx_11.9.1.202402080819/tools/bin/../lib/gcc/arm-none-eabi/12.3.1/../../../../arm-none-eabi/lib/thumb/v6-m/nofp/libcr_c.a(memset.o)
 .debug_line    0x00007402      0x305 /Applications/MCUXpressoIDE_11.9.1_2170/ide/plugins/com.nxp.mcuxpresso.tools.macosx_11.9.1.202402080819/tools/bin/../lib/gcc/arm-none-eabi/12.3.1/../../../../arm-none-eabi/lib/thumb/v6-m/nofp/libcr_c.a(_deferredlazyseek.o)
 .debug_line    0x00007707      0x11f /Applications/MCUXpressoIDE_11.9.1_2170/ide/plugins/com.nxp.mcuxpresso.tools.macosx_11.9.1.202402080819/tools/bin/../lib/gcc/arm-none-eabi/12.3.1/../../../../arm-none-eabi/lib/thumb/v6-m/nofp/libcr_c.a(_fflush.o)
 .debug_line    0x00007826      0x139 /Applications/MCUXpressoIDE_11.9.1_2170/ide/plugins/com.nxp.mcuxpresso.tools.macosx_11.9.1.202402080819/tools/bin/../lib/gcc/arm-none-eabi/12.3.1/../../../../arm-none-eabi/lib/thumb/v6-m/nofp/libcr_c.a(_writebuf.o)
 .debug_line    0x0000795f      0x3db /Applications/MCUXpressoIDE_11.9.1_2170/ide/plugins/com.nxp.mcuxpresso.tools.macosx_11.9.1.202402080819/tools/bin/../lib/gcc/arm-none-eabi/12.3.1/../../../../arm-none-eabi/lib/thumb/v6-m/nofp/libcr_c.a(alloc.o)
 .debug_line    0x00007d3a       0xcb /Applications/MCUXpressoIDE_11.9.1_2170/ide/plugins/com.nxp.mcuxpresso.tools.macosx_11.9.1.202402080819/tools/bin/../lib/gcc/arm-none-eabi/12.3.1/../../../../arm-none-eabi/lib/thumb/v6-m/nofp/libcr_c.a(fputs.o)
 .debug_line    0x00007e05      0x242 /Applications/MCUXpressoIDE_11.9.1_2170/ide/plugins/com.nxp.mcuxpresso.tools.macosx_11.9.1.202402080819/tools/bin/../lib/gcc/arm-none-eabi/12.3.1/../../../../arm-none-eabi/lib/thumb/v6-m/nofp/libcr_c.a(fseek.o)