Archive member included to satisfy reference by file (symbol)

/Applications/MCUXpressoIDE_11.9.1_2170/ide/plugins/com.nxp.mcuxpresso.tools.macosx_11.9.1.202402080819/tools/bin/../lib/gcc/arm-none-eabi/12.3.1/../../../../arm-none-eabi/lib/thumb/v6-m/nofp/libcr_semihost_nf.a(_cr__main.o)
                              ./startup/startup_mkl46z4.o (__main)
/Applications/MCUXpressoIDE_11.9.1_2170/ide/plugins/com.nxp.mcuxpresso.tools.macosx_11.9.1.202402080819/tools/bin/../lib/gcc/arm-none-eabi/12.3.1/../../../../arm-none-eabi/lib/thumb/v6-m/nofp/libcr_semihost_nf.a(_cr_assert.o)
                              ./utilities/fsl_debug_console.o (__assertion_failed)
/Applications/MCUXpressoIDE_11.9.1_2170/ide/plugins/com.nxp.mcuxpresso.tools.macosx_11.9.1.202402080819/tools/bin/../lib/gcc/arm-none-eabi/12.3.1/../../../../arm-none-eabi/lib/thumb/v6-m/nofp/libcr_semihost_nf.a(__ciob.o)
                              /Applications/MCUXpressoIDE_11.9.1_2170/ide/plugins/com.nxp.mcuxpresso.tools.macosx_11.9.1.202402080819/tools/bin/../lib/gcc/arm-none-eabi/12.3.1/../../../../arm-none-eabi/lib/thumb/v6-m/nofp/libcr_semihost_nf.a(_cr_assert.o) (__Ciob)
/Applications/MCUXpressoIDE_11.9.1_2170/ide/plugins/com.nxp.mcuxpresso.tools.macosx_11.9.1.202402080819/tools/bin/../lib/gcc/arm-none-eabi/12.3.1/../../../../arm-none-eabi/lib/thumb/v6-m/nofp/libcr_semihost_nf.a(__sys_appexit.o)
                              /Applications/MCUXpressoIDE_11.9.1_2170/ide/plugins/com.nxp.mcuxpresso.tools.macosx_11.9.1.202402080819/tools/bin/../lib/gcc/arm-none-eabi/12.3.1/../../../../arm-none-eabi/lib/thumb/v6-m/nofp/libcr_semihost_nf.a(_cr_assert.o) (__sys_appexit)
/Applications/MCUXpressoIDE_11.9.1_2170/ide/plugins/com.nxp.mcuxpresso.tools.macosx_11.9.1.202402080819/tools/bin/../lib/gcc/arm-none-eabi/12.3.1/../../../../arm-none-eabi/lib/thumb/v6-m/nofp/libcr_c.a(memcpy.o)
                              ./drivers/fsl_ftfx_cache.o (memcpy)
/Applications/MCUXpressoIDE_11.9.1_2170/ide/plugins/com.nxp.mcuxpresso.tools.macosx_11.9.1.202402080819/tools/bin/../lib/gcc/arm-none-eabi/12.3.1/../../../../arm-none-eabi/lib/thumb/v6-m/nofp/libcr_c.a(memset.o)
                              ./source/main.o (memset)
/Applications/MCUXpressoIDE_11.9.1_2170/ide/plugins/com.nxp.mcuxpresso.tools.macosx_11.9.1.202402080819/tools/bin/../lib/gcc/arm-none-eabi/12.3.1/../../../../arm-none-eabi/lib/thumb/v6-m/nofp/libcr_c.a(_deferredlazyseek.o)
                              /Applications/MCUXpressoIDE_11.9.1_2170/ide/plugins/com.nxp.mcuxpresso.tools.macosx_11.9.1.202402080819/tools/bin/../lib/gcc/arm-none-eabi/12.3.1/../../../../arm-none-eabi/lib/thumb/v6-m/nofp/libcr_semihost_nf.a(_cr_assert.o) (__flsbuf)
/Applications/MCUXpressoIDE_11.9.1_2170/ide/plugins/com.nxp.mcuxpresso.tools.macosx_11.9.1.202402080819/tools/bin/../lib/gcc/arm-none-eabi/12.3.1/../../../../arm-none-eabi/lib/thumb/v6-m/nofp/libcr_c.a(_fflush.o)
                              /Applications/MCUXpressoIDE_11.9.1_2170/ide/plugins/com.nxp.mcuxpresso.tools.macosx_11.9.1.202402080819/tools/bin/../lib/gcc/arm-none-eabi/12.3.1/../../../../arm-none-eabi/lib/thumb/v6-m/nofp/libcr_c.a(_deferredlazyseek.o) (_fflush)
/Applications/MCUXpressoIDE_11.9.1_2170/ide/plugins/com.nxp.mcuxpresso.tools.macosx_11.9.1.202402080819/tools/bin/../lib/gcc/arm-none-eabi/12.3.1/../../../../arm-none-eabi/lib/thumb/v6-m/nofp/libcr_c.a(_writebuf.o)
                              /Applications/MCUXpressoIDE_11.9.1_2170/ide/plugins/com.nxp.mcuxpresso.tools.macosx_11.9.1.202402080819/tools/bin/../lib/gcc/arm-none-eabi/12.3.1/../../../../arm-none-eabi/lib/thumb/v6-m/nofp/libcr_c.a(_deferredlazyseek.o) (_Cwritebuf)
/Applications/MCUXpressoIDE_11.9.1_2170/ide/plugins/com.nxp.mcuxpresso.tools.macosx_11.9.1.202402080819/tools/bin/../lib/gcc/arm-none-eabi/12.3.1/../../../../arm-none-eabi/lib/thumb/v6-m/nofp/libcr_c.a(alloc.o)
                              ./drivers/fsl_common.o (malloc)
/Applications/MCUXpressoIDE_11.9.1_2170/ide/plugins/com.nxp.mcuxpresso.tools.macosx_11.9.1.202402080819/tools/bin/../lib/gcc/arm-none-eabi/12.3.1/../../../../arm-none-eabi/lib/thumb/v6-m/nofp/libcr_c.a(fputs.o)
                              /Applications/MCUXpressoIDE_11.9.1_2170/ide/plugins/com.nxp.mcuxpresso.tools.macosx_11.9.1.202402080819/tools/bin/../lib/gcc/arm-none-eabi/12.3.1/../../../../arm-none-eabi/lib/thumb/v6-m/nofp/libcr_semihost_nf.a(_cr_assert.o) (fputs)
/Applications/MCUXpressoIDE_11.9.1_2170/ide/plugins/com.nxp.mcuxpresso.tools.macosx_11.9.1.202402080819/tools/bin/../lib/gcc/arm-none-eabi/12.3.1/../../../../arm-none-eabi/lib/thumb/v6-m/nofp/libcr_c.a(fseek.o)
                              /Applications/MCUXpressoIDE_11.9.1_2170/ide/plugins/com.nxp.mcuxpresso.tools.macosx_11.9.1.202402080819/tools/bin/../lib/gcc/arm-none-eabi/12.3.1/../../../../arm-none-eabi/lib/thumb/v6-m/nofp/libcr_c.a(_deferredlazyseek.o) (fseek)
[...]
Memory Configuration

Name             Origin             Length             Attributes
PROGRAM_FLASH    0x00000000         0x00040000         xr
SRAM             0x1fffe000         0x00008000         xrw
*default*        0x00000000         0xffffffff

Linker script and memory map

LOAD ./utilities/fsl_assert.o
LOAD ./utilities/fsl_debug_console.o
LOAD ./utilities/fsl_io.o
LOAD ./utilities/fsl_log.o
LOAD ./utilities/fsl_str.o
LOAD ./startup/startup_mkl46z4.o
LOAD ./source/ECE3140Lab2.o
LOAD ./source/ECE3140_lowlevel.o
LOAD ./source/led.o
LOAD ./source/led_lowlevel.o
LOAD ./source/main.o
LOAD ./drivers/fsl_clock.o
LOAD ./drivers/fsl_common.o
LOAD ./drivers/fsl_dma.o
LOAD ./drivers/fsl_dmamux.o
LOAD ./drivers/fsl_ftfx_cache.o
LOAD ./drivers/fsl_ftfx_controller.o
LOAD ./drivers/fsl_ftfx_flash.o
LOAD ./drivers/fsl_ftfx_flexnvm.o
LOAD ./drivers/fsl_gpio.o
LOAD ./drivers/fsl_i2c.o
LOAD ./drivers/fsl_i2c_cmsis.o
LOAD ./drivers/fsl_i2c_dma.o
LOAD ./drivers/fsl_lpsci.o
LOAD ./drivers/fsl_smc.o
LOAD ./drivers/fsl_uart.o
LOAD ./board/src/board.o
LOAD ./board/src/clock_config.o
LOAD ./board/pin_mux.o
LOAD ./CMSIS/system_MKL46Z4.o
START GROUP
LOAD /Applications/MCUXpressoIDE_11.9.1_2170/ide/plugins/com.nxp.mcuxpresso.tools.macosx_11.9.1.202402080819/tools/bin/../lib/gcc/arm-none-eabi/12.3.1/../../../../arm-none-eabi/lib/thumb/v6-m/nofp/libcr_semihost_nf.a
LOAD /Applications/MCUXpressoIDE_11.9.1_2170/ide/plugins/com.nxp.mcuxpresso.tools.macosx_11.9.1.202402080819/tools/bin/../lib/gcc/arm-none-eabi/12.3.1/../../../../arm-none-eabi/lib/thumb/v6-m/nofp/libcr_c.a
LOAD /Applications/MCUXpressoIDE_11.9.1_2170/ide/plugins/com.nxp.mcuxpresso.tools.macosx_11.9.1.202402080819/tools/bin/../lib/gcc/arm-none-eabi/12.3.1/thumb/v6-m/nofp/libcr_eabihelpers.a
LOAD /Applications/MCUXpressoIDE_11.9.1_2170/ide/plugins/com.nxp.mcuxpresso.tools.macosx_11.9.1.202402080819/tools/bin/../lib/gcc/arm-none-eabi/12.3.1/thumb/v6-m/nofp/libgcc.a
END GROUP
                0x00000000                        __base_PROGRAM_FLASH = 0x0
                0x00000000                        __base_Flash = 0x0
                0x00040000                        __top_PROGRAM_FLASH = 0x40000
                0x00040000                        __top_Flash = 0x40000
                0x1fffe000                        __base_SRAM = 0x1fffe000
                0x1fffe000                        __base_RAM = 0x1fffe000
                0x20006000                        __top_SRAM = 0x20006000
                0x20006000                        __top_RAM = 0x20006000

.text           0x00000000     0x5c70
 FILL mask 0xff
                0x00000000                        __vectors_start__ = ABSOLUTE (.)
 *(SORT_BY_ALIGNMENT(.isr_vector))
 .isr_vector    0x00000000       0xc0 ./startup/startup_mkl46z4.o
                0x00000000                __Vectors
                0x00000000                g_pfnVectors
                0x000000c0                        . = ALIGN (0x4)
                0x000000c0                        __section_table_start = .
                0x000000c0                        __data_section_table = .
                0x000000c0        0x4 LONG 0x5c70 LOADADDR (.data)
                0x000000c4        0x4 LONG 0x1fffe000 ADDR (.data)
                0x000000c8        0x4 LONG 0x18 SIZEOF (.data)
                0x000000cc                        __data_section_table_end = .
                0x000000cc                        __bss_section_table = .
                0x000000cc        0x4 LONG 0x1fffe018 ADDR (.bss)
                0x000000d0        0x4 LONG 0x238 SIZEOF (.bss)
                0x000000d4                        __bss_section_table_end = .
                0x000000d4                        __section_table_end = .
 *(SORT_BY_ALIGNMENT(.after_vectors*))
 .after_vectors.reset
                0x000000d4       0x4c ./startup/startup_mkl46z4.o
                0x000000d4                ResetISR
 .after_vectors.init_data
                0x00000120       0x12 ./startup/startup_mkl46z4.o
                0x00000120                data_init
 .after_vectors.init_bss
                0x00000132       0x10 ./startup/startup_mkl46z4.o
                0x00000132                bss_init
 .after_vectors
                0x00000142      0x10c ./startup/startup_mkl46z4.o
                0x00000142                NMI_Handler
                0x00000144                HardFault_Handler
                0x00000146                SVC_Handler
                0x00000148                PendSV_Handler
                0x0000014a                SysTick_Handler
                0x0000014c                PIT_DriverIRQHandler
                0x0000014c                SPI1_DriverIRQHandler
                0x0000014c                LPTMR0_DriverIRQHandler
                0x0000014c                PORTC_PORTD_DriverIRQHandler
                0x0000014c                I2S0_DriverIRQHandler
                0x0000014c                TPM2_DriverIRQHandler
                0x0000014c                TSI0_DriverIRQHandler
                0x0000014c                RTC_Seconds_DriverIRQHandler
                0x0000014c                LLWU_DriverIRQHandler
                0x0000014c                MCG_DriverIRQHandler
                0x0000014c                FTFA_DriverIRQHandler
                0x0000014c                IntDefaultHandler
                0x0000014c                USB0_DriverIRQHandler
                0x0000014c                DAC0_DriverIRQHandler
                0x0000014c                LVD_LVW_DriverIRQHandler
                0x0000014c                TPM0_DriverIRQHandler
                0x0000014c                Reserved20_DriverIRQHandler
                0x0000014c                PORTA_DriverIRQHandler
                0x0000014c                TPM1_DriverIRQHandler
                0x0000014c                RTC_DriverIRQHandler
                0x0000014c                LCD_DriverIRQHandler
                0x0000014c                SPI0_DriverIRQHandler
                0x0000014c                ADC0_DriverIRQHandler
                0x0000014c                CMP0_DriverIRQHandler
                0x0000014e                DMA0_IRQHandler
                0x00000156                DMA1_IRQHandler
                0x0000015e                DMA2_IRQHandler
                0x00000166                DMA3_IRQHandler
                0x0000016e                Reserved20_IRQHandler
                0x00000176                FTFA_IRQHandler
                0x0000017e                LVD_LVW_IRQHandler
                0x00000186                LLWU_IRQHandler
                0x00000196                I2C1_IRQHandler
                0x0000019e                SPI0_IRQHandler
                0x000001a6                SPI1_IRQHandler
                0x000001ae                UART0_IRQHandler
                0x000001b6                UART1_IRQHandler
                0x000001be                UART2_IRQHandler
                0x000001c6                ADC0_IRQHandler
                0x000001ce                CMP0_IRQHandler
                0x000001d6                TPM0_IRQHandler
                0x000001de                TPM1_IRQHandler
                0x000001e6                TPM2_IRQHandler
                0x000001ee                RTC_IRQHandler
                0x000001f6                RTC_Seconds_IRQHandler
                0x00000206                I2S0_IRQHandler
                0x0000020e                USB0_IRQHandler
                0x00000216                DAC0_IRQHandler
                0x0000021e                TSI0_IRQHandler
                0x00000226                MCG_IRQHandler
                0x0000022e                LPTMR0_IRQHandler
                0x00000236                LCD_IRQHandler
                0x0000023e                PORTA_IRQHandler
                0x00000246                PORTC_PORTD_IRQHandler
                0x00000400                        . = 0x400
 *fill*         0x0000024e      0x1b2 ff
                0x00000400                        PROVIDE (__FLASH_CONFIG_START__ = .)
 *(SORT_BY_ALIGNMENT(.FlashConfig))
 .FlashConfig   0x00000400       0x10 ./startup/startup_mkl46z4.o
                0x00000400                Flash_Config
                0x00000410                        PROVIDE (__FLASH_CONFIG_END__ = .)
                0x00000001                        ASSERT (! ((__FLASH_CONFIG_START__ == __FLASH_CONFIG_END__)), Linker Flash Config Support Enabled, but no .FlashConfig section provided within application)
 *(SORT_BY_ALIGNMENT(.text*))
 .text.DbgConsole_Init
                0x00000410       0x40 ./utilities/fsl_debug_console.o
                0x00000410                DbgConsole_Init
 .text.IO_Init  0x00000450       0xc8 ./utilities/fsl_io.o
                0x00000450                IO_Init
 .text.set15MHz
                0x00000518       0xb0 ./source/ECE3140Lab2.o
                0x00000518                set15MHz
 .text.delay    0x000005c8       0x30 ./source/ECE3140Lab2.o
                0x000005c8                delay
 .text.led_init
                0x000005f8       0xa0 ./source/led.o
                0x000005f8                led_init
 .text.red_off  0x00000698       0x1c ./source/led.o
                0x00000698                red_off
 .text.blue_off
                0x000006b4       0x1c ./source/led.o
                0x000006b4                blue_off
 .text.green_off
                0x000006d0       0x1c ./source/led.o
                0x000006d0                green_off
 .text          0x000006ec       0x50 ./source/led_lowlevel.o
                0x000006ec                set_led
 .text.__NVIC_EnableIRQ
                0x0000073c       0x34 ./source/main.o
 .text.__NVIC_SetPriority
                0x00000770       0xdc ./source/main.o
 .text.CLOCK_EnableClock
                0x0000084c       0x34 ./source/main.o
 .text.PORT_SetPinConfig
                0x00000880       0x38 ./source/main.o
 .text.BOARD_I2C_ReleaseBus
                0x000008b8      0x124 ./source/main.o
                0x000008b8                BOARD_I2C_ReleaseBus
 .text.BOARD_I2C_ConfigurePins
                0x000009dc       0x8c ./source/main.o
                0x000009dc                BOARD_I2C_ConfigurePins
 .text.I2C_ReadAccelWhoAmI
                0x00000a68      0x274 ./source/main.o
 .text.I2C_WriteAccelReg
                0x00000cdc       0xc0 ./source/main.o
 .text.I2C_ReadAccelRegs
                0x00000d9c       0xc0 ./source/main.o
 .text.i2c_master_callback
                0x00000e5c       0x48 ./source/main.o
 .text.led_color
                0x00000ea4       0x9c ./source/main.o
                0x00000ea4                led_color
 .text.direction
                0x00000f40      0x278 ./source/main.o
                0x00000f40                direction
 .text.timer    0x000011b8       0x60 ./source/main.o
                0x000011b8                timer
 .text.PIT_IRQHandler
                0x00001218       0x54 ./source/main.o
                0x00001218                PIT_IRQHandler
 .text.I2C0_IRQHandler
                0x0000126c       0x20 ./source/main.o
                0x0000126c                I2C0_IRQHandler
 .text.main     0x0000128c       0x64 ./source/main.o
                0x0000128c                main
 .text.CLOCK_SetEr32kClock
                0x000012f0       0x34 ./drivers/fsl_clock.o
 .text.CLOCK_SetPllFllSelClock
                0x00001324       0x38 ./drivers/fsl_clock.o
 .text.CLOCK_GetMcgExtClkFreq
                0x0000135c       0x28 ./drivers/fsl_clock.o
 .text.CLOCK_GetFllExtRefClkFreq
                0x00001384       0xa8 ./drivers/fsl_clock.o
 .text.CLOCK_GetInternalRefClkSelectFreq
                0x0000142c       0x40 ./drivers/fsl_clock.o
 .text.CLOCK_GetFllRefClkFreq
                0x0000146c       0x2c ./drivers/fsl_clock.o
 .text.CLOCK_GetOscRangeFromFreq
                0x00001498       0x4c ./drivers/fsl_clock.o
 .text.CLOCK_GetOsc0ErClkFreq
                0x000014e4       0x3c ./drivers/fsl_clock.o
                0x000014e4                CLOCK_GetOsc0ErClkFreq
 .text.CLOCK_GetEr32kClkFreq
                0x00001520       0x78 ./drivers/fsl_clock.o
                0x00001520                CLOCK_GetEr32kClkFreq
 .text.CLOCK_GetPllFllSelClkFreq
                0x00001598       0x4c ./drivers/fsl_clock.o
                0x00001598                CLOCK_GetPllFllSelClkFreq
 .text.CLOCK_GetFreq
                0x000015e4       0xe0 ./drivers/fsl_clock.o
                0x000015e4                CLOCK_GetFreq
 .text.CLOCK_SetSimConfig
                0x000016c4       0x38 ./drivers/fsl_clock.o
                0x000016c4                CLOCK_SetSimConfig
 .text.CLOCK_GetOutClkFreq
                0x000016fc       0x78 ./drivers/fsl_clock.o
                0x000016fc                CLOCK_GetOutClkFreq
 .text.CLOCK_GetFllFreq
                0x00001774       0x84 ./drivers/fsl_clock.o
                0x00001774                CLOCK_GetFllFreq
 .text.CLOCK_GetInternalRefClkFreq
                0x000017f8       0x28 ./drivers/fsl_clock.o
                0x000017f8                CLOCK_GetInternalRefClkFreq
 .text.CLOCK_GetPll0Freq
                0x00001820       0x70 ./drivers/fsl_clock.o
                0x00001820                CLOCK_GetPll0Freq
 .text.CLOCK_SetInternalRefClkConfig
                0x00001890      0x124 ./drivers/fsl_clock.o
                0x00001890                CLOCK_SetInternalRefClkConfig
 .text.CLOCK_EnablePll0
                0x000019b4       0x94 ./drivers/fsl_clock.o
                0x000019b4                CLOCK_EnablePll0
 .text.CLOCK_InitOsc0
                0x00001a48       0x94 ./drivers/fsl_clock.o
                0x00001a48                CLOCK_InitOsc0
 .text.CLOCK_SetPbeMode
                0x00001adc       0xb0 ./drivers/fsl_clock.o
                0x00001adc                CLOCK_SetPbeMode
 .text.CLOCK_BootToPeeMode
                0x00001b8c       0x70 ./drivers/fsl_clock.o
                0x00001b8c                CLOCK_BootToPeeMode
 .text.DMA_ClearChannelStatusFlags
                0x00001bfc       0x54 ./drivers/fsl_dma.o
 .text.DMA_HandleIRQ
                0x00001c50       0x4c ./drivers/fsl_dma.o
                0x00001c50                DMA_HandleIRQ
 .text.DMA0_DriverIRQHandler
                0x00001c9c       0x18 ./drivers/fsl_dma.o
                0x00001c9c                DMA0_DriverIRQHandler
 .text.DMA1_DriverIRQHandler
                0x00001cb4       0x18 ./drivers/fsl_dma.o
                0x00001cb4                DMA1_DriverIRQHandler
 .text.DMA2_DriverIRQHandler
                0x00001ccc       0x18 ./drivers/fsl_dma.o
                0x00001ccc                DMA2_DriverIRQHandler
 .text.DMA3_DriverIRQHandler
                0x00001ce4       0x18 ./drivers/fsl_dma.o
                0x00001ce4                DMA3_DriverIRQHandler
 .text.GPIO_PinInit
                0x00001cfc       0x64 ./drivers/fsl_gpio.o
                0x00001cfc                GPIO_PinInit
 .text.__NVIC_EnableIRQ
                0x00001d60       0x34 ./drivers/fsl_i2c.o
 .text.CLOCK_EnableClock
                0x00001d94       0x34 ./drivers/fsl_i2c.o
 .text.I2C_GetInstance
                0x00001dc8       0x4c ./drivers/fsl_i2c.o
                0x00001dc8                I2C_GetInstance
 .text.I2C_InitTransferStateMachine
                0x00001e14       0xe8 ./drivers/fsl_i2c.o
 .text.I2C_CheckAndClearError
                0x00001efc       0x40 ./drivers/fsl_i2c.o
 .text.I2C_MasterTransferRunStateMachine
                0x00001f3c      0x26c ./drivers/fsl_i2c.o
 .text.I2C_TransferCommonIRQHandler
                0x000021a8       0x58 ./drivers/fsl_i2c.o
 .text.I2C_MasterInit
                0x00002200       0xfc ./drivers/fsl_i2c.o
                0x00002200                I2C_MasterInit
 .text.I2C_MasterGetDefaultConfig
                0x000022fc       0x40 ./drivers/fsl_i2c.o
                0x000022fc                I2C_MasterGetDefaultConfig
 .text.I2C_MasterSetBaudRate
                0x0000233c       0xf0 ./drivers/fsl_i2c.o
                0x0000233c                I2C_MasterSetBaudRate
 .text.I2C_MasterStart
                0x0000242c       0x74 ./drivers/fsl_i2c.o
                0x0000242c                I2C_MasterStart
 .text.I2C_MasterRepeatedStart
                0x000024a0       0xbc ./drivers/fsl_i2c.o
                0x000024a0                I2C_MasterRepeatedStart
 .text.I2C_MasterTransferCreateHandle
                0x0000255c       0x7c ./drivers/fsl_i2c.o
                0x0000255c                I2C_MasterTransferCreateHandle
 .text.I2C_MasterTransferNonBlocking
                0x000025d8       0x70 ./drivers/fsl_i2c.o
                0x000025d8                I2C_MasterTransferNonBlocking
 .text.I2C_MasterTransferHandleIRQ
                0x00002648       0xbc ./drivers/fsl_i2c.o
                0x00002648                I2C_MasterTransferHandleIRQ
 .text.I2C0_DriverIRQHandler
                0x00002704       0x20 ./drivers/fsl_i2c.o
                0x00002704                I2C0_DriverIRQHandler
 .text.I2C1_DriverIRQHandler
                0x00002724       0x20 ./drivers/fsl_i2c.o
                0x00002724                I2C1_DriverIRQHandler
 .text.CLOCK_EnableClock
                0x00002744       0x34 ./drivers/fsl_lpsci.o
 .text.LPSCI_GetInstance
                0x00002778       0x48 ./drivers/fsl_lpsci.o
                0x00002778                LPSCI_GetInstance
 .text.LPSCI_Init
                0x000027c0      0x270 ./drivers/fsl_lpsci.o
                0x000027c0                LPSCI_Init
 .text.LPSCI_GetDefaultConfig
                0x00002a30       0x48 ./drivers/fsl_lpsci.o
                0x00002a30                LPSCI_GetDefaultConfig
 .text.UART0_DriverIRQHandler
                0x00002a78       0x24 ./drivers/fsl_lpsci.o
                0x00002a78                UART0_DriverIRQHandler
 .text.CLOCK_EnableClock
                0x00002a9c       0x34 ./drivers/fsl_uart.o
 .text.UART_GetInstance
                0x00002ad0       0x54 ./drivers/fsl_uart.o
                0x00002ad0                UART_GetInstance
 .text.UART_Init
                0x00002b24      0x1f8 ./drivers/fsl_uart.o
                0x00002b24                UART_Init
 .text.UART_GetDefaultConfig
                0x00002d1c       0x48 ./drivers/fsl_uart.o
                0x00002d1c                UART_GetDefaultConfig
 .text.UART1_DriverIRQHandler
                0x00002d64       0x24 ./drivers/fsl_uart.o
                0x00002d64                UART1_DriverIRQHandler
 .text.UART2_DriverIRQHandler
                0x00002d88       0x24 ./drivers/fsl_uart.o
                0x00002d88                UART2_DriverIRQHandler
 .text.CLOCK_SetLpsci0Clock
                0x00002dac       0x38 ./board/src/board.o
 .text.BOARD_InitDebugConsole
                0x00002de4       0x30 ./board/src/board.o
                0x00002de4                BOARD_InitDebugConsole
 .text.CLOCK_SetSimSafeDivs
                0x00002e14       0x20 ./board/src/clock_config.o
 .text.CLOCK_SetXtal0Freq
                0x00002e34       0x1c ./board/src/clock_config.o
 .text.CLOCK_CONFIG_SetFllExtRefDiv
                0x00002e50       0x3c ./board/src/clock_config.o
 .text.BOARD_BootClockRUN
                0x00002e8c       0x64 ./board/src/clock_config.o
                0x00002e8c                BOARD_BootClockRUN
 .text.CLOCK_EnableClock
                0x00002ef0       0x34 ./board/pin_mux.o
 .text.PORT_SetPinMux
                0x00002f24       0x40 ./board/pin_mux.o
 .text.BOARD_InitPins
                0x00002f64       0x4c ./board/pin_mux.o
                0x00002f64                BOARD_InitPins
 .text.SystemInit
                0x00002fb0       0x1c ./CMSIS/system_MKL46Z4.o
                0x00002fb0                SystemInit
 .text.__assertion_failed
                0x00002fcc       0x50 /Applications/MCUXpressoIDE_11.9.1_2170/ide/plugins/com.nxp.mcuxpresso.tools.macosx_11.9.1.202402080819/tools/bin/../lib/gcc/arm-none-eabi/12.3.1/../../../../arm-none-eabi/lib/thumb/v6-m/nofp/libcr_semihost_nf.a(_cr_assert.o)
                0x00002fcc                __assertion_failed
 .text.__sys_appexit
                0x0000301c        0xc /Applications/MCUXpressoIDE_11.9.1_2170/ide/plugins/com.nxp.mcuxpresso.tools.macosx_11.9.1.202402080819/tools/bin/../lib/gcc/arm-none-eabi/12.3.1/../../../../arm-none-eabi/lib/thumb/v6-m/nofp/libcr_semihost_nf.a(__sys_appexit.o)
                0x0000301c                __exit
                0x0000301c                __sys_appexit
 .text._deferredlazyseek
                0x00003028       0x40 /Applications/MCUXpressoIDE_11.9.1_2170/ide/plugins/com.nxp.mcuxpresso.tools.macosx_11.9.1.202402080819/tools/bin/../lib/gcc/arm-none-eabi/12.3.1/../../../../arm-none-eabi/lib/thumb/v6-m/nofp/libcr_c.a(_deferredlazyseek.o)
                0x00003028                _deferredlazyseek
 .text.__flsbuf
                0x00003068      0x150 /Applications/MCUXpressoIDE_11.9.1_2170/ide/plugins/com.nxp.mcuxpresso.tools.macosx_11.9.1.202402080819/tools/bin/../lib/gcc/arm-none-eabi/12.3.1/../../../../arm-none-eabi/lib/thumb/v6-m/nofp/libcr_c.a(_deferredlazyseek.o)
                0x00003068                __flsbuf
 .text._fflush  0x000031b8       0x5c /Applications/MCUXpressoIDE_11.9.1_2170/ide/plugins/com.nxp.mcuxpresso.tools.macosx_11.9.1.202402080819/tools/bin/../lib/gcc/arm-none-eabi/12.3.1/../../../../arm-none-eabi/lib/thumb/v6-m/nofp/libcr_c.a(_fflush.o)
                0x000031b8                _fflush
 .text._Cwritebuf
                0x00003214       0x68 /Applications/MCUXpressoIDE_11.9.1_2170/ide/plugins/com.nxp.mcuxpresso.tools.macosx_11.9.1.202402080819/tools/bin/../lib/gcc/arm-none-eabi/12.3.1/../../../../arm-none-eabi/lib/thumb/v6-m/nofp/libcr_c.a(_writebuf.o)
                0x00003214                _Cwritebuf
 .text.malloc   0x0000327c       0xdc /Applications/MCUXpressoIDE_11.9.1_2170/ide/plugins/com.nxp.mcuxpresso.tools.macosx_11.9.1.202402080819/tools/bin/../lib/gcc/arm-none-eabi/12.3.1/../../../../arm-none-eabi/lib/thumb/v6-m/nofp/libcr_c.a(alloc.o)
                0x0000327c                malloc
 .text._Csys_alloc
                0x00003358       0x20 /Applications/MCUXpressoIDE_11.9.1_2170/ide/plugins/com.nxp.mcuxpresso.tools.macosx_11.9.1.202402080819/tools/bin/../lib/gcc/arm-none-eabi/12.3.1/../../../../arm-none-eabi/lib/thumb/v6-m/nofp/libcr_c.a(alloc.o)
                0x00003358                _Csys_alloc
 .text.fseek    0x00003378       0xec /Applications/MCUXpressoIDE_11.9.1_2170/ide/plugins/com.nxp.mcuxpresso.tools.macosx_11.9.1.202402080819/tools/bin/../lib/gcc/arm-none-eabi/12.3.1/../../../../arm-none-eabi/lib/thumb/v6-m/nofp/libcr_c.a(fseek.o)
                0x00003378                fseek
 .text.ftell    0x00003464       0x4c /Applications/MCUXpressoIDE_11.9.1_2170/ide/plugins/com.nxp.mcuxpresso.tools.macosx_11.9.1.202402080819/tools/bin/../lib/gcc/arm-none-eabi/12.3.1/../../../../arm-none-eabi/lib/thumb/v6-m/nofp/libcr_c.a(ftell.o)
                0x00003464                ftell
 .text._initio  0x000034b0       0x7c /Applications/MCUXpressoIDE_11.9.1_2170/ide/plugins/com.nxp.mcuxpresso.tools.macosx_11.9.1.202402080819/tools/bin/../lib/gcc/arm-none-eabi/12.3.1/../../../../arm-none-eabi/lib/thumb/v6-m/nofp/libcr_c.a(initio.o)
                0x000034b0                _initio
 .text.__vfprintf
                0x0000352c      0xd88 /Applications/MCUXpressoIDE_11.9.1_2170/ide/plugins/com.nxp.mcuxpresso.tools.macosx_11.9.1.202402080819/tools/bin/../lib/gcc/arm-none-eabi/12.3.1/../../../../arm-none-eabi/lib/thumb/v6-m/nofp/libcr_c.a(printf.o)
                0x0000352c                __vfprintf
 .text._vsnprintf
                0x000042b4       0x70 /Applications/MCUXpressoIDE_11.9.1_2170/ide/plugins/com.nxp.mcuxpresso.tools.macosx_11.9.1.202402080819/tools/bin/../lib/gcc/arm-none-eabi/12.3.1/../../../../arm-none-eabi/lib/thumb/v6-m/nofp/libcr_c.a(printf.o)
                0x000042b4                _vsnprintf
 .text._printf  0x00004324       0x50 /Applications/MCUXpressoIDE_11.9.1_2170/ide/plugins/com.nxp.mcuxpresso.tools.macosx_11.9.1.202402080819/tools/bin/../lib/gcc/arm-none-eabi/12.3.1/../../../../arm-none-eabi/lib/thumb/v6-m/nofp/libcr_c.a(printf.o)
                0x00004324                _printf
 .text.setvbuf  0x00004374       0x4c /Applications/MCUXpressoIDE_11.9.1_2170/ide/plugins/com.nxp.mcuxpresso.tools.macosx_11.9.1.202402080819/tools/bin/../lib/gcc/arm-none-eabi/12.3.1/../../../../arm-none-eabi/lib/thumb/v6-m/nofp/libcr_c.a(setvbuf.o)
                0x00004374                setvbuf
 .text.sqrt     0x000043c0      0x130 /Applications/MCUXpressoIDE_11.9.1_2170/ide/plugins/com.nxp.mcuxpresso.tools.macosx_11.9.1.202402080819/tools/bin/../lib/gcc/arm-none-eabi/12.3.1/../../../../arm-none-eabi/lib/thumb/v6-m/nofp/libcr_c.a(sqrt.o)
                0x000043c0                sqrt
 .text.strlen   0x000044f0       0x5c /Applications/MCUXpressoIDE_11.9.1_2170/ide/plugins/com.nxp.mcuxpresso.tools.macosx_11.9.1.202402080819/tools/bin/../lib/gcc/arm-none-eabi/12.3.1/../../../../arm-none-eabi/lib/thumb/v6-m/nofp/libcr_c.a(strlen.o)
                0x000044f0                strlen
 .text._sbrk    0x0000454c       0x44 /Applications/MCUXpressoIDE_11.9.1_2170/ide/plugins/com.nxp.mcuxpresso.tools.macosx_11.9.1.202402080819/tools/bin/../lib/gcc/arm-none-eabi/12.3.1/../../../../arm-none-eabi/lib/thumb/v6-m/nofp/libcr_c.a(_cr_sbrk.o)
                0x0000454c                _sbrk
 .text._fdopen  0x00004590       0x74 /Applications/MCUXpressoIDE_11.9.1_2170/ide/plugins/com.nxp.mcuxpresso.tools.macosx_11.9.1.202402080819/tools/bin/../lib/gcc/arm-none-eabi/12.3.1/../../../../arm-none-eabi/lib/thumb/v6-m/nofp/libcr_c.a(_fdopen.o)
                0x00004590                _fdopen
 .text.fclose   0x00004604       0x5c /Applications/MCUXpressoIDE_11.9.1_2170/ide/plugins/com.nxp.mcuxpresso.tools.macosx_11.9.1.202402080819/tools/bin/../lib/gcc/arm-none-eabi/12.3.1/../../../../arm-none-eabi/lib/thumb/v6-m/nofp/libcr_c.a(fclose.o)
                0x00004604                fclose
 .text.fflush   0x00004660       0x40 /Applications/MCUXpressoIDE_11.9.1_2170/ide/plugins/com.nxp.mcuxpresso.tools.macosx_11.9.1.202402080819/tools/bin/../lib/gcc/arm-none-eabi/12.3.1/../../../../arm-none-eabi/lib/thumb/v6-m/nofp/libcr_c.a(fflush.o)
                0x00004660                fflush
 .text.__check_heap_overflow
                0x000046a0       0x18 /Applications/MCUXpressoIDE_11.9.1_2170/ide/plugins/com.nxp.mcuxpresso.tools.macosx_11.9.1.202402080819/tools/bin/../lib/gcc/arm-none-eabi/12.3.1/../../../../arm-none-eabi/lib/thumb/v6-m/nofp/libcr_c.a(_cr_check_heap.o)
                0x000046a0                __check_heap_overflow
 .text._do_fflush
                0x000046b8       0x48 /Applications/MCUXpressoIDE_11.9.1_2170/ide/plugins/com.nxp.mcuxpresso.tools.macosx_11.9.1.202402080819/tools/bin/../lib/gcc/arm-none-eabi/12.3.1/../../../../arm-none-eabi/lib/thumb/v6-m/nofp/libcr_c.a(_do_fflush.o)
                0x000046b8                _do_fflush
 .text.__aeabi_dmul
                0x00004700      0x194 /Applications/MCUXpressoIDE_11.9.1_2170/ide/plugins/com.nxp.mcuxpresso.tools.macosx_11.9.1.202402080819/tools/bin/../lib/gcc/arm-none-eabi/12.3.1/thumb/v6-m/nofp/libcr_eabihelpers.a(double.o)
                0x00004700                __aeabi_dmul
 .text.__aeabi_ddiv
                0x00004894      0x164 /Applications/MCUXpressoIDE_11.9.1_2170/ide/plugins/com.nxp.mcuxpresso.tools.macosx_11.9.1.202402080819/tools/bin/../lib/gcc/arm-none-eabi/12.3.1/thumb/v6-m/nofp/libcr_eabihelpers.a(double.o)
                0x00004894                __aeabi_ddiv
 .text.__aeabi_dsub
                0x000049f8      0x1d4 /Applications/MCUXpressoIDE_11.9.1_2170/ide/plugins/com.nxp.mcuxpresso.tools.macosx_11.9.1.202402080819/tools/bin/../lib/gcc/arm-none-eabi/12.3.1/thumb/v6-m/nofp/libcr_eabihelpers.a(double.o)
                0x000049f8                __aeabi_dsub
 .text.__aeabi_dadd
                0x00004bcc      0x150 /Applications/MCUXpressoIDE_11.9.1_2170/ide/plugins/com.nxp.mcuxpresso.tools.macosx_11.9.1.202402080819/tools/bin/../lib/gcc/arm-none-eabi/12.3.1/thumb/v6-m/nofp/libcr_eabihelpers.a(double.o)
                0x00004bcc                __aeabi_dadd
 .text.__aeabi_dcmplt
                0x00004d1c       0x74 /Applications/MCUXpressoIDE_11.9.1_2170/ide/plugins/com.nxp.mcuxpresso.tools.macosx_11.9.1.202402080819/tools/bin/../lib/gcc/arm-none-eabi/12.3.1/thumb/v6-m/nofp/libcr_eabihelpers.a(double.o)
                0x00004d1c                __aeabi_dcmplt
 .text.__aeabi_dcmple
                0x00004d90       0x70 /Applications/MCUXpressoIDE_11.9.1_2170/ide/plugins/com.nxp.mcuxpresso.tools.macosx_11.9.1.202402080819/tools/bin/../lib/gcc/arm-none-eabi/12.3.1/thumb/v6-m/nofp/libcr_eabihelpers.a(double.o)
                0x00004d90                __aeabi_dcmple
 .text.UART_EnableTx
                0x00004e00       0x40 ./utilities/fsl_io.o
 .text.UART_EnableRx
                0x00004e40       0x40 ./utilities/fsl_io.o
 .text.LPSCI_EnableTx
                0x00004e80       0x40 ./utilities/fsl_io.o
 .text.LPSCI_EnableRx
                0x00004ec0       0x40 ./utilities/fsl_io.o
 .text.LOG_Init
                0x00004f00       0x3a ./utilities/fsl_log.o
                0x00004f00                LOG_Init
 .text          0x00004f3a        0x6 ./source/ECE3140_lowlevel.o
                0x00004f3a                loop_3cycles
 .text.all_leds_off
                0x00004f40       0x16 ./source/led.o
                0x00004f40                all_leds_off
 .text.set_leds
                0x00004f56       0x50 ./source/led.o
                0x00004f56                set_leds
 .text.GPIO_PinWrite
                0x00004fa6       0x34 ./source/main.o
 .text.i2c_release_bus_delay
                0x00004fda       0x28 ./source/main.o
 .text.I2C0_GetFreq
                0x00005002       0x12 ./source/main.o
                0x00005002                I2C0_GetFreq
 .text.magnitude
                0x00005014       0x6c ./source/main.o
                0x00005014                magnitude
 .text.OSC_SetExtRefClkConfig
                0x00005080       0x3e ./drivers/fsl_clock.o
 .text.OSC_SetCapLoad
                0x000050be       0x42 ./drivers/fsl_clock.o
 .text.CLOCK_GetPll0RefFreq
                0x00005100       0x10 ./drivers/fsl_clock.o
 .text.CLOCK_GetFixedFreqClkFreq
                0x00005110       0x30 ./drivers/fsl_clock.o
                0x00005110                CLOCK_GetFixedFreqClkFreq
 .text.CLOCK_SetExternalRefClkConfig
                0x00005140       0x16 ./drivers/fsl_clock.o
                0x00005140                CLOCK_SetExternalRefClkConfig
 .text.GPIO_PinWrite
                0x00005156       0x34 ./drivers/fsl_gpio.o
 .text.GPIO_WritePinOutput
                0x0000518a       0x24 ./drivers/fsl_gpio.o
 .text.EnableIRQ
                0x000051ae       0x30 ./drivers/fsl_i2c.o
 .text.I2C_MasterClearStatusFlags
                0x000051de       0x56 ./drivers/fsl_i2c.o
 .text.I2C_EnableInterrupts
                0x00005234       0x5c ./drivers/fsl_i2c.o
                0x00005234                I2C_EnableInterrupts
 .text.I2C_DisableInterrupts
                0x00005290       0x42 ./drivers/fsl_i2c.o
                0x00005290                I2C_DisableInterrupts
 .text.I2C_MasterStop
                0x000052d2       0x36 ./drivers/fsl_i2c.o
                0x000052d2                I2C_MasterStop
 .text.I2C_MasterGetStatusFlags
                0x00005308       0x4a ./drivers/fsl_i2c.o
                0x00005308                I2C_MasterGetStatusFlags
 .text.SystemInitHook
                0x00005352        0xa ./CMSIS/system_MKL46Z4.o
                0x00005352                SystemInitHook
 .text.__main   0x0000535c        0xc /Applications/MCUXpressoIDE_11.9.1_2170/ide/plugins/com.nxp.mcuxpresso.tools.macosx_11.9.1.202402080819/tools/bin/../lib/gcc/arm-none-eabi/12.3.1/../../../../arm-none-eabi/lib/thumb/v6-m/nofp/libcr_semihost_nf.a(_cr__main.o)
                0x0000535c                __main
                0x0000535c                __CR_SEMIHOST
 .text.memset   0x00005368        0x8 /Applications/MCUXpressoIDE_11.9.1_2170/ide/plugins/com.nxp.mcuxpresso.tools.macosx_11.9.1.202402080819/tools/bin/../lib/gcc/arm-none-eabi/12.3.1/../../../../arm-none-eabi/lib/thumb/v6-m/nofp/libcr_c.a(memset.o)
                0x00005368                memset
 .text.free     0x00005370       0x2c /Applications/MCUXpressoIDE_11.9.1_2170/ide/plugins/com.nxp.mcuxpresso.tools.macosx_11.9.1.202402080819/tools/bin/../lib/gcc/arm-none-eabi/12.3.1/../../../../arm-none-eabi/lib/thumb/v6-m/nofp/libcr_c.a(alloc.o)
                0x00005370                free
 .text.fputs    0x0000539c       0x2e /Applications/MCUXpressoIDE_11.9.1_2170/ide/plugins/com.nxp.mcuxpresso.tools.macosx_11.9.1.202402080819/tools/bin/../lib/gcc/arm-none-eabi/12.3.1/../../../../arm-none-eabi/lib/thumb/v6-m/nofp/libcr_c.a(fputs.o)
                0x0000539c                fputs
 .text.no_fp_display
                0x000053ca        0x4 /Applications/MCUXpressoIDE_11.9.1_2170/ide/plugins/com.nxp.mcuxpresso.tools.macosx_11.9.1.202402080819/tools/bin/../lib/gcc/arm-none-eabi/12.3.1/../../../../arm-none-eabi/lib/thumb/v6-m/nofp/libcr_c.a(printf.o)
 .text.abs      0x000053ce        0x8 /Applications/MCUXpressoIDE_11.9.1_2170/ide/plugins/com.nxp.mcuxpresso.tools.macosx_11.9.1.202402080819/tools/bin/../lib/gcc/arm-none-eabi/12.3.1/../../../../arm-none-eabi/lib/thumb/v6-m/nofp/libcr_c.a(stdlib.o)
                0x000053ce                abs
 .text.remove   0x000053d6       0x12 /Applications/MCUXpressoIDE_11.9.1_2170/ide/plugins/com.nxp.mcuxpresso.tools.macosx_11.9.1.202402080819/tools/bin/../lib/gcc/arm-none-eabi/12.3.1/../../../../arm-none-eabi/lib/thumb/v6-m/nofp/libcr_c.a(remove.o)
                0x000053d6                remove
 .text.__aeabi_division_idivmod
                0x000053e8       0x78 /Applications/MCUXpressoIDE_11.9.1_2170/ide/plugins/com.nxp.mcuxpresso.tools.macosx_11.9.1.202402080819/tools/bin/../lib/gcc/arm-none-eabi/12.3.1/thumb/v6-m/nofp/libcr_eabihelpers.a(division_32.o)
                0x000053e8                __aeabi_idiv
                0x000053e8                __aeabi_idivmod
                0x000053ee                __aeabi_uidiv
                0x000053ee                __aeabi_uidivmod
 .text.__aeabi_division_idiv0
                0x00005460        0x2 /Applications/MCUXpressoIDE_11.9.1_2170/ide/plugins/com.nxp.mcuxpresso.tools.macosx_11.9.1.202402080819/tools/bin/../lib/gcc/arm-none-eabi/12.3.1/thumb/v6-m/nofp/libcr_eabihelpers.a(division_idiv0.o)
                0x00005460                __aeabi_idiv0
 .text.__bhs_ui2d
                0x00005462       0x5e /Applications/MCUXpressoIDE_11.9.1_2170/ide/plugins/com.nxp.mcuxpresso.tools.macosx_11.9.1.202402080819/tools/bin/../lib/gcc/arm-none-eabi/12.3.1/thumb/v6-m/nofp/libcr_eabihelpers.a(double.o)
                0x00005462                __bhs_ui2d
 .text.__aeabi_i2d
                0x000054c0       0x18 /Applications/MCUXpressoIDE_11.9.1_2170/ide/plugins/com.nxp.mcuxpresso.tools.macosx_11.9.1.202402080819/tools/bin/../lib/gcc/arm-none-eabi/12.3.1/thumb/v6-m/nofp/libcr_eabihelpers.a(double.o)
                0x000054c0                __aeabi_i2d
 .text.__aeabi_llong_lmul
                0x000054d8       0x2e /Applications/MCUXpressoIDE_11.9.1_2170/ide/plugins/com.nxp.mcuxpresso.tools.macosx_11.9.1.202402080819/tools/bin/../lib/gcc/arm-none-eabi/12.3.1/thumb/v6-m/nofp/libcr_eabihelpers.a(llong.o)
                0x000054d8                __aeabi_lmul
 .text.__aeabi_memset_lowlevel
                0x00005506       0x2a /Applications/MCUXpressoIDE_11.9.1_2170/ide/plugins/com.nxp.mcuxpresso.tools.macosx_11.9.1.202402080819/tools/bin/../lib/gcc/arm-none-eabi/12.3.1/thumb/v6-m/nofp/libcr_eabihelpers.a(memcpy.o)
                0x00005506                __aeabi_lowlevel_memset
 .text.__gnu_thumb1_case_uqi
                0x00005530       0x10 /Applications/MCUXpressoIDE_11.9.1_2170/ide/plugins/com.nxp.mcuxpresso.tools.macosx_11.9.1.202402080819/tools/bin/../lib/gcc/arm-none-eabi/12.3.1/thumb/v6-m/nofp/libcr_eabihelpers.a(thumb1_switch_helpers.o)
                0x00005530                __gnu_thumb1_case_uqi
 .text.__gnu_thumb1_case_shi
                0x00005540       0x10 /Applications/MCUXpressoIDE_11.9.1_2170/ide/plugins/com.nxp.mcuxpresso.tools.macosx_11.9.1.202402080819/tools/bin/../lib/gcc/arm-none-eabi/12.3.1/thumb/v6-m/nofp/libcr_eabihelpers.a(thumb1_switch_helpers.o)
                0x00005540                __gnu_thumb1_case_shi
 .text.__gnu_thumb1_case_uhi
                0x00005550       0x10 /Applications/MCUXpressoIDE_11.9.1_2170/ide/plugins/com.nxp.mcuxpresso.tools.macosx_11.9.1.202402080819/tools/bin/../lib/gcc/arm-none-eabi/12.3.1/thumb/v6-m/nofp/libcr_eabihelpers.a(thumb1_switch_helpers.o)
                0x00005550                __gnu_thumb1_case_uhi
 .text.__sys_close
                0x00005560        0xc /Applications/MCUXpressoIDE_11.9.1_2170/ide/plugins/com.nxp.mcuxpresso.tools.macosx_11.9.1.202402080819/tools/bin/../lib/gcc/arm-none-eabi/12.3.1/../../../../arm-none-eabi/lib/thumb/v6-m/nofp/libcr_semihost_nf.a(__sys_close.o)
                0x00005560                __sys_close
 .text.__sys_flen
                0x0000556c        0xc /Applications/MCUXpressoIDE_11.9.1_2170/ide/plugins/com.nxp.mcuxpresso.tools.macosx_11.9.1.202402080819/tools/bin/../lib/gcc/arm-none-eabi/12.3.1/../../../../arm-none-eabi/lib/thumb/v6-m/nofp/libcr_semihost_nf.a(__sys_flen.o)
                0x0000556c                __sys_flen
 .text.__sys_istty
                0x00005578        0xc /Applications/MCUXpressoIDE_11.9.1_2170/ide/plugins/com.nxp.mcuxpresso.tools.macosx_11.9.1.202402080819/tools/bin/../lib/gcc/arm-none-eabi/12.3.1/../../../../arm-none-eabi/lib/thumb/v6-m/nofp/libcr_semihost_nf.a(__sys_istty.o)
                0x00005578                __sys_istty
 .text.__sys_remove
                0x00005584        0xc /Applications/MCUXpressoIDE_11.9.1_2170/ide/plugins/com.nxp.mcuxpresso.tools.macosx_11.9.1.202402080819/tools/bin/../lib/gcc/arm-none-eabi/12.3.1/../../../../arm-none-eabi/lib/thumb/v6-m/nofp/libcr_semihost_nf.a(__sys_remove.o)
                0x00005584                __sys_remove
 .text.__sys_seek
                0x00005590        0xc /Applications/MCUXpressoIDE_11.9.1_2170/ide/plugins/com.nxp.mcuxpresso.tools.macosx_11.9.1.202402080819/tools/bin/../lib/gcc/arm-none-eabi/12.3.1/../../../../arm-none-eabi/lib/thumb/v6-m/nofp/libcr_semihost_nf.a(__sys_seek.o)
                0x00005590                __sys_seek
 .text.__sys_tmpnam
                0x0000559c        0xc /Applications/MCUXpressoIDE_11.9.1_2170/ide/plugins/com.nxp.mcuxpresso.tools.macosx_11.9.1.202402080819/tools/bin/../lib/gcc/arm-none-eabi/12.3.1/../../../../arm-none-eabi/lib/thumb/v6-m/nofp/libcr_semihost_nf.a(__sys_tmpnam.o)
                0x0000559c                __sys_tmpnam
 .text.__sys_write
                0x000055a8        0xc /Applications/MCUXpressoIDE_11.9.1_2170/ide/plugins/com.nxp.mcuxpresso.tools.macosx_11.9.1.202402080819/tools/bin/../lib/gcc/arm-none-eabi/12.3.1/../../../../arm-none-eabi/lib/thumb/v6-m/nofp/libcr_semihost_nf.a(__sys_write.o)
                0x000055a8                __sys_write
 *(SORT_BY_ALIGNMENT(.rodata) SORT_BY_ALIGNMENT(.rodata.*) SORT_BY_ALIGNMENT(.constdata) SORT_BY_ALIGNMENT(.constdata.*))
 .rodata.DbgConsole_Init.str1.4
                0x000055b4       0x43 ./utilities/fsl_debug_console.o
 *fill*         0x000055f7        0x1 ff
 .rodata.IO_Init.str1.4
                0x000055f8       0x1a ./utilities/fsl_io.o
 *fill*         0x00005612        0x2 ff
 .rodata.PORT_SetPinConfig.str1.4
                0x00005614       0x57 ./source/main.o
 *fill*         0x0000566b        0x1 ff
 .rodata.g_accel_address
                0x0000566c        0x4 ./source/main.o
                0x0000566c                g_accel_address
 .rodata.I2C_ReadAccelWhoAmI.str1.4
                0x00005670      0x140 ./source/main.o
 .rodata.CLOCK_GetMcgExtClkFreq.str1.4
                0x000057b0       0x1e ./drivers/fsl_clock.o
 *fill*         0x000057ce        0x2 ff
 .rodata.CLOCK_GetOsc0ErClkFreq.str1.4
                0x000057d0       0x1e ./drivers/fsl_clock.o
 *fill*         0x000057ee        0x2 ff
 .rodata.CLOCK_GetEr32kClkFreq.str1.4
                0x000057f0       0x1f ./drivers/fsl_clock.o
 *fill*         0x0000580f        0x1 ff
 .rodata.CLOCK_GetFreq
                0x00005810       0x34 ./drivers/fsl_clock.o
 .rodata.CLOCK_GetPll0Freq.str1.4
                0x00005844       0x1d ./drivers/fsl_clock.o
 *fill*         0x00005861        0x3 ff
 .rodata.CLOCK_EnablePll0.str1.4
                0x00005864       0x19 ./drivers/fsl_clock.o
 *fill*         0x0000587d        0x3 ff
 .rodata.CLOCK_SetPbeMode.str1.4
                0x00005880       0x1a ./drivers/fsl_clock.o
 *fill*         0x0000589a        0x2 ff
 .rodata.CLOCK_BootToPeeMode.str1.4
                0x0000589c       0x1a ./drivers/fsl_clock.o
 *fill*         0x000058b6        0x2 ff
 .rodata.fllFactorTable.1
                0x000058b8       0x10 ./drivers/fsl_clock.o
 .rodata.DMA_ClearChannelStatusFlags.str1.4
                0x000058c8       0x3c ./drivers/fsl_dma.o
 .rodata.DMA_HandleIRQ.str1.4
                0x00005904       0x1f ./drivers/fsl_dma.o
 *fill*         0x00005923        0x1 ff
 .rodata.GPIO_PinInit.str1.4
                0x00005924       0x18 ./drivers/fsl_gpio.o
 .rodata.s_i2cBases
                0x0000593c        0x8 ./drivers/fsl_i2c.o
                0x0000593c                s_i2cBases
 .rodata.s_i2cDividerTable
                0x00005944       0x80 ./drivers/fsl_i2c.o
 .rodata.s_i2cIrqs
                0x000059c4        0x2 ./drivers/fsl_i2c.o
 *fill*         0x000059c6        0x2 ff
 .rodata.s_i2cClocks
                0x000059c8        0x8 ./drivers/fsl_i2c.o
 .rodata.I2C_GetInstance.str1.4
                0x000059d0       0x32 ./drivers/fsl_i2c.o
 *fill*         0x00005a02        0x2 ff
 .rodata.I2C_MasterInit.str1.4
                0x00005a04       0x2c ./drivers/fsl_i2c.o
 .rodata.I2C_MasterGetDefaultConfig.str1.4
                0x00005a30       0x1d ./drivers/fsl_i2c.o
 *fill*         0x00005a4d        0x3 ff
 .rodata.I2C_MasterTransferCreateHandle.str1.4
                0x00005a50       0x18 ./drivers/fsl_i2c.o
 .rodata.I2C_MasterTransferNonBlocking.str1.4
                0x00005a68       0x2e ./drivers/fsl_i2c.o
 *fill*         0x00005a96        0x2 ff
 .rodata.I2C_MasterTransferHandleIRQ.str1.4
                0x00005a98       0x1b ./drivers/fsl_i2c.o
 *fill*         0x00005ab3        0x1 ff
 .rodata.LPSCI_GetInstance.str1.4
                0x00005ab4       0x36 ./drivers/fsl_lpsci.o
 *fill*         0x00005aea        0x2 ff
 .rodata.LPSCI_Init.str1.4
                0x00005aec       0x43 ./drivers/fsl_lpsci.o
 *fill*         0x00005b2f        0x1 ff
 .rodata.LPSCI_GetDefaultConfig.str1.4
                0x00005b30       0x19 ./drivers/fsl_lpsci.o
 *fill*         0x00005b49        0x3 ff
 .rodata.s_uartBases
                0x00005b4c        0xc ./drivers/fsl_uart.o
 .rodata.s_uartClock
                0x00005b58        0xc ./drivers/fsl_uart.o
 .rodata.UART_GetInstance.str1.4
                0x00005b64       0x2b ./drivers/fsl_uart.o
 *fill*         0x00005b8f        0x1 ff
 .rodata.UART_Init.str1.4
                0x00005b90       0x3e ./drivers/fsl_uart.o
 *fill*         0x00005bce        0x2 ff
 .rodata.UART_GetDefaultConfig.str1.4
                0x00005bd0       0x18 ./drivers/fsl_uart.o
 .rodata.mcgConfig_BOARD_BootClockRUN
                0x00005be8        0xa ./board/src/clock_config.o
                0x00005be8                mcgConfig_BOARD_BootClockRUN
 *fill*         0x00005bf2        0x2 ff
 .rodata.simConfig_BOARD_BootClockRUN
                0x00005bf4        0x8 ./board/src/clock_config.o
                0x00005bf4                simConfig_BOARD_BootClockRUN
 .rodata.oscConfig_BOARD_BootClockRUN
                0x00005bfc        0x8 ./board/src/clock_config.o
                0x00005bfc                oscConfig_BOARD_BootClockRUN
 .rodata.__num_Ciob_streams
                0x00005c04        0x4 /Applications/MCUXpressoIDE_11.9.1_2170/ide/plugins/com.nxp.mcuxpresso.tools.macosx_11.9.1.202402080819/tools/bin/../lib/gcc/arm-none-eabi/12.3.1/../../../../arm-none-eabi/lib/thumb/v6-m/nofp/libcr_semihost_nf.a(__ciob.o)
                0x00005c04                __num_Ciob_streams
 .rodata.__assertion_failed.str1.1
                0x00005c08       0x15 /Applications/MCUXpressoIDE_11.9.1_2170/ide/plugins/com.nxp.mcuxpresso.tools.macosx_11.9.1.202402080819/tools/bin/../lib/gcc/arm-none-eabi/12.3.1/../../../../arm-none-eabi/lib/thumb/v6-m/nofp/libcr_semihost_nf.a(_cr_assert.o)
 .rodata._Csys_alloc.str1.1
                0x00005c1d       0x18 /Applications/MCUXpressoIDE_11.9.1_2170/ide/plugins/com.nxp.mcuxpresso.tools.macosx_11.9.1.202402080819/tools/bin/../lib/gcc/arm-none-eabi/12.3.1/../../../../arm-none-eabi/lib/thumb/v6-m/nofp/libcr_c.a(alloc.o)
 .rodata._initio.str1.1
                0x00005c35        0x4 /Applications/MCUXpressoIDE_11.9.1_2170/ide/plugins/com.nxp.mcuxpresso.tools.macosx_11.9.1.202402080819/tools/bin/../lib/gcc/arm-none-eabi/12.3.1/../../../../arm-none-eabi/lib/thumb/v6-m/nofp/libcr_c.a(initio.o)
 .rodata.__vfprintf.str1.1
                0x00005c39       0x35 /Applications/MCUXpressoIDE_11.9.1_2170/ide/plugins/com.nxp.mcuxpresso.tools.macosx_11.9.1.202402080819/tools/bin/../lib/gcc/arm-none-eabi/12.3.1/../../../../arm-none-eabi/lib/thumb/v6-m/nofp/libcr_c.a(printf.o)
                                 0x38 (size before relaxing)
                0x00005c70                        . = ALIGN (0x4)
 *fill*         0x00005c6e        0x2 ff

.glue_7         0x00005c70        0x0
 .glue_7        0x00005c70        0x0 linker stubs

.glue_7t        0x00005c70        0x0
 .glue_7t       0x00005c70        0x0 linker stubs

.vfp11_veneer   0x00005c70        0x0
 .vfp11_veneer  0x00005c70        0x0 linker stubs

.v4_bx          0x00005c70        0x0
 .v4_bx         0x00005c70        0x0 linker stubs

.iplt           0x00005c70        0x0
 .iplt          0x00005c70        0x0 ./utilities/fsl_debug_console.o

.rel.dyn        0x00005c70        0x0
 .rel.iplt      0x00005c70        0x0 ./utilities/fsl_debug_console.o

.ARM.extab
 *(SORT_BY_ALIGNMENT(.ARM.extab*) SORT_BY_ALIGNMENT(.gnu.linkonce.armextab.*))

.ARM.exidx      0x00005c70        0x0
                0x00005c70                        __exidx_start = .
 *(SORT_BY_ALIGNMENT(.ARM.exidx*) SORT_BY_ALIGNMENT(.gnu.linkonce.armexidx.*))
                0x00005c70                        __exidx_end = .
                0x00005c70                        _etext = .

.m_usb_data
 *(SORT_BY_ALIGNMENT(m_usb_bdt))

.mtb_buffer_default
 *(SORT_BY_ALIGNMENT(.mtb*))

.uninit_RESERVED
                0x1fffe000        0x0
                0x1fffe000                        _start_uninit_RESERVED = .
 *(SORT_BY_ALIGNMENT(.bss.$RESERVED*))
                0x1fffe000                        . = ALIGN (0x4)
                0x1fffe000                        _end_uninit_RESERVED = .

.data           0x1fffe000       0x18 load address 0x00005c70
 FILL mask 0xff
                0x1fffe000                        _data = .
                [!provide]                        PROVIDE (__start_data_RAM = .)
                [!provide]                        PROVIDE (__start_data_SRAM = .)
 *(SORT_BY_ALIGNMENT(vtable))
 *(SORT_BY_ALIGNMENT(.ramfunc*))
 *(SORT_BY_ALIGNMENT(CodeQuickAccess))
 *(SORT_BY_ALIGNMENT(DataQuickAccess))
 *(SORT_BY_ALIGNMENT(RamFunction))
 *(SORT_BY_ALIGNMENT(.data*))
 .data.red      0x1fffe000        0x4 ./source/main.o
                0x1fffe000                red
 .data.green    0x1fffe004        0x4 ./source/main.o
                0x1fffe004                green
 .data.blue     0x1fffe008        0x4 ./source/main.o
                0x1fffe008                blue
 .data.s_slowIrcFreq
                0x1fffe00c        0x4 ./drivers/fsl_clock.o
 .data.s_fastIrcFreq
                0x1fffe010        0x4 ./drivers/fsl_clock.o
 .data.SystemCoreClock
                0x1fffe014        0x4 ./CMSIS/system_MKL46Z4.o
                0x1fffe014                SystemCoreClock
                0x1fffe018                        . = ALIGN (0x4)
                0x1fffe018                        _edata = .
                [!provide]                        PROVIDE (__end_data_RAM = .)
                [!provide]                        PROVIDE (__end_data_SRAM = .)

.igot.plt       0x1fffe018        0x0 load address 0x00005c88
 .igot.plt      0x1fffe018        0x0 ./utilities/fsl_debug_console.o

.bss            0x1fffe018      0x238
                0x1fffe018                        _bss = .
                [!provide]                        PROVIDE (__start_bss_RAM = .)
                [!provide]                        PROVIDE (__start_bss_SRAM = .)
 *(SORT_BY_ALIGNMENT(.bss*))
 .bss.s_debugConsoleIO
                0x1fffe018        0x8 ./utilities/fsl_io.o
 .bss.g_m_handle
                0x1fffe020       0x28 ./source/main.o
                0x1fffe020                g_m_handle
 .bss.color     0x1fffe048       0xf8 ./source/main.o
                0x1fffe048                color
 .bss.g_xtal0Freq
                0x1fffe140        0x4 ./drivers/fsl_clock.o
                0x1fffe140                g_xtal0Freq
 .bss.g_xtal32Freq
                0x1fffe144        0x4 ./drivers/fsl_clock.o
                0x1fffe144                g_xtal32Freq
 .bss.s_DMAHandle
                0x1fffe148       0x10 ./drivers/fsl_dma.o
 .bss.s_i2cHandle
                0x1fffe158        0x8 ./drivers/fsl_i2c.o
 .bss.s_i2cMasterIsr
                0x1fffe160        0x4 ./drivers/fsl_i2c.o
 .bss.s_i2cSlaveIsr
                0x1fffe164        0x4 ./drivers/fsl_i2c.o
 .bss.s_lpsciHandle
                0x1fffe168        0x4 ./drivers/fsl_lpsci.o
 .bss.s_lpsciIsr
                0x1fffe16c        0x4 ./drivers/fsl_lpsci.o
 .bss.s_uartHandle
                0x1fffe170        0xc ./drivers/fsl_uart.o
 .bss.s_uartIsr
                0x1fffe17c        0x4 ./drivers/fsl_uart.o
 .bss.__Ciob    0x1fffe180       0xb4 /Applications/MCUXpressoIDE_11.9.1_2170/ide/plugins/com.nxp.mcuxpresso.tools.macosx_11.9.1.202402080819/tools/bin/../lib/gcc/arm-none-eabi/12.3.1/../../../../arm-none-eabi/lib/thumb/v6-m/nofp/libcr_semihost_nf.a(__ciob.o)
                0x1fffe180                __Ciob
 .bss.__end_of_heap
                0x1fffe234        0x4 /Applications/MCUXpressoIDE_11.9.1_2170/ide/plugins/com.nxp.mcuxpresso.tools.macosx_11.9.1.202402080819/tools/bin/../lib/gcc/arm-none-eabi/12.3.1/../../../../arm-none-eabi/lib/thumb/v6-m/nofp/libcr_c.a(__init_alloc.o)
                0x1fffe234                __end_of_heap
 .bss.__heaps   0x1fffe238        0x4 /Applications/MCUXpressoIDE_11.9.1_2170/ide/plugins/com.nxp.mcuxpresso.tools.macosx_11.9.1.202402080819/tools/bin/../lib/gcc/arm-none-eabi/12.3.1/../../../../arm-none-eabi/lib/thumb/v6-m/nofp/libcr_c.a(__init_alloc.o)
                0x1fffe238                __heaps
 .bss.errno     0x1fffe23c        0x4 /Applications/MCUXpressoIDE_11.9.1_2170/ide/plugins/com.nxp.mcuxpresso.tools.macosx_11.9.1.202402080819/tools/bin/../lib/gcc/arm-none-eabi/12.3.1/../../../../arm-none-eabi/lib/thumb/v6-m/nofp/libcr_c.a(errno.o)
                0x1fffe23c                errno
 .bss.x_prev    0x1fffe240        0x2 ./source/main.o
                0x1fffe240                x_prev
 .bss.y_prev    0x1fffe242        0x2 ./source/main.o
                0x1fffe242                y_prev
 .bss.z_prev    0x1fffe244        0x2 ./source/main.o
                0x1fffe244                z_prev
 .bss.val_x     0x1fffe246        0x2 ./source/main.o
                0x1fffe246                val_x
 .bss.val_y     0x1fffe248        0x2 ./source/main.o
                0x1fffe248                val_y
 .bss.val_z     0x1fffe24a        0x2 ./source/main.o
                0x1fffe24a                val_z
 .bss.g_accel_addr_found
                0x1fffe24c        0x1 ./source/main.o
                0x1fffe24c                g_accel_addr_found
 .bss.completionFlag
                0x1fffe24d        0x1 ./source/main.o
                0x1fffe24d                completionFlag
 .bss.nakFlag   0x1fffe24e        0x1 ./source/main.o
                0x1fffe24e                nakFlag
 *(SORT_BY_ALIGNMENT(COMMON))
                0x1fffe250                        . = ALIGN (0x4)
 *fill*         0x1fffe24f        0x1 
                0x1fffe250                        _ebss = .
                [!provide]                        PROVIDE (__end_bss_RAM = .)
                [!provide]                        PROVIDE (__end_bss_SRAM = .)
                [!provide]                        PROVIDE (end = .)

.noinit         0x1fffe250        0x0
                0x1fffe250                        _noinit = .
                [!provide]                        PROVIDE (__start_noinit_RAM = .)
                [!provide]                        PROVIDE (__start_noinit_SRAM = .)
 *(SORT_BY_ALIGNMENT(.noinit*))
                0x1fffe250                        . = ALIGN (0x4)
                0x1fffe250                        _end_noinit = .
                [!provide]                        PROVIDE (__end_noinit_RAM = .)
                [!provide]                        PROVIDE (__end_noinit_SRAM = .)
                0x00000800                        _HeapSize = 0x800

.heap           0x1fffe250      0x800
                0x1fffe250                        _pvHeapStart = .
                0x1fffea50                        . = (. + _HeapSize)
 *fill*         0x1fffe250      0x800 
                0x1fffea50                        . = ALIGN (0x4)
                0x1fffea50                        _pvHeapLimit = .
                0x00000800                        _StackSize = 0x800

.heap2stackfill
                0x1fffea50      0x800
                0x1ffff250                        . = (. + _StackSize)
 *fill*         0x1fffea50      0x800 

.stack          0x20005800        0x0
                0x20005800                        _vStackBase = .
                0x20005800                        . = ALIGN (0x4)
                0x20006000                        _vStackTop = (. + _StackSize)
                0x00000000                        _image_start = LOADADDR (.text)
                0x00005c88                        _image_end = (LOADADDR (.data) + SIZEOF (.data))
                0x00005c88                        _image_size = (_image_end - _image_start)
OUTPUT(project.axf elf32-littlearm)
LOAD linker stubs

.debug_info     0x00000000    0x132d9
 .debug_info    0x00000000      0x1b7 ./utilities/fsl_debug_console.o
 .debug_info    0x000001b7      0xa45 ./utilities/fsl_io.o
 .debug_info    0x00000bfc      0x36f ./utilities/fsl_log.o
 .debug_info    0x00000f6b      0x687 ./startup/startup_mkl46z4.o
 .debug_info    0x000015f2      0x558 ./source/ECE3140Lab2.o
 .debug_info    0x00001b4a       0x23 ./source/ECE3140_lowlevel.o
 .debug_info    0x00001b6d      0x58a ./source/led.o
 .debug_info    0x000020f7       0x23 ./source/led_lowlevel.o
 .debug_info    0x0000211a     0x1843 ./source/main.o
 .debug_info    0x0000395d     0x1aa6 ./drivers/fsl_clock.o
 .debug_info    0x00005403      0xf9c ./drivers/fsl_dma.o
 .debug_info    0x0000639f      0x7f7 ./drivers/fsl_gpio.o
 .debug_info    0x00006b96     0x1af5 ./drivers/fsl_i2c.o
 .debug_info    0x0000868b     0x14e7 ./drivers/fsl_lpsci.o
 .debug_info    0x00009b72     0x1488 ./drivers/fsl_uart.o
 .debug_info    0x0000affa      0x3e1 ./board/src/board.o
 .debug_info    0x0000b3db      0xbd7 ./board/src/clock_config.o
 .debug_info    0x0000bfb2      0x704 ./board/pin_mux.o
 .debug_info    0x0000c6b6      0x40a ./CMSIS/system_MKL46Z4.o
 .debug_info    0x0000cac0       0x85 /Applications/MCUXpressoIDE_11.9.1_2170/ide/plugins/com.nxp.mcuxpresso.tools.macosx_11.9.1.202402080819/tools/bin/../lib/gcc/arm-none-eabi/12.3.1/../../../../arm-none-eabi/lib/thumb/v6-m/nofp/libcr_semihost_nf.a(_cr__main.o)
 .debug_info    0x0000cb45      0x240 /Applications/MCUXpressoIDE_11.9.1_2170/ide/plugins/com.nxp.mcuxpresso.tools.macosx_11.9.1.202402080819/tools/bin/../lib/gcc/arm-none-eabi/12.3.1/../../../../arm-none-eabi/lib/thumb/v6-m/nofp/libcr_semihost_nf.a(_cr_assert.o)
 .debug_info    0x0000cd85      0x18b /Applications/MCUXpressoIDE_11.9.1_2170/ide/plugins/com.nxp.mcuxpresso.tools.macosx_11.9.1.202402080819/tools/bin/../lib/gcc/arm-none-eabi/12.3.1/../../../../arm-none-eabi/lib/thumb/v6-m/nofp/libcr_semihost_nf.a(__ciob.o)
 .debug_info    0x0000cf10       0xe3 /Applications/MCUXpressoIDE_11.9.1_2170/ide/plugins/com.nxp.mcuxpresso.tools.macosx_11.9.1.202402080819/tools/bin/../lib/gcc/arm-none-eabi/12.3.1/../../../../arm-none-eabi/lib/thumb/v6-m/nofp/libcr_c.a(memset.o)
 .debug_info    0x0000cff3      0x35d /Applications/MCUXpressoIDE_11.9.1_2170/ide/plugins/com.nxp.mcuxpresso.tools.macosx_11.9.1.202402080819/tools/bin/../lib/gcc/arm-none-eabi/12.3.1/../../../../arm-none-eabi/lib/thumb/v6-m/nofp/libcr_c.a(_deferredlazyseek.o)
 .debug_info    0x0000d350      0x1e3 /Applications/MCUXpressoIDE_11.9.1_2170/ide/plugins/com.nxp.mcuxpresso.tools.macosx_11.9.1.202402080819/tools/bin/../lib/gcc/arm-none-eabi/12.3.1/../../../../arm-none-eabi/lib/thumb/v6-m/nofp/libcr_c.a(_fflush.o)
 .debug_info    0x0000d533      0x283 /Applications/MCUXpressoIDE_11.9.1_2170/ide/plugins/com.nxp.mcuxpresso.tools.macosx_11.9.1.202402080819/tools/bin/../lib/gcc/arm-none-eabi/12.3.1/../../../../arm-none-eabi/lib/thumb/v6-m/nofp/libcr_c.a(_writebuf.o)
 .debug_info    0x0000d7b6      0x50c /Applications/MCUXpressoIDE_11.9.1_2170/ide/plugins/com.nxp.mcuxpresso.tools.macosx_11.9.1.202402080819/tools/bin/../lib/gcc/arm-none-eabi/12.3.1/../../../../arm-none-eabi/lib/thumb/v6-m/nofp/libcr_c.a(alloc.o)
 .debug_info    0x0000dcc2      0x1e0 /Applications/MCUXpressoIDE_11.9.1_2170/ide/plugins/com.nxp.mcuxpresso.tools.macosx_11.9.1.202402080819/tools/bin/../lib/gcc/arm-none-eabi/12.3.1/../../../../arm-none-eabi/lib/thumb/v6-m/nofp/libcr_c.a(fputs.o)
 .debug_info    0x0000dea2      0x278 /Applications/MCUXpressoIDE_11.9.1_2170/ide/plugins/com.nxp.mcuxpresso.tools.macosx_11.9.1.202402080819/tools/bin/../lib/gcc/arm-none-eabi/12.3.1/../../../../arm-none-eabi/lib/thumb/v6-m/nofp/libcr_c.a(fseek.o)
 .debug_info    0x0000e11a      0x190 /Applications/MCUXpressoIDE_11.9.1_2170/ide/plugins/com.nxp.mcuxpresso.tools.macosx_11.9.1.202402080819/tools/bin/../lib/gcc/arm-none-eabi/12.3.1/../../../../arm-none-eabi/lib/thumb/v6-m/nofp/libcr_c.a(ftell.o)
 .debug_info    0x0000e2aa      0x353 /Applications/MCUXpressoIDE_11.9.1_2170/ide/plugins/com.nxp.mcuxpresso.tools.macosx_11.9.1.202402080819/tools/bin/../lib/gcc/arm-none-eabi/12.3.1/../../../../arm-none-eabi/lib/thumb/v6-m/nofp/libcr_c.a(initio.o)
 .debug_info    0x0000e5fd     0x12b0 /Applications/MCUXpressoIDE_11.9.1_2170/ide/plugins/com.nxp.mcuxpresso.tools.macosx_11.9.1.202402080819/tools/bin/../lib/gcc/arm-none-eabi/12.3.1/../../../../arm-none-eabi/lib/thumb/v6-m/nofp/libcr_c.a(printf.o)
 .debug_info    0x0000f8ad      0x1f6 /Applications/MCUXpressoIDE_11.9.1_2170/ide/plugins/com.nxp.mcuxpresso.tools.macosx_11.9.1.202402080819/tools/bin/../lib/gcc/arm-none-eabi/12.3.1/../../../../arm-none-eabi/lib/thumb/v6-m/nofp/libcr_c.a(setvbuf.o)
 .debug_info    0x0000faa3      0x1f3 /Applications/MCUXpressoIDE_11.9.1_2170/ide/plugins/com.nxp.mcuxpresso.tools.macosx_11.9.1.202402080819/tools/bin/../lib/gcc/arm-none-eabi/12.3.1/../../../../arm-none-eabi/lib/thumb/v6-m/nofp/libcr_c.a(sqrt.o)
 .debug_info    0x0000fc96      0x4e2 /Applications/MCUXpressoIDE_11.9.1_2170/ide/plugins/com.nxp.mcuxpresso.tools.macosx_11.9.1.202402080819/tools/bin/../lib/gcc/arm-none-eabi/12.3.1/../../../../arm-none-eabi/lib/thumb/v6-m/nofp/libcr_c.a(stdlib.o)
 .debug_info    0x00010178       0xd6 /Applications/MCUXpressoIDE_11.9.1_2170/ide/plugins/com.nxp.mcuxpresso.tools.macosx_11.9.1.202402080819/tools/bin/../lib/gcc/arm-none-eabi/12.3.1/../../../../arm-none-eabi/lib/thumb/v6-m/nofp/libcr_c.a(strlen.o)
 .debug_info    0x0001024e       0xd4 /Applications/MCUXpressoIDE_11.9.1_2170/ide/plugins/com.nxp.mcuxpresso.tools.macosx_11.9.1.202402080819/tools/bin/../lib/gcc/arm-none-eabi/12.3.1/../../../../arm-none-eabi/lib/thumb/v6-m/nofp/libcr_c.a(__init_alloc.o)
 .debug_info    0x00010322      0x100 /Applications/MCUXpressoIDE_11.9.1_2170/ide/plugins/com.nxp.mcuxpresso.tools.macosx_11.9.1.202402080819/tools/bin/../lib/gcc/arm-none-eabi/12.3.1/../../../../arm-none-eabi/lib/thumb/v6-m/nofp/libcr_c.a(_cr_sbrk.o)
 .debug_info    0x00010422      0x244 /Applications/MCUXpressoIDE_11.9.1_2170/ide/plugins/com.nxp.mcuxpresso.tools.macosx_11.9.1.202402080819/tools/bin/../lib/gcc/arm-none-eabi/12.3.1/../../../../arm-none-eabi/lib/thumb/v6-m/nofp/libcr_c.a(_fdopen.o)
 .debug_info    0x00010666       0x44 /Applications/MCUXpressoIDE_11.9.1_2170/ide/plugins/com.nxp.mcuxpresso.tools.macosx_11.9.1.202402080819/tools/bin/../lib/gcc/arm-none-eabi/12.3.1/../../../../arm-none-eabi/lib/thumb/v6-m/nofp/libcr_c.a(errno.o)
 .debug_info    0x000106aa      0x31e /Applications/MCUXpressoIDE_11.9.1_2170/ide/plugins/com.nxp.mcuxpresso.tools.macosx_11.9.1.202402080819/tools/bin/../lib/gcc/arm-none-eabi/12.3.1/../../../../arm-none-eabi/lib/thumb/v6-m/nofp/libcr_c.a(fclose.o)
 .debug_info    0x000109c8      0x203 /Applications/MCUXpressoIDE_11.9.1_2170/ide/plugins/com.nxp.mcuxpresso.tools.macosx_11.9.1.202402080819/tools/bin/../lib/gcc/arm-none-eabi/12.3.1/../../../../arm-none-eabi/lib/thumb/v6-m/nofp/libcr_c.a(fflush.o)
 .debug_info    0x00010bcb      0x1c9 /Applications/MCUXpressoIDE_11.9.1_2170/ide/plugins/com.nxp.mcuxpresso.tools.macosx_11.9.1.202402080819/tools/bin/../lib/gcc/arm-none-eabi/12.3.1/../../../../arm-none-eabi/lib/thumb/v6-m/nofp/libcr_c.a(remove.o)
 .debug_info    0x00010d94       0x71 /Applications/MCUXpressoIDE_11.9.1_2170/ide/plugins/com.nxp.mcuxpresso.tools.macosx_11.9.1.202402080819/tools/bin/../lib/gcc/arm-none-eabi/12.3.1/../../../../arm-none-eabi/lib/thumb/v6-m/nofp/libcr_c.a(_cr_check_heap.o)
 .debug_info    0x00010e05      0x23a /Applications/MCUXpressoIDE_11.9.1_2170/ide/plugins/com.nxp.mcuxpresso.tools.macosx_11.9.1.202402080819/tools/bin/../lib/gcc/arm-none-eabi/12.3.1/../../../../arm-none-eabi/lib/thumb/v6-m/nofp/libcr_c.a(_do_fflush.o)
 .debug_info    0x0001103f     0x229a /Applications/MCUXpressoIDE_11.9.1_2170/ide/plugins/com.nxp.mcuxpresso.tools.macosx_11.9.1.202402080819/tools/bin/../lib/gcc/arm-none-eabi/12.3.1/thumb/v6-m/nofp/libcr_eabihelpers.a(double.o)

.debug_abbrev   0x00000000     0x486c
 .debug_abbrev  0x00000000      0x107 ./utilities/fsl_debug_console.o
 .debug_abbrev  0x00000107      0x233 ./utilities/fsl_io.o
 .debug_abbrev  0x0000033a      0x1b9 ./utilities/fsl_log.o
 .debug_abbrev  0x000004f3      0x177 ./startup/startup_mkl46z4.o
 .debug_abbrev  0x0000066a      0x159 ./source/ECE3140Lab2.o
 .debug_abbrev  0x000007c3       0x14 ./source/ECE3140_lowlevel.o
 .debug_abbrev  0x000007d7      0x1af ./source/led.o
 .debug_abbrev  0x00000986       0x14 ./source/led_lowlevel.o
 .debug_abbrev  0x0000099a      0x449 ./source/main.o
 .debug_abbrev  0x00000de3      0x367 ./drivers/fsl_clock.o
 .debug_abbrev  0x0000114a      0x2e8 ./drivers/fsl_dma.o
 .debug_abbrev  0x00001432      0x212 ./drivers/fsl_gpio.o
 .debug_abbrev  0x00001644      0x3a2 ./drivers/fsl_i2c.o
 .debug_abbrev  0x000019e6      0x31f ./drivers/fsl_lpsci.o
 .debug_abbrev  0x00001d05      0x31f ./drivers/fsl_uart.o
 .debug_abbrev  0x00002024      0x14b ./board/src/board.o
 .debug_abbrev  0x0000216f      0x231 ./board/src/clock_config.o
 .debug_abbrev  0x000023a0      0x22b ./board/pin_mux.o
 .debug_abbrev  0x000025cb      0x145 ./CMSIS/system_MKL46Z4.o
 .debug_abbrev  0x00002710       0x62 /Applications/MCUXpressoIDE_11.9.1_2170/ide/plugins/com.nxp.mcuxpresso.tools.macosx_11.9.1.202402080819/tools/bin/../lib/gcc/arm-none-eabi/12.3.1/../../../../arm-none-eabi/lib/thumb/v6-m/nofp/libcr_semihost_nf.a(_cr__main.o)
 .debug_abbrev  0x00002772      0x12c /Applications/MCUXpressoIDE_11.9.1_2170/ide/plugins/com.nxp.mcuxpresso.tools.macosx_11.9.1.202402080819/tools/bin/../lib/gcc/arm-none-eabi/12.3.1/../../../../arm-none-eabi/lib/thumb/v6-m/nofp/libcr_semihost_nf.a(_cr_assert.o)
 .debug_abbrev  0x0000289e       0xb5 /Applications/MCUXpressoIDE_11.9.1_2170/ide/plugins/com.nxp.mcuxpresso.tools.macosx_11.9.1.202402080819/tools/bin/../lib/gcc/arm-none-eabi/12.3.1/../../../../arm-none-eabi/lib/thumb/v6-m/nofp/libcr_semihost_nf.a(__ciob.o)
 .debug_abbrev  0x00002953       0xa5 /Applications/MCUXpressoIDE_11.9.1_2170/ide/plugins/com.nxp.mcuxpresso.tools.macosx_11.9.1.202402080819/tools/bin/../lib/gcc/arm-none-eabi/12.3.1/../../../../arm-none-eabi/lib/thumb/v6-m/nofp/libcr_c.a(memset.o)
 .debug_abbrev  0x000029f8      0x147 /Applications/MCUXpressoIDE_11.9.1_2170/ide/plugins/com.nxp.mcuxpresso.tools.macosx_11.9.1.202402080819/tools/bin/../lib/gcc/arm-none-eabi/12.3.1/../../../../arm-none-eabi/lib/thumb/v6-m/nofp/libcr_c.a(_deferredlazyseek.o)
 .debug_abbrev  0x00002b3f       0xf1 /Applications/MCUXpressoIDE_11.9.1_2170/ide/plugins/com.nxp.mcuxpresso.tools.macosx_11.9.1.202402080819/tools/bin/../lib/gcc/arm-none-eabi/12.3.1/../../../../arm-none-eabi/lib/thumb/v6-m/nofp/libcr_c.a(_fflush.o)
 .debug_abbrev  0x00002c30      0x126 /Applications/MCUXpressoIDE_11.9.1_2170/ide/plugins/com.nxp.mcuxpresso.tools.macosx_11.9.1.202402080819/tools/bin/../lib/gcc/arm-none-eabi/12.3.1/../../../../arm-none-eabi/lib/thumb/v6-m/nofp/libcr_c.a(_writebuf.o)
 .debug_abbrev  0x00002d56      0x27b /Applications/MCUXpressoIDE_11.9.1_2170/ide/plugins/com.nxp.mcuxpresso.tools.macosx_11.9.1.202402080819/tools/bin/../lib/gcc/arm-none-eabi/12.3.1/../../../../arm-none-eabi/lib/thumb/v6-m/nofp/libcr_c.a(alloc.o)
 .debug_abbrev  0x00002fd1      0x10c /Applications/MCUXpressoIDE_11.9.1_2170/ide/plugins/com.nxp.mcuxpresso.tools.macosx_11.9.1.202402080819/tools/bin/../lib/gcc/arm-none-eabi/12.3.1/../../../../arm-none-eabi/lib/thumb/v6-m/nofp/libcr_c.a(fputs.o)
 .debug_abbrev  0x000030dd      0x11b /Applications/MCUXpressoIDE_11.9.1_2170/ide/plugins/com.nxp.mcuxpresso.tools.macosx_11.9.1.202402080819/tools/bin/../lib/gcc/arm-none-eabi/12.3.1/../../../../arm-none-eabi/lib/thumb/v6-m/nofp/libcr_c.a(fseek.o)
 .debug_abbrev  0x000031f8       0xc2 /Applications/MCUXpressoIDE_11.9.1_2170/ide/plugins/com.nxp.mcuxpresso.tools.macosx_11.9.1.202402080819/tools/bin/../lib/gcc/arm-none-eabi/12.3.1/../../../../arm-none-eabi/lib/thumb/v6-m/nofp/libcr_c.a(ftell.o)
 .debug_abbrev  0x000032ba      0x14b /Applications/MCUXpressoIDE_11.9.1_2170/ide/plugins/com.nxp.mcuxpresso.tools.macosx_11.9.1.202402080819/tools/bin/../lib/gcc/arm-none-eabi/12.3.1/../../../../arm-none-eabi/lib/thumb/v6-m/nofp/libcr_c.a(initio.o)
 .debug_abbrev  0x00003405      0x3af /Applications/MCUXpressoIDE_11.9.1_2170/ide/plugins/com.nxp.mcuxpresso.tools.macosx_11.9.1.202402080819/tools/bin/../lib/gcc/arm-none-eabi/12.3.1/../../../../arm-none-eabi/lib/thumb/v6-m/nofp/libcr_c.a(printf.o)
 .debug_abbrev  0x000037b4       0xe1 /Applications/MCUXpressoIDE_11.9.1_2170/ide/plugins/com.nxp.mcuxpresso.tools.macosx_11.9.1.202402080819/tools/bin/../lib/gcc/arm-none-eabi/12.3.1/../../../../arm-none-eabi/lib/thumb/v6-m/nofp/libcr_c.a(setvbuf.o)
 .debug_abbrev  0x00003895      0x11e /Applications/MCUXpressoIDE_11.9.1_2170/ide/plugins/com.nxp.mcuxpresso.tools.macosx_11.9.1.202402080819/tools/bin/../lib/gcc/arm-none-eabi/12.3.1/../../../../arm-none-eabi/lib/thumb/v6-m/nofp/libcr_c.a(sqrt.o)
 .debug_abbrev  0x000039b3      0x2a6 /Applications/MCUXpressoIDE_11.9.1_2170/ide/plugins/com.nxp.mcuxpresso.tools.macosx_11.9.1.202402080819/tools/bin/../lib/gcc/arm-none-eabi/12.3.1/../../../../arm-none-eabi/lib/thumb/v6-m/nofp/libcr_c.a(stdlib.o)
 .debug_abbrev  0x00003c59       0xa5 /Applications/MCUXpressoIDE_11.9.1_2170/ide/plugins/com.nxp.mcuxpresso.tools.macosx_11.9.1.202402080819/tools/bin/../lib/gcc/arm-none-eabi/12.3.1/../../../../arm-none-eabi/lib/thumb/v6-m/nofp/libcr_c.a(strlen.o)
 .debug_abbrev  0x00003cfe       0xaf /Applications/MCUXpressoIDE_11.9.1_2170/ide/plugins/com.nxp.mcuxpresso.tools.macosx_11.9.1.202402080819/tools/bin/../lib/gcc/arm-none-eabi/12.3.1/../../../../arm-none-eabi/lib/thumb/v6-m/nofp/libcr_c.a(__init_alloc.o)
 .debug_abbrev  0x00003dad       0xd3 /Applications/MCUXpressoIDE_11.9.1_2170/ide/plugins/com.nxp.mcuxpresso.tools.macosx_11.9.1.202402080819/tools/bin/../lib/gcc/arm-none-eabi/12.3.1/../../../../arm-none-eabi/lib/thumb/v6-m/nofp/libcr_c.a(_cr_sbrk.o)
 .debug_abbrev  0x00003e80      0x119 /Applications/MCUXpressoIDE_11.9.1_2170/ide/plugins/com.nxp.mcuxpresso.tools.macosx_11.9.1.202402080819/tools/bin/../lib/gcc/arm-none-eabi/12.3.1/../../../../arm-none-eabi/lib/thumb/v6-m/nofp/libcr_c.a(_fdopen.o)
 .debug_abbrev  0x00003f99       0x44 /Applications/MCUXpressoIDE_11.9.1_2170/ide/plugins/com.nxp.mcuxpresso.tools.macosx_11.9.1.202402080819/tools/bin/../lib/gcc/arm-none-eabi/12.3.1/../../../../arm-none-eabi/lib/thumb/v6-m/nofp/libcr_c.a(errno.o)
 .debug_abbrev  0x00003fdd      0x158 /Applications/MCUXpressoIDE_11.9.1_2170/ide/plugins/com.nxp.mcuxpresso.tools.macosx_11.9.1.202402080819/tools/bin/../lib/gcc/arm-none-eabi/12.3.1/../../../../arm-none-eabi/lib/thumb/v6-m/nofp/libcr_c.a(fclose.o)
 .debug_abbrev  0x00004135      0x122 /Applications/MCUXpressoIDE_11.9.1_2170/ide/plugins/com.nxp.mcuxpresso.tools.macosx_11.9.1.202402080819/tools/bin/../lib/gcc/arm-none-eabi/12.3.1/../../../../arm-none-eabi/lib/thumb/v6-m/nofp/libcr_c.a(fflush.o)
 .debug_abbrev  0x00004257       0xed /Applications/MCUXpressoIDE_11.9.1_2170/ide/plugins/com.nxp.mcuxpresso.tools.macosx_11.9.1.202402080819/tools/bin/../lib/gcc/arm-none-eabi/12.3.1/../../../../arm-none-eabi/lib/thumb/v6-m/nofp/libcr_c.a(remove.o)
 .debug_abbrev  0x00004344       0x6b /Applications/MCUXpressoIDE_11.9.1_2170/ide/plugins/com.nxp.mcuxpresso.tools.macosx_11.9.1.202402080819/tools/bin/../lib/gcc/arm-none-eabi/12.3.1/../../../../arm-none-eabi/lib/thumb/v6-m/nofp/libcr_c.a(_cr_check_heap.o)
 .debug_abbrev  0x000043af      0x12c /Applications/MCUXpressoIDE_11.9.1_2170/ide/plugins/com.nxp.mcuxpresso.tools.macosx_11.9.1.202402080819/tools/bin/../lib/gcc/arm-none-eabi/12.3.1/../../../../arm-none-eabi/lib/thumb/v6-m/nofp/libcr_c.a(_do_fflush.o)
 .debug_abbrev  0x000044db      0x391 /Applications/MCUXpressoIDE_11.9.1_2170/ide/plugins/com.nxp.mcuxpresso.tools.macosx_11.9.1.202402080819/tools/bin/../lib/gcc/arm-none-eabi/12.3.1/thumb/v6-m/nofp/libcr_eabihelpers.a(double.o)

.debug_aranges  0x00000000     0x10f0
 .debug_aranges
                0x00000000       0x30 ./utilities/fsl_debug_console.o
 .debug_aranges
                0x00000030       0x58 ./utilities/fsl_io.o
 .debug_aranges
                0x00000088       0x58 ./utilities/fsl_log.o
 .debug_aranges
                0x000000e0      0x160 ./startup/startup_mkl46z4.o
 .debug_aranges
                0x00000240       0x60 ./source/ECE3140Lab2.o
 .debug_aranges
                0x000002a0       0x20 ./source/ECE3140_lowlevel.o
 .debug_aranges
                0x000002c0       0x88 ./source/led.o
 .debug_aranges
                0x00000348       0x20 ./source/led_lowlevel.o
 .debug_aranges
                0x00000368       0xb8 ./source/main.o
 .debug_aranges
                0x00000420      0x1d8 ./drivers/fsl_clock.o
 .debug_aranges
                0x000005f8       0xd0 ./drivers/fsl_dma.o
 .debug_aranges
                0x000006c8       0x78 ./drivers/fsl_gpio.o
 .debug_aranges
                0x00000740      0x178 ./drivers/fsl_i2c.o
 .debug_aranges
                0x000008b8      0x118 ./drivers/fsl_lpsci.o
 .debug_aranges
                0x000009d0      0x130 ./drivers/fsl_uart.o
 .debug_aranges
                0x00000b00       0x28 ./board/src/board.o
 .debug_aranges
                0x00000b28       0x50 ./board/src/clock_config.o
 .debug_aranges
                0x00000b78       0x48 ./board/pin_mux.o
 .debug_aranges
                0x00000bc0       0x30 ./CMSIS/system_MKL46Z4.o
 .debug_aranges
                0x00000bf0       0x20 /Applications/MCUXpressoIDE_11.9.1_2170/ide/plugins/com.nxp.mcuxpresso.tools.macosx_11.9.1.202402080819/tools/bin/../lib/gcc/arm-none-eabi/12.3.1/../../../../arm-none-eabi/lib/thumb/v6-m/nofp/libcr_semihost_nf.a(_cr__main.o)
 .debug_aranges
                0x00000c10       0x20 /Applications/MCUXpressoIDE_11.9.1_2170/ide/plugins/com.nxp.mcuxpresso.tools.macosx_11.9.1.202402080819/tools/bin/../lib/gcc/arm-none-eabi/12.3.1/../../../../arm-none-eabi/lib/thumb/v6-m/nofp/libcr_semihost_nf.a(_cr_assert.o)
 .debug_aranges
                0x00000c30       0x18 /Applications/MCUXpressoIDE_11.9.1_2170/ide/plugins/com.nxp.mcuxpresso.tools.macosx_11.9.1.202402080819/tools/bin/../lib/gcc/arm-none-eabi/12.3.1/../../../../arm-none-eabi/lib/thumb/v6-m/nofp/libcr_semihost_nf.a(__ciob.o)
 .debug_aranges
                0x00000c48       0x20 /Applications/MCUXpressoIDE_11.9.1_2170/ide/plugins/com.nxp.mcuxpresso.tools.macosx_11.9.1.202402080819/tools/bin/../lib/gcc/arm-none-eabi/12.3.1/../../../../arm-none-eabi/lib/thumb/v6-m/nofp/libcr_c.a(memset.o)
 .debug_aranges
                0x00000c68       0x28 /Applications/MCUXpressoIDE_11.9.1_2170/ide/plugins/com.nxp.mcuxpresso.tools.macosx_11.9.1.202402080819/tools/bin/../lib/gcc/arm-none-eabi/12.3.1/../../../../arm-none-eabi/lib/thumb/v6-m/nofp/libcr_c.a(_deferredlazyseek.o)
 .debug_aranges
                0x00000c90       0x20 /Applications/MCUXpressoIDE_11.9.1_2170/ide/plugins/com.nxp.mcuxpresso.tools.macosx_11.9.1.202402080819/tools/bin/../lib/gcc/arm-none-eabi/12.3.1/../../../../arm-none-eabi/lib/thumb/v6-m/nofp/libcr_c.a(_fflush.o)
 .debug_aranges
                0x00000cb0       0x20 /Applications/MCUXpressoIDE_11.9.1_2170/ide/plugins/com.nxp.mcuxpresso.tools.macosx_11.9.1.202402080819/tools/bin/../lib/gcc/arm-none-eabi/12.3.1/../../../../arm-none-eabi/lib/thumb/v6-m/nofp/libcr_c.a(_writebuf.o)
 .debug_aranges
                0x00000cd0       0x40 /Applications/MCUXpressoIDE_11.9.1_2170/ide/plugins/com.nxp.mcuxpresso.tools.macosx_11.9.1.202402080819/tools/bin/../lib/gcc/arm-none-eabi/12.3.1/../../../../arm-none-eabi/lib/thumb/v6-m/nofp/libcr_c.a(alloc.o)
 .debug_aranges
                0x00000d10       0x20 /Applications/MCUXpressoIDE_11.9.1_2170/ide/plugins/com.nxp.mcuxpresso.tools.macosx_11.9.1.202402080819/tools/bin/../lib/gcc/arm-none-eabi/12.3.1/../../../../arm-none-eabi/lib/thumb/v6-m/nofp/libcr_c.a(fputs.o)
 .debug_aranges
                0x00000d30       0x20 /Applications/MCUXpressoIDE_11.9.1_2170/ide/plugins/com.nxp.mcuxpresso.tools.macosx_11.9.1.202402080819/tools/bin/../lib/gcc/arm-none-eabi/12.3.1/../../../../arm-none-eabi/lib/thumb/v6-m/nofp/libcr_c.a(fseek.o)
 .debug_aranges
                0x00000d50       0x20 /Applications/MCUXpressoIDE_11.9.1_2170/ide/plugins/com.nxp.mcuxpresso.tools.macosx_11.9.1.202402080819/tools/bin/../lib/gcc/arm-none-eabi/12.3.1/../../../../arm-none-eabi/lib/thumb/v6-m/nofp/libcr_c.a(ftell.o)
 .debug_aranges
                0x00000d70       0x28 /Applications/MCUXpressoIDE_11.9.1_2170/ide/plugins/com.nxp.mcuxpresso.tools.macosx_11.9.1.202402080819/tools/bin/../lib/gcc/arm-none-eabi/12.3.1/../../../../arm-none-eabi/lib/thumb/v6-m/nofp/libcr_c.a(initio.o)
 .debug_aranges
                0x00000d98       0x70 /Applications/MCUXpressoIDE_11.9.1_2170/ide/plugins/com.nxp.mcuxpresso.tools.macosx_11.9.1.202402080819/tools/bin/../lib/gcc/arm-none-eabi/12.3.1/../../../../arm-none-eabi/lib/thumb/v6-m/nofp/libcr_c.a(printf.o)
 .debug_aranges
                0x00000e08       0x20 /Applications/MCUXpressoIDE_11.9.1_2170/ide/plugins/com.nxp.mcuxpresso.tools.macosx_11.9.1.202402080819/tools/bin/../lib/gcc/arm-none-eabi/12.3.1/../../../../arm-none-eabi/lib/thumb/v6-m/nofp/libcr_c.a(setvbuf.o)
 .debug_aranges
                0x00000e28       0x20 /Applications/MCUXpressoIDE_11.9.1_2170/ide/plugins/com.nxp.mcuxpresso.tools.macosx_11.9.1.202402080819/tools/bin/../lib/gcc/arm-none-eabi/12.3.1/../../../../arm-none-eabi/lib/thumb/v6-m/nofp/libcr_c.a(sqrt.o)
 .debug_aranges
                0x00000e48       0x88 /Applications/MCUXpressoIDE_11.9.1_2170/ide/plugins/com.nxp.mcuxpresso.tools.macosx_11.9.1.202402080819/tools/bin/../lib/gcc/arm-none-eabi/12.3.1/../../../../arm-none-eabi/lib/thumb/v6-m/nofp/libcr_c.a(stdlib.o)
 .debug_aranges
                0x00000ed0       0x20 /Applications/MCUXpressoIDE_11.9.1_2170/ide/plugins/com.nxp.mcuxpresso.tools.macosx_11.9.1.202402080819/tools/bin/../lib/gcc/arm-none-eabi/12.3.1/../../../../arm-none-eabi/lib/thumb/v6-m/nofp/libcr_c.a(strlen.o)
 .debug_aranges
                0x00000ef0       0x20 /Applications/MCUXpressoIDE_11.9.1_2170/ide/plugins/com.nxp.mcuxpresso.tools.macosx_11.9.1.202402080819/tools/bin/../lib/gcc/arm-none-eabi/12.3.1/../../../../arm-none-eabi/lib/thumb/v6-m/nofp/libcr_c.a(__init_alloc.o)
 .debug_aranges
                0x00000f10       0x20 /Applications/MCUXpressoIDE_11.9.1_2170/ide/plugins/com.nxp.mcuxpresso.tools.macosx_11.9.1.202402080819/tools/bin/../lib/gcc/arm-none-eabi/12.3.1/../../../../arm-none-eabi/lib/thumb/v6-m/nofp/libcr_c.a(_cr_sbrk.o)
 .debug_aranges
                0x00000f30       0x20 /Applications/MCUXpressoIDE_11.9.1_2170/ide/plugins/com.nxp.mcuxpresso.tools.macosx_11.9.1.202402080819/tools/bin/../lib/gcc/arm-none-eabi/12.3.1/../../../../arm-none-eabi/lib/thumb/v6-m/nofp/libcr_c.a(_fdopen.o)
 .debug_aranges
                0x00000f50       0x18 /Applications/MCUXpressoIDE_11.9.1_2170/ide/plugins/com.nxp.mcuxpresso.tools.macosx_11.9.1.202402080819/tools/bin/../lib/gcc/arm-none-eabi/12.3.1/../../../../arm-none-eabi/lib/thumb/v6-m/nofp/libcr_c.a(errno.o)
 .debug_aranges
                0x00000f68       0x20 /Applications/MCUXpressoIDE_11.9.1_2170/ide/plugins/com.nxp.mcuxpresso.tools.macosx_11.9.1.202402080819/tools/bin/../lib/gcc/arm-none-eabi/12.3.1/../../../../arm-none-eabi/lib/thumb/v6-m/nofp/libcr_c.a(fclose.o)
 .debug_aranges
                0x00000f88       0x20 /Applications/MCUXpressoIDE_11.9.1_2170/ide/plugins/com.nxp.mcuxpresso.tools.macosx_11.9.1.202402080819/tools/bin/../lib/gcc/arm-none-eabi/12.3.1/../../../../arm-none-eabi/lib/thumb/v6-m/nofp/libcr_c.a(fflush.o)
 .debug_aranges
                0x00000fa8       0x28 /Applications/MCUXpressoIDE_11.9.1_2170/ide/plugins/com.nxp.mcuxpresso.tools.macosx_11.9.1.202402080819/tools/bin/../lib/gcc/arm-none-eabi/12.3.1/../../../../arm-none-eabi/lib/thumb/v6-m/nofp/libcr_c.a(remove.o)
 .debug_aranges
                0x00000fd0       0x20 /Applications/MCUXpressoIDE_11.9.1_2170/ide/plugins/com.nxp.mcuxpresso.tools.macosx_11.9.1.202402080819/tools/bin/../lib/gcc/arm-none-eabi/12.3.1/../../../../arm-none-eabi/lib/thumb/v6-m/nofp/libcr_c.a(_cr_check_heap.o)
 .debug_aranges
                0x00000ff0       0x20 /Applications/MCUXpressoIDE_11.9.1_2170/ide/plugins/com.nxp.mcuxpresso.tools.macosx_11.9.1.202402080819/tools/bin/../lib/gcc/arm-none-eabi/12.3.1/../../../../arm-none-eabi/lib/thumb/v6-m/nofp/libcr_c.a(_do_fflush.o)
 .debug_aranges
                0x00001010       0xe0 /Applications/MCUXpressoIDE_11.9.1_2170/ide/plugins/com.nxp.mcuxpresso.tools.macosx_11.9.1.202402080819/tools/bin/../lib/gcc/arm-none-eabi/12.3.1/thumb/v6-m/nofp/libcr_eabihelpers.a(double.o)

.debug_ranges   0x00000000     0x1318
 .debug_ranges  0x00000000       0x20 ./utilities/fsl_debug_console.o
 .debug_ranges  0x00000020       0x48 ./utilities/fsl_io.o
 .debug_ranges  0x00000068       0x48 ./utilities/fsl_log.o
 .debug_ranges  0x000000b0      0x150 ./startup/startup_mkl46z4.o
 .debug_ranges  0x00000200       0x50 ./source/ECE3140Lab2.o
 .debug_ranges  0x00000250       0x78 ./source/led.o
 .debug_ranges  0x000002c8       0xa8 ./source/main.o
 .debug_ranges  0x00000370      0x1c8 ./drivers/fsl_clock.o
 .debug_ranges  0x00000538       0xc0 ./drivers/fsl_dma.o
 .debug_ranges  0x000005f8       0x68 ./drivers/fsl_gpio.o
 .debug_ranges  0x00000660      0x168 ./drivers/fsl_i2c.o
 .debug_ranges  0x000007c8      0x108 ./drivers/fsl_lpsci.o
 .debug_ranges  0x000008d0      0x120 ./drivers/fsl_uart.o
 .debug_ranges  0x000009f0       0x18 ./board/src/board.o
 .debug_ranges  0x00000a08       0x40 ./board/src/clock_config.o
 .debug_ranges  0x00000a48       0x38 ./board/pin_mux.o
 .debug_ranges  0x00000a80       0x20 ./CMSIS/system_MKL46Z4.o
 .debug_ranges  0x00000aa0       0x10 /Applications/MCUXpressoIDE_11.9.1_2170/ide/plugins/com.nxp.mcuxpresso.tools.macosx_11.9.1.202402080819/tools/bin/../lib/gcc/arm-none-eabi/12.3.1/../../../../arm-none-eabi/lib/thumb/v6-m/nofp/libcr_semihost_nf.a(_cr__main.o)
 .debug_ranges  0x00000ab0       0x10 /Applications/MCUXpressoIDE_11.9.1_2170/ide/plugins/com.nxp.mcuxpresso.tools.macosx_11.9.1.202402080819/tools/bin/../lib/gcc/arm-none-eabi/12.3.1/../../../../arm-none-eabi/lib/thumb/v6-m/nofp/libcr_semihost_nf.a(_cr_assert.o)
 .debug_ranges  0x00000ac0       0x10 /Applications/MCUXpressoIDE_11.9.1_2170/ide/plugins/com.nxp.mcuxpresso.tools.macosx_11.9.1.202402080819/tools/bin/../lib/gcc/arm-none-eabi/12.3.1/../../../../arm-none-eabi/lib/thumb/v6-m/nofp/libcr_c.a(memset.o)
 .debug_ranges  0x00000ad0       0x50 /Applications/MCUXpressoIDE_11.9.1_2170/ide/plugins/com.nxp.mcuxpresso.tools.macosx_11.9.1.202402080819/tools/bin/../lib/gcc/arm-none-eabi/12.3.1/../../../../arm-none-eabi/lib/thumb/v6-m/nofp/libcr_c.a(_deferredlazyseek.o)
 .debug_ranges  0x00000b20       0x10 /Applications/MCUXpressoIDE_11.9.1_2170/ide/plugins/com.nxp.mcuxpresso.tools.macosx_11.9.1.202402080819/tools/bin/../lib/gcc/arm-none-eabi/12.3.1/../../../../arm-none-eabi/lib/thumb/v6-m/nofp/libcr_c.a(_fflush.o)
 .debug_ranges  0x00000b30       0x10 /Applications/MCUXpressoIDE_11.9.1_2170/ide/plugins/com.nxp.mcuxpresso.tools.macosx_11.9.1.202402080819/tools/bin/../lib/gcc/arm-none-eabi/12.3.1/../../../../arm-none-eabi/lib/thumb/v6-m/nofp/libcr_c.a(_writebuf.o)
 .debug_ranges  0x00000b40       0x50 /Applications/MCUXpressoIDE_11.9.1_2170/ide/plugins/com.nxp.mcuxpresso.tools.macosx_11.9.1.202402080819/tools/bin/../lib/gcc/arm-none-eabi/12.3.1/../../../../arm-none-eabi/lib/thumb/v6-m/nofp/libcr_c.a(alloc.o)
 .debug_ranges  0x00000b90       0x10 /Applications/MCUXpressoIDE_11.9.1_2170/ide/plugins/com.nxp.mcuxpresso.tools.macosx_11.9.1.202402080819/tools/bin/../lib/gcc/arm-none-eabi/12.3.1/../../../../arm-none-eabi/lib/thumb/v6-m/nofp/libcr_c.a(fputs.o)
 .debug_ranges  0x00000ba0       0x10 /Applications/MCUXpressoIDE_11.9.1_2170/ide/plugins/com.nxp.mcuxpresso.tools.macosx_11.9.1.202402080819/tools/bin/../lib/gcc/arm-none-eabi/12.3.1/../../../../arm-none-eabi/lib/thumb/v6-m/nofp/libcr_c.a(fseek.o)
 .debug_ranges  0x00000bb0       0x10 /Applications/MCUXpressoIDE_11.9.1_2170/ide/plugins/com.nxp.mcuxpresso.tools.macosx_11.9.1.202402080819/tools/bin/../lib/gcc/arm-none-eabi/12.3.1/../../../../arm-none-eabi/lib/thumb/v6-m/nofp/libcr_c.a(ftell.o)
 .debug_ranges  0x00000bc0       0x38 /Applications/MCUXpressoIDE_11.9.1_2170/ide/plugins/com.nxp.mcuxpresso.tools.macosx_11.9.1.202402080819/tools/bin/../lib/gcc/arm-none-eabi/12.3.1/../../../../arm-none-eabi/lib/thumb/v6-m/nofp/libcr_c.a(initio.o)
 .debug_ranges  0x00000bf8      0x2b8 /Applications/MCUXpressoIDE_11.9.1_2170/ide/plugins/com.nxp.mcuxpresso.tools.macosx_11.9.1.202402080819/tools/bin/../lib/gcc/arm-none-eabi/12.3.1/../../../../arm-none-eabi/lib/thumb/v6-m/nofp/libcr_c.a(printf.o)
 .debug_ranges  0x00000eb0       0x10 /Applications/MCUXpressoIDE_11.9.1_2170/ide/plugins/com.nxp.mcuxpresso.tools.macosx_11.9.1.202402080819/tools/bin/../lib/gcc/arm-none-eabi/12.3.1/../../../../arm-none-eabi/lib/thumb/v6-m/nofp/libcr_c.a(setvbuf.o)
 .debug_ranges  0x00000ec0       0x28 /Applications/MCUXpressoIDE_11.9.1_2170/ide/plugins/com.nxp.mcuxpresso.tools.macosx_11.9.1.202402080819/tools/bin/../lib/gcc/arm-none-eabi/12.3.1/../../../../arm-none-eabi/lib/thumb/v6-m/nofp/libcr_c.a(sqrt.o)
 .debug_ranges  0x00000ee8       0x78 /Applications/MCUXpressoIDE_11.9.1_2170/ide/plugins/com.nxp.mcuxpresso.tools.macosx_11.9.1.202402080819/tools/bin/../lib/gcc/arm-none-eabi/12.3.1/../../../../arm-none-eabi/lib/thumb/v6-m/nofp/libcr_c.a(stdlib.o)
 .debug_ranges  0x00000f60       0x28 /Applications/MCUXpressoIDE_11.9.1_2170/ide/plugins/com.nxp.mcuxpresso.tools.macosx_11.9.1.202402080819/tools/bin/../lib/gcc/arm-none-eabi/12.3.1/../../../../arm-none-eabi/lib/thumb/v6-m/nofp/libcr_c.a(strlen.o)
 .debug_ranges  0x00000f88       0x10 /Applications/MCUXpressoIDE_11.9.1_2170/ide/plugins/com.nxp.mcuxpresso.tools.macosx_11.9.1.202402080819/tools/bin/../lib/gcc/arm-none-eabi/12.3.1/../../../../arm-none-eabi/lib/thumb/v6-m/nofp/libcr_c.a(__init_alloc.o)
 .debug_ranges  0x00000f98       0x10 /Applications/MCUXpressoIDE_11.9.1_2170/ide/plugins/com.nxp.mcuxpresso.tools.macosx_11.9.1.202402080819/tools/bin/../lib/gcc/arm-none-eabi/12.3.1/../../../../arm-none-eabi/lib/thumb/v6-m/nofp/libcr_c.a(_cr_sbrk.o)
 .debug_ranges  0x00000fa8       0x10 /Applications/MCUXpressoIDE_11.9.1_2170/ide/plugins/com.nxp.mcuxpresso.tools.macosx_11.9.1.202402080819/tools/bin/../lib/gcc/arm-none-eabi/12.3.1/../../../../arm-none-eabi/lib/thumb/v6-m/nofp/libcr_c.a(_fdopen.o)
 .debug_ranges  0x00000fb8       0x10 /Applications/MCUXpressoIDE_11.9.1_2170/ide/plugins/com.nxp.mcuxpresso.tools.macosx_11.9.1.202402080819/tools/bin/../lib/gcc/arm-none-eabi/12.3.1/../../../../arm-none-eabi/lib/thumb/v6-m/nofp/libcr_c.a(fclose.o)
 .debug_ranges  0x00000fc8       0x28 /Applications/MCUXpressoIDE_11.9.1_2170/ide/plugins/com.nxp.mcuxpresso.tools.macosx_11.9.1.202402080819/tools/bin/../lib/gcc/arm-none-eabi/12.3.1/../../../../arm-none-eabi/lib/thumb/v6-m/nofp/libcr_c.a(fflush.o)
 .debug_ranges  0x00000ff0       0x18 /Applications/MCUXpressoIDE_11.9.1_2170/ide/plugins/com.nxp.mcuxpresso.tools.macosx_11.9.1.202402080819/tools/bin/../lib/gcc/arm-none-eabi/12.3.1/../../../../arm-none-eabi/lib/thumb/v6-m/nofp/libcr_c.a(remove.o)
 .debug_ranges  0x00001008       0x10 /Applications/MCUXpressoIDE_11.9.1_2170/ide/plugins/com.nxp.mcuxpresso.tools.macosx_11.9.1.202402080819/tools/bin/../lib/gcc/arm-none-eabi/12.3.1/../../../../arm-none-eabi/lib/thumb/v6-m/nofp/libcr_c.a(_cr_check_heap.o)
 .debug_ranges  0x00001018       0x28 /Applications/MCUXpressoIDE_11.9.1_2170/ide/plugins/com.nxp.mcuxpresso.tools.macosx_11.9.1.202402080819/tools/bin/../lib/gcc/arm-none-eabi/12.3.1/../../../../arm-none-eabi/lib/thumb/v6-m/nofp/libcr_c.a(_do_fflush.o)
 .debug_ranges  0x00001040      0x2d8 /Applications/MCUXpressoIDE_11.9.1_2170/ide/plugins/com.nxp.mcuxpresso.tools.macosx_11.9.1.202402080819/tools/bin/../lib/gcc/arm-none-eabi/12.3.1/thumb/v6-m/nofp/libcr_eabihelpers.a(double.o)

.debug_line     0x00000000     0xbe03
 .debug_line    0x00000000      0x187 ./utilities/fsl_debug_console.o
 .debug_line    0x00000187      0x440 ./utilities/fsl_io.o
 .debug_line    0x000005c7      0x331 ./utilities/fsl_log.o
 .debug_line    0x000008f8      0x310 ./startup/startup_mkl46z4.o
 .debug_line    0x00000c08      0x2fe ./source/ECE3140Lab2.o
 .debug_line    0x00000f06       0x4d ./source/ECE3140_lowlevel.o
 .debug_line    0x00000f53      0x2fb ./source/led.o
 .debug_line    0x0000124e       0x6e ./source/led_lowlevel.o
 .debug_line    0x000012bc      0x975 ./source/main.o
 .debug_line    0x00001c31     0x11b9 ./drivers/fsl_clock.o
 .debug_line    0x00002dea      0x6b5 ./drivers/fsl_dma.o
 .debug_line    0x0000349f      0x34d ./drivers/fsl_gpio.o
 .debug_line    0x000037ec     0x132f ./drivers/fsl_i2c.o
 .debug_line    0x00004b1b      0xd08 ./drivers/fsl_lpsci.o
 .debug_line    0x00005823      0xcfd ./drivers/fsl_uart.o
 .debug_line    0x00006520      0x206 ./board/src/board.o
 .debug_line    0x00006726      0x29b ./board/src/clock_config.o
 .debug_line    0x000069c1      0x25e ./board/pin_mux.o
 .debug_line    0x00006c1f      0x230 ./CMSIS/system_MKL46Z4.o
 .debug_line    0x00006e4f       0xcd /Applications/MCUXpressoIDE_11.9.1_2170/ide/plugins/com.nxp.mcuxpresso.tools.macosx_11.9.1.202402080819/tools/bin/../lib/gcc/arm-none-eabi/12.3.1/../../../../arm-none-eabi/lib/thumb/v6-m/nofp/libcr_semihost_nf.a(_cr__main.o)
 .debug_line    0x00006f1c      0x12a /Applications/MCUXpressoIDE_11.9.1_2170/ide/plugins/com.nxp.mcuxpresso.tools.macosx_11.9.1.202402080819/tools/bin/../lib/gcc/arm-none-eabi/12.3.1/../../../../arm-none-eabi/lib/thumb/v6-m/nofp/libcr_semihost_nf.a(_cr_assert.o)
 .debug_line    0x00007046       0xf2 /Applications/MCUXpressoIDE_11.9.1_2170/ide/plugins/com.nxp.mcuxpresso.tools.macosx_11.9.1.202402080819/tools/bin/../lib/gcc/arm-none-eabi/12.3.1/../../../../arm-none-eabi/lib/thumb/v6-m/nofp/libcr_semihost_nf.a(__ciob.o)
 .debug_line    0x00007138       0x82 /Applications/MCUXpressoIDE_11.9.1_2170/ide/plugins/com.nxp.mcuxpresso.tools.macosx_11.9.1.202402080819/tools/bin/../lib/gcc/arm-none-eabi/12.3.1/../../../../arm-none-eabi/lib/thumb/v6-m/nofp/libcr_c.a(memset.o)
 .debug_line    0x000071ba      0x305 /Applications/MCUXpressoIDE_11.9.1_2170/ide/plugins/com.nxp.mcuxpresso.tools.macosx_11.9.1.202402080819/tools/bin/../lib/gcc/arm-none-eabi/12.3.1/../../../../arm-none-eabi/lib/thumb/v6-m/nofp/libcr_c.a(_deferredlazyseek.o)
 .debug_line    0x000074bf      0x11f /Applications/MCUXpressoIDE_11.9.1_2170/ide/plugins/com.nxp.mcuxpresso.tools.macosx_11.9.1.202402080819/tools/bin/../lib/gcc/arm-none-eabi/12.3.1/../../../../arm-none-eabi/lib/thumb/v6-m/nofp/libcr_c.a(_fflush.o)
 .debug_line    0x000075de      0x139 /Applications/MCUXpressoIDE_11.9.1_2170/ide/plugins/com.nxp.mcuxpresso.tools.macosx_11.9.1.202402080819/tools/bin/../lib/gcc/arm-none-eabi/12.3.1/../../../../arm-none-eabi/lib/thumb/v6-m/nofp/libcr_c.a(_writebuf.o)
 .debug_line    0x00007717      0x3db /Applications/MCUXpressoIDE_11.9.1_2170/ide/plugins/com.nxp.mcuxpresso.tools.macosx_11.9.1.202402080819/tools/bin/../lib/gcc/arm-none-eabi/12.3.1/../../../../arm-none-eabi/lib/thumb/v6-m/nofp/libcr_c.a(alloc.o)
 .debug_line    0x00007af2       0xcb /Applications/MCUXpressoIDE_11.9.1_2170/ide/plugins/com.nxp.mcuxpresso.tools.macosx_11.9.1.202402080819/tools/bin/../lib/gcc/arm-none-eabi/12.3.1/../../../../arm-none-eabi/lib/thumb/v6-m/nofp/libcr_c.a(fputs.o)
 .debug_line    0x00007bbd      0x242 /Applications/MCUXpressoIDE_11.9.1_2170/ide/plugins/com.nxp.mcuxpresso.tools.macosx_11.9.1.202402080819/tools/bin/../lib/gcc/arm-none-eabi/12.3.1/../../../../arm-none-eabi/lib/thumb/v6-m/nofp/libcr_c.a(fseek.o)
 .debug_line    0x00007dff      0x10c /Applications/MCUXpressoIDE_11.9.1_2170/ide/plugins/com.nxp.mcuxpresso.tools.macosx_11.9.1.202402080819/tools/bin/../lib/gcc/arm-none-eabi/12.3.1/../../../../arm-none-eabi/lib/thumb/v6-m/nofp/libcr_c.a(ftell.o)
 .debug_line    0x00007f0b      0x126 /Applications/MCUXpressoIDE_11.9.1_2170/ide/plugins/com.nxp.mcuxpresso.tools.macosx_11.9.1.202402080819/tools/bin/../lib/gcc/arm-none-eabi/12.3.1/../../../../arm-none-eabi/lib/thumb/v6-m/nofp/libcr_c.a(initio.o)
 .debug_line    0x00008031      0xfc4 /Applications/MCUXpressoIDE_11.9.1_2170/ide/plugins/com.nxp.mcuxpresso.tools.macosx_11.9.1.202402080819/tools/bin/../lib/gcc/arm-none-eabi/12.3.1/../../../../arm-none-eabi/lib/thumb/v6-m/nofp/libcr_c.a(printf.o)
 .debug_line    0x00008ff5       0xf7 /Applications/MCUXpressoIDE_11.9.1_2170/ide/plugins/com.nxp.mcuxpresso.tools.macosx_11.9.1.202402080819/tools/bin/../lib/gcc/arm-none-eabi/12.3.1/../../../../arm-none-eabi/lib/thumb/v6-m/nofp/libcr_c.a(setvbuf.o)
 .debug_line    0x000090ec      0x181 /Applications/MCUXpressoIDE_11.9.1_2170/ide/plugins/com.nxp.mcuxpresso.tools.macosx_11.9.1.202402080819/tools/bin/../lib/gcc/arm-none-eabi/12.3.1/../../../../arm-none-eabi/lib/thumb/v6-m/nofp/libcr_c.a(sqrt.o)
 .debug_line    0x0000926d      0x385 /Applications/MCUXpressoIDE_11.9.1_2170/ide/plugins/com.nxp.mcuxpresso.tools.macosx_11.9.1.202402080819/tools/bin/../lib/gcc/arm-none-eabi/12.3.1/../../../../arm-none-eabi/lib/thumb/v6-m/nofp/libcr_c.a(stdlib.o)
 .debug_line    0x000095f2      0x11b /Applications/MCUXpressoIDE_11.9.1_2170/ide/plugins/com.nxp.mcuxpresso.tools.macosx_11.9.1.202402080819/tools/bin/../lib/gcc/arm-none-eabi/12.3.1/../../../../arm-none-eabi/lib/thumb/v6-m/nofp/libcr_c.a(strlen.o)
 .debug_line    0x0000970d       0x5f /Applications/MCUXpressoIDE_11.9.1_2170/ide/plugins/com.nxp.mcuxpresso.tools.macosx_11.9.1.202402080819/tools/bin/../lib/gcc/arm-none-eabi/12.3.1/../../../../arm-none-eabi/lib/thumb/v6-m/nofp/libcr_c.a(__init_alloc.o)
 .debug_line    0x0000976c      0x108 /Applications/MCUXpressoIDE_11.9.1_2170/ide/plugins/com.nxp.mcuxpresso.tools.macosx_11.9.1.202402080819/tools/bin/../lib/gcc/arm-none-eabi/12.3.1/../../../../arm-none-eabi/lib/thumb/v6-m/nofp/libcr_c.a(_cr_sbrk.o)
 .debug_line    0x00009874      0x15f /Applications/MCUXpressoIDE_11.9.1_2170/ide/plugins/com.nxp.mcuxpresso.tools.macosx_11.9.1.202402080819/tools/bin/../lib/gcc/arm-none-eabi/12.3.1/../../../../arm-none-eabi/lib/thumb/v6-m/nofp/libcr_c.a(_fdopen.o)
 .debug_line    0x000099d3       0x4e /Applications/MCUXpressoIDE_11.9.1_2170/ide/plugins/com.nxp.mcuxpresso.tools.macosx_11.9.1.202402080819/tools/bin/../lib/gcc/arm-none-eabi/12.3.1/../../../../arm-none-eabi/lib/thumb/v6-m/nofp/libcr_c.a(errno.o)
 .debug_line    0x00009a21      0x107 /Applications/MCUXpressoIDE_11.9.1_2170/ide/plugins/com.nxp.mcuxpresso.tools.macosx_11.9.1.202402080819/tools/bin/../lib/gcc/arm-none-eabi/12.3.1/../../../../arm-none-eabi/lib/thumb/v6-m/nofp/libcr_c.a(fclose.o)
 .debug_line    0x00009b28       0xcf /Applications/MCUXpressoIDE_11.9.1_2170/ide/plugins/com.nxp.mcuxpresso.tools.macosx_11.9.1.202402080819/tools/bin/../lib/gcc/arm-none-eabi/12.3.1/../../../../arm-none-eabi/lib/thumb/v6-m/nofp/libcr_c.a(fflush.o)
 .debug_line    0x00009bf7       0xe2 /Applications/MCUXpressoIDE_11.9.1_2170/ide/plugins/com.nxp.mcuxpresso.tools.macosx_11.9.1.202402080819/tools/bin/../lib/gcc/arm-none-eabi/12.3.1/../../../../arm-none-eabi/lib/thumb/v6-m/nofp/libcr_c.a(remove.o)
 .debug_line    0x00009cd9       0x61 /Applications/MCUXpressoIDE_11.9.1_2170/ide/plugins/com.nxp.mcuxpresso.tools.macosx_11.9.1.202402080819/tools/bin/../lib/gcc/arm-none-eabi/12.3.1/../../../../arm-none-eabi/lib/thumb/v6-m/nofp/libcr_c.a(_cr_check_heap.o)
 .debug_line    0x00009d3a      0x118 /Applications/MCUXpressoIDE_11.9.1_2170/ide/plugins/com.nxp.mcuxpresso.tools.macosx_11.9.1.202402080819/tools/bin/../lib/gcc/arm-none-eabi/12.3.1/../../../../arm-none-eabi/lib/thumb/v6-m/nofp/libcr_c.a(_do_fflush.o)
 .debug_line    0x00009e52     0x1fb1 /Applications/MCUXpressoIDE_11.9.1_2170/ide/plugins/com.nxp.mcuxpresso.tools.macosx_11.9.1.202402080819/tools/bin/../lib/gcc/arm-none-eabi/12.3.1/thumb/v6-m/nofp/libcr_eabihelpers.a(double.o)

.debug_str      0x00000000     0x5de4
 .debug_str     0x00000000      0x2c6 ./utilities/fsl_debug_console.o
                                0x30e (size before relaxing)
 .debug_str     0x000002c6      0xbac ./utilities/fsl_io.o